12-21 19:18:18.237 I/notification_cancel( 1087): [10100,2886,com.google.android.gms,115357,NULL,0,0,1088,8,NULL]
12-21 19:18:18.238 I/notification_cancel( 1087): [10100,2886,com.google.android.gms,115356,NULL,0,0,1088,8,NULL]
12-21 19:18:18.238 I/notification_cancel( 1087): [10100,2886,com.google.android.gms,115358,NULL,0,0,1088,8,NULL]
12-21 19:18:18.570 I/am_uid_running( 1087): 99003
12-21 19:18:18.582 I/am_proc_start( 1087): [0,12545,99003,com.google.android.webview:sandboxed_process0:org.chromium.content.app.SandboxedProcessService0:0,,{com.espn.score_center/org.chromium.content.app.SandboxedProcessService0:0}]
12-21 19:18:18.595 I/commit_sys_config_file( 1087): [jobs,12]
12-21 19:18:18.637 I/am_proc_bound( 1087): [0,12545,com.google.android.webview:sandboxed_process0:org.chromium.content.app.SandboxedProcessService0:0]
12-21 19:18:18.702 I/am_uid_running( 1087): 10189
12-21 19:18:18.725 I/am_proc_start( 1087): [0,12583,10189,com.google.android.webview:webview_service,service,{com.google.android.webview/org.chromium.android_webview.services.ComponentsProviderService}]
12-21 19:18:18.769 I/am_proc_bound( 1087): [0,12583,com.google.android.webview:webview_service]
12-21 19:18:18.961 I/dvm_lock_sample(12325): [com.disney.disneyplus,0,RxCachedThreadScheduler-12,433,DefaultAccessContextUpdater.kt,-1,io.reactivex.Single com.dss.sdk.internal.token.DefaultAccessContextUpdater.getOrUpdate(com.dss.sdk.internal.service.ServiceTransaction, boolean),-,7,com.dss.sdk.token.AccessContext com.dss.sdk.internal.token.DefaultAccessContextUpdater.updateDeviceOSIfNeeded(com.dss.sdk.internal.service.ServiceTransaction, com.dss.sdk.token.AccessContext),86]
12-21 19:18:18.961 I/dvm_lock_sample(12325): [com.disney.disneyplus,0,RxCachedThreadScheduler-2,434,DefaultAccessContextUpdater.kt,-1,io.reactivex.Single com.dss.sdk.internal.token.DefaultAccessContextUpdater.getOrUpdate(com.dss.sdk.internal.service.ServiceTransaction, boolean),-,7,com.dss.sdk.token.AccessContext com.dss.sdk.internal.token.DefaultAccessContextUpdater.updateDeviceOSIfNeeded(com.dss.sdk.internal.service.ServiceTransaction, com.dss.sdk.token.AccessContext),86]
12-21 19:18:18.963 I/dvm_lock_sample(12325): [com.disney.disneyplus,0,RxCachedThreadScheduler-14,428,DefaultAccessContextUpdater.kt,-1,io.reactivex.Single com.dss.sdk.internal.token.DefaultAccessContextUpdater.getOrUpdate(com.dss.sdk.internal.service.ServiceTransaction, boolean),-,7,com.dss.sdk.token.AccessContext com.dss.sdk.internal.token.DefaultAccessContextUpdater.updateDeviceOSIfNeeded(com.dss.sdk.internal.service.ServiceTransaction, com.dss.sdk.token.AccessContext),85]
12-21 19:18:18.963 I/dvm_lock_sample(12325): [com.disney.disneyplus,0,RxCachedThreadScheduler-15,425,DefaultAccessContextUpdater.kt,-1,io.reactivex.Single com.dss.sdk.internal.token.DefaultAccessContextUpdater.getOrUpdate(com.dss.sdk.internal.service.ServiceTransaction, boolean),-,7,com.dss.sdk.token.AccessContext com.dss.sdk.internal.token.DefaultAccessContextUpdater.updateDeviceOSIfNeeded(com.dss.sdk.internal.service.ServiceTransaction, com.dss.sdk.token.AccessContext),85]
12-21 19:18:18.963 I/dvm_lock_sample(12325): [com.disney.disneyplus,0,RxCachedThreadScheduler-3,424,DefaultAccessContextUpdater.kt,-1,io.reactivex.Single com.dss.sdk.internal.token.DefaultAccessContextUpdater.getOrUpdate(com.dss.sdk.internal.service.ServiceTransaction, boolean),-,7,com.dss.sdk.token.AccessContext com.dss.sdk.internal.token.DefaultAccessContextUpdater.updateDeviceOSIfNeeded(com.dss.sdk.internal.service.ServiceTransaction, com.dss.sdk.token.AccessContext),84]
12-21 19:18:19.459 I/am_uid_running( 1087): 10325
12-21 19:18:19.468 I/am_kill ( 1087): [0,11357,com.samsung.android.fast,999,empty #33]
12-21 19:18:19.469 I/am_kill ( 1087): [0,10851,com.samsung.android.bixby.wakeup,999,empty #34]
12-21 19:18:19.479 I/am_proc_start( 1087): [0,12753,10325,com.facebook.katana,broadcast,{com.facebook.katana/com.facebook.account.login.notification.LoginNotificationServiceScheduler}]
12-21 19:18:19.512 I/am_proc_bound( 1087): [0,12753,com.facebook.katana]
12-21 19:18:19.515 I/am_proc_died( 1087): [0,10851,com.samsung.android.bixby.wakeup,0,999,19,462,3999]
12-21 19:18:19.573 I/am_proc_died( 1087): [0,11357,com.samsung.android.fast,0,999,19,452,4000]
12-21 19:18:19.573 I/am_uid_stopped( 1087): 10086
12-21 19:18:19.712 I/power_partial_wake_state( 1087): [31,*job*/com.android.vending/com.google.android.finsky.scheduler.process.mainimpl.PhoneskyJobServiceMain:android]
12-21 19:18:19.863 I/dvm_lock_sample(12437): [com.espn.score_center,0,RxCachedThreadScheduler-3,838,DefaultAccessContextUpdater.kt,-1,io.reactivex.Single com.dss.sdk.internal.token.DefaultAccessContextUpdater.getOrUpdate(com.dss.sdk.internal.service.ServiceTransaction, boolean),-,7,com.dss.sdk.token.AccessContext com.dss.sdk.internal.token.DefaultAccessContextUpdater.updateDeviceOSIfNeeded(com.dss.sdk.internal.service.ServiceTransaction, com.dss.sdk.token.AccessContext),100]
12-21 19:18:19.866 I/dvm_lock_sample(12437): [com.espn.score_center,0,RxCachedThreadScheduler-5,804,DefaultAccessContextUpdater.kt,-1,io.reactivex.Single com.dss.sdk.internal.token.DefaultAccessContextUpdater.getOrUpdate(com.dss.sdk.internal.service.ServiceTransaction, boolean),-,7,com.dss.sdk.token.AccessContext com.dss.sdk.internal.token.DefaultAccessContextUpdater.updateDeviceOSIfNeeded(com.dss.sdk.internal.service.ServiceTransaction, com.dss.sdk.token.AccessContext),100]
12-21 19:18:19.875 I/dvm_lock_sample(12437): [com.espn.score_center,0,RxCachedThreadScheduler-6,805,DefaultAccessContextUpdater.kt,-1,io.reactivex.Single com.dss.sdk.internal.token.DefaultAccessContextUpdater.getOrUpdate(com.dss.sdk.internal.service.ServiceTransaction, boolean),-,7,com.dss.sdk.token.AccessContext com.dss.sdk.internal.token.DefaultAccessContextUpdater.updateDeviceOSIfNeeded(com.dss.sdk.internal.service.ServiceTransaction, com.dss.sdk.token.AccessContext),100]
12-21 19:18:19.876 I/dvm_lock_sample(12437): [com.espn.score_center,0,RxCachedThreadScheduler-2,812,DefaultAccessContextUpdater.kt,-1,io.reactivex.Single com.dss.sdk.internal.token.DefaultAccessContextUpdater.getOrUpdate(com.dss.sdk.internal.service.ServiceTransaction, boolean),-,7,com.dss.sdk.token.AccessContext com.dss.sdk.internal.token.DefaultAccessContextUpdater.updateDeviceOSIfNeeded(com.dss.sdk.internal.service.ServiceTransaction, com.dss.sdk.token.AccessContext),100]
12-21 19:18:19.881 I/dvm_lock_sample(12437): [com.espn.score_center,0,RxCachedThreadScheduler-8,351,DefaultAccessContextUpdater.kt,-1,io.reactivex.Single com.dss.sdk.internal.token.DefaultAccessContextUpdater.getOrUpdate(com.dss.sdk.internal.service.ServiceTransaction, boolean),-,7,com.dss.sdk.token.AccessContext com.dss.sdk.internal.token.DefaultAccessContextUpdater.updateDeviceOSIfNeeded(com.dss.sdk.internal.service.ServiceTransaction, com.dss.sdk.token.AccessContext),70]
12-21 19:18:19.881 I/dvm_lock_sample(12437): [com.espn.score_center,0,RxCachedThreadScheduler-7,817,DefaultAccessContextUpdater.kt,-1,io.reactivex.Single com.dss.sdk.internal.token.DefaultAccessContextUpdater.getOrUpdate(com.dss.sdk.internal.service.ServiceTransaction, boolean),-,7,com.dss.sdk.token.AccessContext com.dss.sdk.internal.token.DefaultAccessContextUpdater.updateDeviceOSIfNeeded(com.dss.sdk.internal.service.ServiceTransaction, com.dss.sdk.token.AccessContext),100]
12-21 19:18:19.919 I/am_uid_running( 1087): 10349
12-21 19:18:19.924 I/am_kill ( 1087): [0,11094,com.samsung.android.lool,999,empty #33]
12-21 19:18:19.940 I/am_proc_start( 1087): [0,12849,10349,com.gameloft.android.ANMP.GloftA9HM,broadcast,{com.gameloft.android.ANMP.GloftA9HM/com.gameloft.android.ANMP.GloftA9HM.PushNotification.LocalPushReceiver}]
12-21 19:18:19.965 I/am_proc_bound( 1087): [0,12849,com.gameloft.android.ANMP.GloftA9HM]
12-21 19:18:19.975 I/am_proc_died( 1087): [0,11094,com.samsung.android.lool,0,999,19,452,4000]
12-21 19:18:20.299 I/dvm_lock_sample(12753): [com.facebook.katana,0,AppInit5,258,,10867,boolean X.0X9.A09(android.os.StrictMode$ThreadPolicy, java.lang.String, java.lang.String, java.lang.String, int),-,11972,boolean X.0X9.A09(android.os.StrictMode$ThreadPolicy, java.lang.String, java.lang.String, java.lang.String, int),51]
12-21 19:18:20.467 I/netstats_mobile_sample( 1087): [0,0,0,0,0,0,0,0,0,0,0,0,1671617900602]
12-21 19:18:20.467 I/netstats_wifi_sample( 1087): [1743189,2006,404831,1647,1743189,2006,404831,1647,1742178,1987,404831,1647,1671617900602]
12-21 19:18:20.467 I/power_partial_wake_state( 1087): [28,NetworkStats:android]
12-21 19:18:20.660 I/dvm_lock_sample(12753): [com.facebook.katana,0,Thread-4,414,,21,java.lang.Object X.11K.A06(X.3Nh, java.lang.Object, int),-,81,java.lang.Object X.11K.A06(X.3Nh, java.lang.Object, int),82]
12-21 19:18:20.702 I/notification_cancel( 1087): [10075,1963,com.android.systemui,2,low_battery,-1,0,1088,8,NULL]
12-21 19:18:20.702 I/notification_cancel( 1087): [10075,1963,com.android.systemui,3,low_battery,-1,0,1088,8,NULL]
12-21 19:18:20.702 I/notification_cancel( 1087): [10075,1963,com.android.systemui,49,auto_saver,-1,0,1088,8,NULL]
12-21 19:18:20.863 I/am_uid_running( 1087): 10265
12-21 19:18:20.874 I/am_kill ( 1087): [0,11531,com.sec.android.app.soundalive,999,empty #33]
12-21 19:18:20.893 I/am_proc_start( 1087): [0,13080,10265,com.google.android.apps.docs,broadcast,{com.google.android.apps.docs/com.google.android.libraries.internal.growth.growthkit.inject.GrowthKitBootCompletedBroadcastReceiver}]
12-21 19:18:20.911 I/am_proc_bound( 1087): [0,13080,com.google.android.apps.docs]
12-21 19:18:21.045 I/am_proc_died( 1087): [0,11531,com.sec.android.app.soundalive,0,999,19,401,3992]
12-21 19:18:21.046 I/am_uid_stopped( 1087): 10141
12-21 19:18:21.061 I/notification_cancel( 1087): [10333,12437,com.espn.score_center,10436,NULL,0,0,1088,8,NULL]
12-21 19:18:21.073 I/service_manager_slow(12753): [53,isub]
12-21 19:18:21.635 I/notification_cancel( 1087): [1000,1087,android,37,AccountManagerService:37:1575116973,0,0,0,8,NULL]
12-21 19:18:21.636 I/notification_cancel( 1087): [1000,1087,android,37,AccountManagerService:37:1575116973,0,0,0,8,NULL]
12-21 19:18:21.697 I/commit_sys_config_file( 1087): [package-user-0,10]
12-21 19:18:21.717 I/commit_sys_config_file( 1087): [notification-policy,16]
12-21 19:18:21.740 I/power_partial_wake_state( 1087): [14,*job*/com.google.android.apps.docs/com.google.android.libraries.internal.growth.growthkit.internal.jobs.impl.GrowthKitJobService:android]
12-21 19:18:21.792 I/power_partial_wake_state( 1087): [28,*job*/com.google.android.apps.docs/com.google.android.libraries.internal.growth.growthkit.internal.jobs.impl.GrowthKitJobService:android]
12-21 19:18:21.841 I/power_partial_wake_state( 1087): [33,*job*/com.google.android.apps.docs/com.google.android.libraries.notifications.entrypoints.scheduled.ScheduledTaskService:android]
12-21 19:18:21.872 I/service_manager_stats( 1087): [100,80,17142]
12-21 19:18:21.982 I/power_partial_wake_state( 1087): [231,ChimeExecutorApi::com.google.android.apps.docs:com.google.android.apps.docs]
12-21 19:18:22.004 I/am_uid_running( 1087): 10275
12-21 19:18:22.028 I/commit_sys_config_file( 1087): [package-user-0,9]
12-21 19:18:22.028 I/am_proc_start( 1087): [0,13195,10275,com.google.android.apps.photos,broadcast,{com.google.android.apps.photos/com.google.android.apps.photos.actionqueue.impl.SystemReceiver}]
12-21 19:18:22.061 I/am_proc_bound( 1087): [0,13195,com.google.android.apps.photos]
12-21 19:18:22.512 I/power_partial_wake_state( 1087): [640,*job*/com.google.android.apps.docs/com.google.android.libraries.notifications.entrypoints.scheduled.ScheduledTaskService:android]
12-21 19:18:22.528 I/power_partial_wake_state( 1087): [806,*job*/com.google.android.apps.docs/com.google.android.libraries.internal.growth.growthkit.internal.jobs.impl.GrowthKitJobService:android]
12-21 19:18:22.558 I/am_kill ( 1087): [0,11599,com.samsung.android.service.tagservice,999,empty #33]
12-21 19:18:22.583 I/am_proc_died( 1087): [0,11599,com.samsung.android.service.tagservice,0,999,19,432,3982]
12-21 19:18:22.584 I/am_uid_stopped( 1087): 10096
12-21 19:18:22.754 I/power_partial_wake_state( 1087): [26,*job*/com.google.android.apps.photos/com.google.android.libraries.notifications.entrypoints.scheduled.ScheduledTaskService:android]
12-21 19:18:22.763 I/power_partial_wake_state( 1087): [68,ChimeExecutorApi::com.google.android.apps.photos:com.google.android.apps.photos]
12-21 19:18:22.815 I/am_uid_running( 1087): 10324
12-21 19:18:22.831 I/am_proc_start( 1087): [0,13265,10324,com.google.android.apps.youtube.music,broadcast,{com.google.android.apps.youtube.music/androidx.work.impl.background.systemalarm.RescheduleReceiver}]
12-21 19:18:22.853 I/power_partial_wake_state( 1087): [40,*job*/com.google.android.apps.photos/.jobqueue.PhotosJobQueueJobsService:android]
12-21 19:18:22.864 I/power_partial_wake_state( 1087): [49,*job*/com.google.android.apps.photos/.jobqueue.PhotosOfflineJobQueueJobsService:android]
12-21 19:18:22.871 I/am_proc_bound( 1087): [0,13265,com.google.android.apps.youtube.music]
12-21 19:18:22.887 I/power_partial_wake_state( 1087): [178,*job*/com.google.android.apps.photos/androidx.work.impl.background.systemjob.SystemJobService:android]
12-21 19:18:23.352 I/am_uid_running( 1087): 10276
12-21 19:18:23.355 I/power_partial_wake_state( 1087): [3,Wakeful StateMachine: GeofencerStateMachine:com.google.android.gms]
12-21 19:18:23.361 I/am_kill ( 1087): [0,11627,com.samsung.android.app.notes,999,empty #33]
12-21 19:18:23.368 I/am_proc_start( 1087): [0,13381,10276,com.google.android.videos,broadcast,{com.google.android.videos/com.google.android.libraries.internal.growth.growthkit.inject.GrowthKitBootCompletedBroadcastReceiver}]
12-21 19:18:23.374 I/power_partial_wake_state( 1087): [101,CMWakeLock:com.google.android.gms]
12-21 19:18:23.376 I/power_partial_wake_state( 1087): [2,Wakeful StateMachine: GeofencerStateMachine:com.google.android.gms]
12-21 19:18:23.396 I/am_proc_bound( 1087): [0,13381,com.google.android.videos]
12-21 19:18:23.414 I/am_proc_died( 1087): [0,11627,com.samsung.android.app.notes,0,999,19,407,3992]
12-21 19:18:23.414 I/am_uid_stopped( 1087): 10237
12-21 19:18:23.569 I/am_kill ( 1087): [0,11660,com.samsung.android.timezone.updater,999,empty #33]
12-21 19:18:23.591 I/am_proc_died( 1087): [0,11660,com.samsung.android.timezone.updater,0,999,19,375,4027]
12-21 19:18:23.592 I/am_uid_stopped( 1087): 10125
12-21 19:18:23.715 I/register_audio_device_callback(13265): 13265
12-21 19:18:23.753 I/notification_cancel_all( 1087): [1000,1087,com.google.android.apps.youtube.music,0,0,0,17,NULL]
12-21 19:18:23.787 I/commit_sys_config_file( 1087): [notification-policy,33]
12-21 19:18:23.831 I/commit_sys_config_file( 1087): [jobs,5]
12-21 19:18:23.960 I/power_partial_wake_state( 1087): [108,BackgroundTaskService-SyncAcctsForLoginTask:com.google.android.apps.photos]
12-21 19:18:23.965 I/power_partial_wake_state( 1087): [134,*job*/com.google.android.apps.photos/.account.full.SyncAccountsForLoginService:android]
12-21 19:18:24.017 I/power_partial_wake_state( 1087): [9,*job*/com.google.android.videos/com.google.android.libraries.internal.growth.growthkit.internal.jobs.impl.GrowthKitJobService:android]
12-21 19:18:24.040 I/power_partial_wake_state( 1087): [63,*job*/com.google.android.apps.youtube.music/androidx.work.impl.background.systemjob.SystemJobService:android]
12-21 19:18:24.049 I/power_partial_wake_state( 1087): [102,*job*/com.google.android.videos/androidx.work.impl.background.systemjob.SystemJobService:android]
12-21 19:18:24.120 I/power_partial_wake_state( 1087): [33,*job*/com.google.android.videos/com.google.android.libraries.internal.growth.growthkit.internal.jobs.impl.GrowthKitJobService:android]
12-21 19:18:24.130 I/power_partial_wake_state( 1087): [137,ChimeExecutorApi::com.google.android.videos:com.google.android.videos]
12-21 19:18:24.174 I/am_uid_running( 1087): 10351
12-21 19:18:24.183 I/power_partial_wake_state( 1087): [97,*job*/com.google.android.videos/com.google.android.libraries.internal.growth.growthkit.internal.jobs.impl.GrowthKitJobService:android]
12-21 19:18:24.199 I/am_proc_start( 1087): [0,13517,10351,com.inditex.zara,broadcast,{com.inditex.zara/com.optimizely.ab.android.datafile_handler.DatafileRescheduler}]
12-21 19:18:24.202 I/notification_cancel( 1087): [1000,1087,android,37,AccountManagerService:37:1575116973,0,0,0,8,NULL]
12-21 19:18:24.221 I/power_partial_wake_state( 1087): [370,*job*/com.google.android.apps.youtube.music/androidx.work.impl.background.systemjob.SystemJobService:android]
12-21 19:18:24.237 I/notification_cancel( 1087): [10100,2886,com.google.android.gms,0,com.google.android.gms.auth.TokenNotificationManager:99c97bb522177575aa9f865676a78d2b:com.google,0,0,1088,8,NULL]
12-21 19:18:24.240 I/am_proc_bound( 1087): [0,13517,com.inditex.zara]
12-21 19:18:24.242 I/power_partial_wake_state( 1087): [7,*job*/com.google.android.videos/androidx.work.impl.background.systemjob.SystemJobService:android]
12-21 19:18:24.917 I/power_partial_wake_state( 1087): [881,*job*/com.google.android.videos/com.google.android.libraries.internal.growth.growthkit.internal.jobs.impl.GrowthKitJobService:android]
12-21 19:18:25.119 I/am_uid_running( 1087): 10308
12-21 19:18:25.127 I/am_kill ( 1087): [0,11449,com.samsung.android.scs,999,empty #33]
12-21 19:18:25.132 I/am_kill ( 1087): [0,11683,com.samsung.klmsagent,999,empty #34]
12-21 19:18:25.141 I/am_proc_start( 1087): [0,13618,10308,com.instagram.android,broadcast,{com.instagram.android/com.instagram.notifications.local.LocalNotificationBootReceiver}]
12-21 19:18:25.189 I/am_proc_died( 1087): [0,11449,com.samsung.android.scs,0,999,19,304,4077]
12-21 19:18:25.189 I/am_uid_stopped( 1087): 10120
12-21 19:18:25.193 I/am_proc_bound( 1087): [0,13618,com.instagram.android]
12-21 19:18:25.201 I/am_proc_died( 1087): [0,11683,com.samsung.klmsagent,0,999,19,304,4077]
12-21 19:18:25.202 I/am_uid_stopped( 1087): 10101
12-21 19:18:25.229 I/power_partial_wake_state( 1087): [69,*job*/com.inditex.zara/androidx.work.impl.background.systemjob.SystemJobService:android]
12-21 19:18:26.308 I/commit_sys_config_file( 1087): [package-user-0,19]
12-21 19:18:26.358 I/commit_sys_config_file( 1087): [notification-policy,19]
12-21 19:18:26.382 I/commit_sys_config_file( 1087): [notification-policy,22]
12-21 19:18:26.402 I/commit_sys_config_file( 1087): [notification-policy,20]
12-21 19:18:26.432 I/am_kill ( 1087): [0,11711,com.sec.android.app.billing,999,empty #33]
12-21 19:18:26.472 I/am_proc_died( 1087): [0,11711,com.sec.android.app.billing,0,999,19,221,4117]
12-21 19:18:26.473 I/am_uid_stopped( 1087): 10116
12-21 19:18:26.477 I/am_proc_start( 1087): [0,13763,10308,com.instagram.android:fwkstartlog,service,{com.instagram.android/com.facebook.analytics.appstatelogger.AppStateIntentService}]
12-21 19:18:26.510 I/am_proc_bound( 1087): [0,13763,com.instagram.android:fwkstartlog]
12-21 19:18:26.536 I/am_uid_running( 1087): 10269
12-21 19:18:26.549 I/am_kill ( 1087): [0,11773,com.sec.android.app.bluetoothtest,999,empty #33]
12-21 19:18:26.552 I/am_proc_start( 1087): [0,13786,10269,com.microsoft.office.word,broadcast,{com.microsoft.office.word/com.microsoft.office.BackgroundTaskHost.SystemBroadcastReceiver}]
12-21 19:18:26.571 I/am_proc_died( 1087): [0,11773,com.sec.android.app.bluetoothtest,0,999,19,222,4104]
12-21 19:18:26.582 I/am_proc_bound( 1087): [0,13786,com.microsoft.office.word]
12-21 19:18:26.684 I/power_partial_wake_state( 1087): [2998,AudioMix:audioserver]
12-21 19:18:26.692 I/power_partial_wake_state( 1087): [3006,AudioMix:audioserver]
12-21 19:18:26.693 I/power_partial_wake_state( 1087): [3006,AudioMix:audioserver]
12-21 19:18:26.694 I/power_partial_wake_state( 1087): [3006,AudioMix:audioserver]
12-21 19:18:26.698 I/power_partial_wake_state( 1087): [45,*job*/com.instagram.android/com.facebook.analytics.appstatelogger.AppStateIntentService:android]
12-21 19:18:26.716 I/am_kill ( 1087): [0,11842,com.sec.android.app.clockpackage,999,empty #33]
12-21 19:18:26.771 I/am_proc_died( 1087): [0,11842,com.sec.android.app.clockpackage,0,999,19,213,4096]
12-21 19:18:26.772 I/am_uid_stopped( 1087): 10225
12-21 19:18:26.935 I/am_kill ( 1087): [0,10256,com.samsung.android.app.routines:RoutineUIProcess,999,empty #33]
12-21 19:18:26.945 I/am_proc_start( 1087): [0,13862,10299,com.samsung.android.email.provider:gateway,broadcast,{com.samsung.android.email.provider/com.samsung.android.email.controller.ExternalBroadcastGateway}]
12-21 19:18:26.982 I/am_proc_died( 1087): [0,10256,com.samsung.android.app.routines:RoutineUIProcess,0,999,19,213,4092]
12-21 19:18:26.991 I/am_proc_bound( 1087): [0,13862,com.samsung.android.email.provider:gateway]
12-21 19:18:27.116 I/am_uid_running( 1087): 10280
12-21 19:18:27.122 I/am_kill ( 1087): [0,10146,com.samsung.android.app.routines,999,empty #33]
12-21 19:18:27.138 I/am_proc_start( 1087): [0,13895,10280,com.samsung.android.voc,broadcast,{com.samsung.android.voc/com.samsung.android.sdk.smp.SmpReceiver}]
12-21 19:18:27.192 I/am_proc_died( 1087): [0,10146,com.samsung.android.app.routines,0,999,19,224,4078]
12-21 19:18:27.206 I/am_proc_bound( 1087): [0,13895,com.samsung.android.voc]
12-21 19:18:27.206 I/notification_cancel( 1087): [10299,10262,com.samsung.android.email.provider,-251658240,NULL,0,0,1088,8,NULL]
12-21 19:18:27.208 I/notification_cancel( 1087): [10299,10262,com.samsung.android.email.provider,553648128,NULL,0,0,1088,8,NULL]
12-21 19:18:27.219 I/am_kill ( 1087): [0,10373,com.samsung.android.rubin.app,999,empty #33]
12-21 19:18:27.245 I/power_partial_wake_state( 1087): [44,SamsungEmail:com.samsung.android.email.provider]
12-21 19:18:27.345 I/am_proc_died( 1087): [0,10373,com.samsung.android.rubin.app,0,999,19,235,4079]
12-21 19:18:27.346 I/am_uid_stopped( 1087): 5010
12-21 19:18:27.476 I/notification_cancel_all( 1087): [1000,1087,com.samsung.android.voc,0,0,0,17,NULL]
12-21 19:18:27.478 I/notification_cancel_all( 1087): [1000,1087,com.samsung.android.voc,0,0,0,17,NULL]
12-21 19:18:27.478 I/notification_cancel_all( 1087): [1000,1087,com.samsung.android.voc,0,0,0,17,NULL]
12-21 19:18:27.480 I/storage_state( 1087): [41217664-9172-527a-b3d5-edabb50a7d69,0,0,218797813760,246046109696]
12-21 19:18:27.491 I/am_uid_running( 1087): 10263
12-21 19:18:27.500 I/notification_cancel_all( 1087): [1000,1087,com.samsung.android.voc,0,0,0,17,NULL]
12-21 19:18:27.501 I/notification_cancel_all( 1087): [1000,1087,com.samsung.android.voc,0,0,0,17,NULL]
12-21 19:18:27.502 I/notification_cancel_all( 1087): [1000,1087,com.samsung.android.voc,0,0,0,17,NULL]
12-21 19:18:27.506 I/commit_sys_config_file( 1087): [notification-policy,30]
12-21 19:18:27.512 I/am_proc_start( 1087): [0,13962,10263,com.samsung.sree,broadcast,{com.samsung.sree/com.samsung.sree.lockscreen.LockscreenService$BootReceiver}]
12-21 19:18:27.538 I/commit_sys_config_file( 1087): [notification-policy,32]
12-21 19:18:27.546 I/am_proc_bound( 1087): [0,13962,com.samsung.sree]
12-21 19:18:27.548 I/power_partial_wake_state( 1087): [48,*job*/com.samsung.android.voc/com.samsung.android.sdk.smp.SmpJobService:android]
12-21 19:18:27.559 I/am_kill ( 1087): [0,11883,com.sec.android.app.myfiles,999,empty #33]
12-21 19:18:27.592 I/am_proc_died( 1087): [0,11883,com.sec.android.app.myfiles,0,999,19,237,4081]
12-21 19:18:27.595 I/am_uid_stopped( 1087): 10131
12-21 19:18:27.645 I/pm_critical_info( 1087): !@Start postBootUpdate
12-21 19:18:27.654 I/power_partial_wake_state( 1087): [6,*dexopt*:android]
12-21 19:18:27.659 I/power_partial_wake_state( 1087): [4,*dexopt*:android]
12-21 19:18:27.663 I/power_partial_wake_state( 1087): [3,*dexopt*:android]
12-21 19:18:27.666 I/power_partial_wake_state( 1087): [4,*dexopt*:android]
12-21 19:18:27.677 I/power_partial_wake_state( 1087): [10,*dexopt*:android]
12-21 19:18:27.683 I/power_partial_wake_state( 1087): [5,*dexopt*:android]
12-21 19:18:27.687 I/power_partial_wake_state( 1087): [3,*dexopt*:android]
12-21 19:18:27.689 I/power_partial_wake_state( 1087): [2,*dexopt*:android]
12-21 19:18:27.694 I/power_partial_wake_state( 1087): [4,*dexopt*:android]
12-21 19:18:27.703 I/power_partial_wake_state( 1087): [8,*dexopt*:android]
12-21 19:18:27.708 I/power_partial_wake_state( 1087): [3,*dexopt*:android]
12-21 19:18:27.711 I/power_partial_wake_state( 1087): [2,*dexopt*:android]
12-21 19:18:27.713 I/power_partial_wake_state( 1087): [2,*dexopt*:android]
12-21 19:18:27.723 I/power_partial_wake_state( 1087): [9,*dexopt*:android]
12-21 19:18:27.728 I/power_partial_wake_state( 1087): [4,*dexopt*:android]
12-21 19:18:27.730 I/power_partial_wake_state( 1087): [2,*dexopt*:android]
12-21 19:18:27.750 I/power_partial_wake_state( 1087): [20,*dexopt*:android]
12-21 19:18:27.754 I/power_partial_wake_state( 1087): [4,*dexopt*:android]
12-21 19:18:27.756 I/power_partial_wake_state( 1087): [1,*dexopt*:android]
12-21 19:18:27.758 I/power_partial_wake_state( 1087): [2,*dexopt*:android]
12-21 19:18:27.763 I/power_partial_wake_state( 1087): [5,*dexopt*:android]
12-21 19:18:27.768 I/power_partial_wake_state( 1087): [4,*dexopt*:android]
12-21 19:18:27.776 I/power_partial_wake_state( 1087): [7,*dexopt*:android]
12-21 19:18:27.779 I/power_partial_wake_state( 1087): [2,*dexopt*:android]
12-21 19:18:27.780 I/power_partial_wake_state( 1087): [1,*dexopt*:android]
12-21 19:18:27.783 I/power_partial_wake_state( 1087): [3,*dexopt*:android]
12-21 19:18:27.784 I/power_partial_wake_state( 1087): [1,*dexopt*:android]
12-21 19:18:27.786 I/power_partial_wake_state( 1087): [1,*dexopt*:android]
12-21 19:18:27.787 I/power_partial_wake_state( 1087): [2,*dexopt*:android]
12-21 19:18:27.792 I/power_partial_wake_state( 1087): [4,*dexopt*:android]
12-21 19:18:27.795 I/power_partial_wake_state( 1087): [2,*dexopt*:android]
12-21 19:18:27.796 I/power_partial_wake_state( 1087): [1,*dexopt*:android]
12-21 19:18:27.798 I/power_partial_wake_state( 1087): [1,*dexopt*:android]
12-21 19:18:27.799 I/power_partial_wake_state( 1087): [1,*dexopt*:android]
12-21 19:18:27.804 I/power_partial_wake_state( 1087): [5,*dexopt*:android]
12-21 19:18:27.805 I/power_partial_wake_state( 1087): [1,*dexopt*:android]
12-21 19:18:27.809 I/power_partial_wake_state( 1087): [4,*dexopt*:android]
12-21 19:18:27.814 I/power_partial_wake_state( 1087): [4,*dexopt*:android]
12-21 19:18:27.828 I/power_partial_wake_state( 1087): [14,*dexopt*:android]
12-21 19:18:27.829 I/power_partial_wake_state( 1087): [0,*dexopt*:android]
12-21 19:18:27.837 I/power_partial_wake_state( 1087): [8,*dexopt*:android]
12-21 19:18:27.839 I/power_partial_wake_state( 1087): [1,*dexopt*:android]
12-21 19:18:27.842 I/power_partial_wake_state( 1087): [2,*dexopt*:android]
12-21 19:18:27.843 I/power_partial_wake_state( 1087): [1,*dexopt*:android]
12-21 19:18:27.844 I/power_partial_wake_state( 1087): [1,*dexopt*:android]
12-21 19:18:27.845 I/power_partial_wake_state( 1087): [0,*dexopt*:android]
12-21 19:18:27.846 I/power_partial_wake_state( 1087): [0,*dexopt*:android]
12-21 19:18:27.849 I/power_partial_wake_state( 1087): [2,*dexopt*:android]
12-21 19:18:27.853 I/power_partial_wake_state( 1087): [4,*dexopt*:android]
12-21 19:18:27.854 I/power_partial_wake_state( 1087): [1,*dexopt*:android]
12-21 19:18:27.857 I/power_partial_wake_state( 1087): [3,*dexopt*:android]
12-21 19:18:27.858 I/power_partial_wake_state( 1087): [1,*dexopt*:android]
12-21 19:18:27.860 I/power_partial_wake_state( 1087): [2,*dexopt*:android]
12-21 19:18:27.862 I/power_partial_wake_state( 1087): [2,*dexopt*:android]
12-21 19:18:27.863 I/power_partial_wake_state( 1087): [2,*dexopt*:android]
12-21 19:18:27.864 I/power_partial_wake_state( 1087): [1,*dexopt*:android]
12-21 19:18:27.868 I/power_partial_wake_state( 1087): [3,*dexopt*:android]
12-21 19:18:27.871 I/power_partial_wake_state( 1087): [3,*dexopt*:android]
12-21 19:18:27.876 I/power_partial_wake_state( 1087): [4,*dexopt*:android]
12-21 19:18:27.877 I/power_partial_wake_state( 1087): [1,*dexopt*:android]
12-21 19:18:27.880 I/power_partial_wake_state( 1087): [3,*dexopt*:android]
12-21 19:18:27.883 I/power_partial_wake_state( 1087): [3,*dexopt*:android]
12-21 19:18:27.887 I/power_partial_wake_state( 1087): [4,*dexopt*:android]
12-21 19:18:27.889 I/power_partial_wake_state( 1087): [1,*dexopt*:android]
12-21 19:18:27.890 I/power_partial_wake_state( 1087): [2,*dexopt*:android]
12-21 19:18:27.893 I/power_partial_wake_state( 1087): [2,*dexopt*:android]
12-21 19:18:27.895 I/power_partial_wake_state( 1087): [2,*dexopt*:android]
12-21 19:18:27.898 I/power_partial_wake_state( 1087): [3,*dexopt*:android]
12-21 19:18:27.899 I/power_partial_wake_state( 1087): [0,*dexopt*:android]
12-21 19:18:27.905 I/power_partial_wake_state( 1087): [5,*dexopt*:android]
12-21 19:18:27.907 I/power_partial_wake_state( 1087): [2,*dexopt*:android]
12-21 19:18:27.908 I/power_partial_wake_state( 1087): [1,*dexopt*:android]
12-21 19:18:27.909 I/power_partial_wake_state( 1087): [0,*dexopt*:android]
12-21 19:18:27.912 I/power_partial_wake_state( 1087): [2,*dexopt*:android]
12-21 19:18:27.913 I/power_partial_wake_state( 1087): [1,*dexopt*:android]
12-21 19:18:27.916 I/power_partial_wake_state( 1087): [3,*dexopt*:android]
12-21 19:18:27.918 I/power_partial_wake_state( 1087): [1,*dexopt*:android]
12-21 19:18:27.923 I/power_partial_wake_state( 1087): [5,*dexopt*:android]
12-21 19:18:27.927 I/power_partial_wake_state( 1087): [3,*dexopt*:android]
12-21 19:18:27.934 I/power_partial_wake_state( 1087): [7,*dexopt*:android]
12-21 19:18:27.936 I/power_partial_wake_state( 1087): [1,*dexopt*:android]
12-21 19:18:27.940 I/power_partial_wake_state( 1087): [4,*dexopt*:android]
12-21 19:18:27.942 I/power_partial_wake_state( 1087): [1,*dexopt*:android]
12-21 19:18:27.942 I/am_uid_running( 1087): 10083
12-21 19:18:27.951 I/power_partial_wake_state( 1087): [6,*dexopt*:android]
12-21 19:18:27.952 I/power_partial_wake_state( 1087): [1,*dexopt*:android]
12-21 19:18:27.954 I/power_partial_wake_state( 1087): [2,*dexopt*:android]
12-21 19:18:27.957 I/power_partial_wake_state( 1087): [2,*dexopt*:android]
12-21 19:18:27.959 I/power_partial_wake_state( 1087): [1,*dexopt*:android]
12-21 19:18:27.960 I/am_proc_start( 1087): [0,14033,10083,com.samsung.android.dynamiclock,content provider,{com.samsung.android.dynamiclock/com.samsung.android.dynamiclock.data.provider.DynamicLockProvider}]
12-21 19:18:27.961 I/power_partial_wake_state( 1087): [1,*dexopt*:android]
12-21 19:18:27.983 I/power_partial_wake_state( 1087): [21,*dexopt*:android]
12-21 19:18:27.987 I/power_partial_wake_state( 1087): [3,*dexopt*:android]
12-21 19:18:27.987 I/am_proc_bound( 1087): [0,14033,com.samsung.android.dynamiclock]
12-21 19:18:27.988 I/power_partial_wake_state( 1087): [1,*dexopt*:android]
12-21 19:18:27.995 I/power_partial_wake_state( 1087): [4,*dexopt*:android]
12-21 19:18:28.000 I/power_partial_wake_state( 1087): [4,*dexopt*:android]
12-21 19:18:28.003 I/power_partial_wake_state( 1087): [3,*dexopt*:android]
12-21 19:18:28.011 I/power_partial_wake_state( 1087): [7,*dexopt*:android]
12-21 19:18:28.012 I/power_partial_wake_state( 1087): [0,*dexopt*:android]
12-21 19:18:28.014 I/power_partial_wake_state( 1087): [1,*dexopt*:android]
12-21 19:18:28.018 I/power_partial_wake_state( 1087): [4,*dexopt*:android]
12-21 19:18:28.023 I/power_partial_wake_state( 1087): [5,*dexopt*:android]
12-21 19:18:28.028 I/power_partial_wake_state( 1087): [4,*dexopt*:android]
12-21 19:18:28.033 I/power_partial_wake_state( 1087): [5,*dexopt*:android]
12-21 19:18:28.037 I/power_partial_wake_state( 1087): [3,*dexopt*:android]
12-21 19:18:28.038 I/power_partial_wake_state( 1087): [1,*dexopt*:android]
12-21 19:18:28.050 I/power_partial_wake_state( 1087): [12,*dexopt*:android]
12-21 19:18:28.061 I/power_partial_wake_state( 1087): [11,*dexopt*:android]
12-21 19:18:28.062 I/power_partial_wake_state( 1087): [1,*dexopt*:android]
12-21 19:18:28.066 I/power_partial_wake_state( 1087): [4,*dexopt*:android]
12-21 19:18:28.071 I/power_partial_wake_state( 1087): [4,*dexopt*:android]
12-21 19:18:28.076 I/power_partial_wake_state( 1087): [4,*dexopt*:android]
12-21 19:18:28.081 I/power_partial_wake_state( 1087): [4,*dexopt*:android]
12-21 19:18:28.105 I/power_partial_wake_state( 1087): [1,*dexopt*:android]
12-21 19:18:28.107 I/power_partial_wake_state( 1087): [2,*dexopt*:android]
12-21 19:18:28.111 I/power_partial_wake_state( 1087): [4,*dexopt*:android]
12-21 19:18:28.113 I/power_partial_wake_state( 1087): [1,*dexopt*:android]
12-21 19:18:28.119 I/power_partial_wake_state( 1087): [6,*dexopt*:android]
12-21 19:18:28.123 I/power_partial_wake_state( 1087): [4,*dexopt*:android]
12-21 19:18:28.127 I/power_partial_wake_state( 1087): [4,*dexopt*:android]
12-21 19:18:28.131 I/power_partial_wake_state( 1087): [4,*dexopt*:android]
12-21 19:18:28.133 I/power_partial_wake_state( 1087): [2,*dexopt*:android]
12-21 19:18:28.134 I/power_partial_wake_state( 1087): [0,*dexopt*:android]
12-21 19:18:28.135 I/power_partial_wake_state( 1087): [1,*dexopt*:android]
12-21 19:18:28.141 I/power_partial_wake_state( 1087): [5,*dexopt*:android]
12-21 19:18:28.142 I/power_partial_wake_state( 1087): [1,*dexopt*:android]
12-21 19:18:28.151 I/power_partial_wake_state( 1087): [8,*dexopt*:android]
12-21 19:18:28.156 I/power_partial_wake_state( 1087): [5,*dexopt*:android]
12-21 19:18:28.158 I/power_partial_wake_state( 1087): [1,*dexopt*:android]
12-21 19:18:28.158 I/power_partial_wake_state( 1087): [0,*dexopt*:android]
12-21 19:18:28.160 I/power_partial_wake_state( 1087): [1,*dexopt*:android]
12-21 19:18:28.164 I/power_partial_wake_state( 1087): [4,*dexopt*:android]
12-21 19:18:28.169 I/power_partial_wake_state( 1087): [5,*dexopt*:android]
12-21 19:18:28.177 I/am_uid_running( 1087): 10286
12-21 19:18:28.178 I/power_partial_wake_state( 1087): [4,*dexopt*:android]
12-21 19:18:28.182 I/am_kill ( 1087): [0,12007,com.sec.android.gallery3d,999,empty #33]
12-21 19:18:28.183 I/am_kill ( 1087): [0,11965,com.sec.android.daemonapp,999,empty #34]
12-21 19:18:28.184 I/power_partial_wake_state( 1087): [376,wake:com.google.firebase.messaging:com.samsung.sree(disabled)]
12-21 19:18:28.185 I/power_partial_wake_state( 1087): [1,*dexopt*:android]
12-21 19:18:28.188 I/power_partial_wake_state( 1087): [2,*dexopt*:android]
12-21 19:18:28.194 I/am_proc_start( 1087): [0,14078,10286,com.samsungpop.android.mpop,broadcast,{com.samsungpop.android.mpop/com.samsungpop.phonelib.SSBroadcastReceiver}]
12-21 19:18:28.197 I/power_partial_wake_state( 1087): [9,*dexopt*:android]
12-21 19:18:28.198 I/power_partial_wake_state( 1087): [1,*dexopt*:android]
12-21 19:18:28.200 I/power_partial_wake_state( 1087): [1,*dexopt*:android]
12-21 19:18:28.202 I/power_partial_wake_state( 1087): [1,*dexopt*:android]
12-21 19:18:28.204 I/power_partial_wake_state( 1087): [1,*dexopt*:android]
12-21 19:18:28.208 I/power_partial_wake_state( 1087): [4,*dexopt*:android]
12-21 19:18:28.211 I/power_partial_wake_state( 1087): [3,*dexopt*:android]
12-21 19:18:28.212 I/power_partial_wake_state( 1087): [1,*dexopt*:android]
12-21 19:18:28.215 I/power_partial_wake_state( 1087): [2,*dexopt*:android]
12-21 19:18:28.218 I/power_partial_wake_state( 1087): [3,*dexopt*:android]
12-21 19:18:28.223 I/am_proc_died( 1087): [0,12007,com.sec.android.gallery3d,0,999,19,227,4074]
12-21 19:18:28.223 I/am_uid_stopped( 1087): 10123
12-21 19:18:28.234 I/c2dm    ( 2886): [19,com.samsung.sree:224814037,0,0]
12-21 19:18:28.235 I/power_partial_wake_state( 1087): [1,*dexopt*:android]
12-21 19:18:28.236 I/am_proc_bound( 1087): [0,14078,com.samsungpop.android.mpop]
12-21 19:18:28.258 I/power_partial_wake_state( 1087): [6,*dexopt*:android]
12-21 19:18:28.259 I/am_proc_died( 1087): [0,11965,com.sec.android.daemonapp,0,999,19,226,4074]
12-21 19:18:28.259 I/am_uid_stopped( 1087): 10222
12-21 19:18:28.272 I/power_partial_wake_state( 1087): [6,*dexopt*:android]
12-21 19:18:28.273 I/power_partial_wake_state( 1087): [0,*dexopt*:android]
12-21 19:18:28.277 I/power_partial_wake_state( 1087): [3,*dexopt*:android]
12-21 19:18:28.288 I/power_partial_wake_state( 1087): [10,*dexopt*:android]
12-21 19:18:28.291 I/power_partial_wake_state( 1087): [2,*dexopt*:android]
12-21 19:18:28.294 I/power_partial_wake_state( 1087): [4,*dexopt*:android]
12-21 19:18:28.296 I/power_partial_wake_state( 1087): [1,*dexopt*:android]
12-21 19:18:28.301 I/power_partial_wake_state( 1087): [5,*dexopt*:android]
12-21 19:18:28.316 I/power_partial_wake_state( 1087): [14,*dexopt*:android]
12-21 19:18:28.318 I/power_partial_wake_state( 1087): [1,*dexopt*:android]
12-21 19:18:28.324 I/power_partial_wake_state( 1087): [3,*dexopt*:android]
12-21 19:18:28.327 I/power_partial_wake_state( 1087): [2,*dexopt*:android]
12-21 19:18:28.359 I/power_partial_wake_state( 1087): [3,*dexopt*:android]
12-21 19:18:28.368 I/power_partial_wake_state( 1087): [8,*dexopt*:android]
12-21 19:18:28.401 I/power_partial_wake_state( 1087): [32,*dexopt*:android]
12-21 19:18:28.415 I/power_partial_wake_state( 1087): [5,*dexopt*:android]
12-21 19:18:28.419 I/power_partial_wake_state( 1087): [3,*dexopt*:android]
12-21 19:18:28.422 I/power_partial_wake_state( 1087): [2,*dexopt*:android]
12-21 19:18:28.426 I/power_partial_wake_state( 1087): [3,*dexopt*:android]
12-21 19:18:28.429 I/power_partial_wake_state( 1087): [2,*dexopt*:android]
12-21 19:18:28.435 I/power_partial_wake_state( 1087): [6,*dexopt*:android]
12-21 19:18:28.445 I/power_partial_wake_state( 1087): [5,*dexopt*:android]
12-21 19:18:28.448 I/power_partial_wake_state( 1087): [1,*dexopt*:android]
12-21 19:18:28.449 I/power_partial_wake_state( 1087): [1,*dexopt*:android]
12-21 19:18:28.451 I/power_partial_wake_state( 1087): [1,*dexopt*:android]
12-21 19:18:28.454 I/power_partial_wake_state( 1087): [3,*dexopt*:android]
12-21 19:18:28.457 I/power_partial_wake_state( 1087): [2,*dexopt*:android]
12-21 19:18:28.458 I/power_partial_wake_state( 1087): [1,*dexopt*:android]
12-21 19:18:28.462 I/power_partial_wake_state( 1087): [4,*dexopt*:android]
12-21 19:18:28.463 I/power_partial_wake_state( 1087): [1,*dexopt*:android]
12-21 19:18:28.465 I/power_partial_wake_state( 1087): [1,*dexopt*:android]
12-21 19:18:28.467 I/power_partial_wake_state( 1087): [2,*dexopt*:android]
12-21 19:18:28.473 I/power_partial_wake_state( 1087): [6,*dexopt*:android]
12-21 19:18:28.475 I/power_partial_wake_state( 1087): [1,*dexopt*:android]
12-21 19:18:28.476 I/power_partial_wake_state( 1087): [1,*dexopt*:android]
12-21 19:18:28.483 I/power_partial_wake_state( 1087): [6,*dexopt*:android]
12-21 19:18:28.484 I/power_partial_wake_state( 1087): [1,*dexopt*:android]
12-21 19:18:28.486 I/power_partial_wake_state( 1087): [1,*dexopt*:android]
12-21 19:18:28.491 I/power_partial_wake_state( 1087): [4,*dexopt*:android]
12-21 19:18:28.495 I/power_partial_wake_state( 1087): [4,*dexopt*:android]
12-21 19:18:28.496 I/power_partial_wake_state( 1087): [1,*dexopt*:android]
12-21 19:18:28.498 I/power_partial_wake_state( 1087): [1,*dexopt*:android]
12-21 19:18:28.501 I/power_partial_wake_state( 1087): [3,*dexopt*:android]
12-21 19:18:28.503 I/power_partial_wake_state( 1087): [1,*dexopt*:android]
12-21 19:18:28.505 I/power_partial_wake_state( 1087): [2,*dexopt*:android]
12-21 19:18:28.508 I/power_partial_wake_state( 1087): [3,*dexopt*:android]
12-21 19:18:28.510 I/power_partial_wake_state( 1087): [1,*dexopt*:android]
12-21 19:18:28.511 I/power_partial_wake_state( 1087): [1,*dexopt*:android]
12-21 19:18:28.513 I/power_partial_wake_state( 1087): [2,*dexopt*:android]
12-21 19:18:28.514 I/power_partial_wake_state( 1087): [1,*dexopt*:android]
12-21 19:18:28.517 I/power_partial_wake_state( 1087): [3,*dexopt*:android]
12-21 19:18:28.518 I/power_partial_wake_state( 1087): [1,*dexopt*:android]
12-21 19:18:28.519 I/power_partial_wake_state( 1087): [0,*dexopt*:android]
12-21 19:18:28.521 I/power_partial_wake_state( 1087): [1,*dexopt*:android]
12-21 19:18:28.524 I/power_partial_wake_state( 1087): [2,*dexopt*:android]
12-21 19:18:28.525 I/power_partial_wake_state( 1087): [0,*dexopt*:android]
12-21 19:18:28.528 I/power_partial_wake_state( 1087): [3,*dexopt*:android]
12-21 19:18:28.530 I/power_partial_wake_state( 1087): [1,*dexopt*:android]
12-21 19:18:28.531 I/power_partial_wake_state( 1087): [1,*dexopt*:android]
12-21 19:18:28.534 I/power_partial_wake_state( 1087): [2,*dexopt*:android]
12-21 19:18:28.698 I/c2dm    ( 2886): [-19,ERR_OTHER,0,0]
12-21 19:18:28.874 I/am_kill ( 1087): [0,11062,com.samsung.android.game.gos,999,empty #33]
12-21 19:18:28.881 I/am_proc_start( 1087): [0,14228,10286,com.samsungpop.android.mpop:agent,broadcast,{com.samsungpop.android.mpop/com.feelingk.pushagent.smfn.PushAgentMainReceiver}]
12-21 19:18:28.907 I/am_proc_bound( 1087): [0,14228,com.samsungpop.android.mpop:agent]
12-21 19:18:28.921 I/am_proc_died( 1087): [0,11062,com.samsung.android.game.gos,0,999,19,253,4067]
12-21 19:18:28.922 I/am_uid_stopped( 1087): 10089
12-21 19:18:29.316 I/am_uid_running( 1087): 10293
12-21 19:18:29.324 I/am_kill ( 1087): [0,11916,com.sec.android.app.samsungapps,999,empty #33]
12-21 19:18:29.327 I/am_proc_start( 1087): [0,14332,10293,com.sds.mysinglesquare,broadcast,{com.sds.mysinglesquare/com.sds.mysinglesquare.main.receiver.BootCompletedReceiver}]
12-21 19:18:29.357 I/am_proc_died( 1087): [0,11916,com.sec.android.app.samsungapps,0,999,19,239,4067]
12-21 19:18:29.358 I/am_uid_stopped( 1087): 10095
12-21 19:18:29.365 I/am_proc_bound( 1087): [0,14332,com.sds.mysinglesquare]
12-21 19:18:29.815 I/am_proc_start( 1087): [0,14400,10293,com.sds.mysinglesquare:com.migratorydata.process,service,{com.sds.mysinglesquare/com.migratorydata.client.android.service.MigratoryDataService}]
12-21 19:18:29.829 I/power_partial_wake_state( 1087): [1295,*dexopt*:android]
12-21 19:18:29.831 I/power_partial_wake_state( 1087): [2,*dexopt*:android]
12-21 19:18:29.833 I/power_partial_wake_state( 1087): [1,*dexopt*:android]
12-21 19:18:29.834 I/power_partial_wake_state( 1087): [1,*dexopt*:android]
12-21 19:18:29.836 I/power_partial_wake_state( 1087): [1,*dexopt*:android]
12-21 19:18:29.836 I/power_partial_wake_state( 1087): [1,*dexopt*:android]
12-21 19:18:29.837 I/power_partial_wake_state( 1087): [1,*dexopt*:android]
12-21 19:18:29.838 I/power_partial_wake_state( 1087): [0,*dexopt*:android]
12-21 19:18:29.843 I/am_proc_bound( 1087): [0,14400,com.sds.mysinglesquare:com.migratorydata.process]
12-21 19:18:29.845 I/power_partial_wake_state( 1087): [6,*dexopt*:android]
12-21 19:18:29.929 I/power_partial_wake_state( 1087): [2,com.migratorydata.dataclient:com.sds.mysinglesquare]
12-21 19:18:29.938 I/power_partial_wake_state( 1087): [4,com.migratorydata.network_connection_lock:com.sds.mysinglesquare]
12-21 19:18:30.037 I/power_partial_wake_state( 1087): [109,com.migratorydata.dataclient:com.sds.mysinglesquare]
12-21 19:18:30.045 I/am_kill ( 1087): [0,6435,com.samsung.android.app.appsedge,999,empty #33]
12-21 19:18:30.045 I/am_uid_running( 1087): 10342
12-21 19:18:30.066 I/am_proc_start( 1087): [0,14449,10342,com.soundcloud.android,broadcast,{com.soundcloud.android/androidx.work.impl.background.systemalarm.RescheduleReceiver}]
12-21 19:18:30.070 I/power_partial_wake_state( 1087): [1,com.migratorydata.reader_lock:com.sds.mysinglesquare]
12-21 19:18:30.092 I/am_proc_died( 1087): [0,6435,com.samsung.android.app.appsedge,0,999,19,185,4094]
12-21 19:18:30.092 I/am_uid_stopped( 1087): 10064
12-21 19:18:30.094 I/power_partial_wake_state( 1087): [51,com.migratorydata.reader_lock:com.sds.mysinglesquare]
12-21 19:18:30.094 I/power_partial_wake_state( 1087): [35,com.migratorydata.dataclient:com.sds.mysinglesquare]
12-21 19:18:30.095 I/power_partial_wake_state( 1087): [34,com.migratorydata.dataclient:com.sds.mysinglesquare]
12-21 19:18:30.096 I/power_partial_wake_state( 1087): [6,com.migratorydata.reader_lock:com.sds.mysinglesquare]
12-21 19:18:30.103 I/am_proc_bound( 1087): [0,14449,com.soundcloud.android]
12-21 19:18:30.340 I/sysui_multi_action( 1087): [757,1717,758,1,759,0]
12-21 19:18:30.340 I/sysui_multi_action( 1087): [757,1717,758,2,759,4]
12-21 19:18:30.340 I/sysui_multi_action( 1087): [757,1717,758,3,759,0]
12-21 19:18:30.364 I/am_kill ( 1087): [0,11431,com.samsung.android.sm.policy,999,empty #33]
12-21 19:18:30.388 I/am_proc_died( 1087): [0,11431,com.samsung.android.sm.policy,0,999,19,199,4100]
12-21 19:18:30.389 I/am_uid_stopped( 1087): 10177
12-21 19:18:30.396 I/am_kill ( 1087): [0,10171,com.android.settings,999,empty #33]
12-21 19:18:30.422 I/am_proc_died( 1087): [0,10171,com.android.settings,0,999,19,202,4102]
12-21 19:18:30.490 I/notification_enqueue( 1087): [10293,14332,com.sds.mysinglesquare,8,NULL,0,Notification(channel=com.sds.mysinglesquare_5_NONE_MESSAGE_2015083291 shortcut=null contentView=null vibrate=null sound=null defaults=0x0 flags=0x10 color=0x00000000 groupKey=SQUARE_GROUP_KEY vis=PRIVATE semFlags=0x20 semPriority=0 semMissedCount=0),0,NULL]
12-21 19:18:30.500 I/notification_enqueue( 1087): [10293,14332,com.sds.mysinglesquare,919450815,NULL,0,Notification(channel=com.sds.mysinglesquare_5_NONE_MESSAGE_2015083291 shortcut=null contentView=null vibrate=null sound=null defaults=0x0 flags=0x210 color=0x00000000 groupKey=SQUARE_GROUP_KEY vis=PRIVATE semFlags=0x20 semPriority=0 semMissedCount=0),0,NULL]
12-21 19:18:30.692 I/sysui_multi_action( 1087): [757,1501,758,1,793,203,794,0,795,203,796,8,806,com.sds.mysinglesquare,857,com.sds.mysinglesquare_5_NO-886afca1,858,2,946,SQUARE_GROUP_KEY,947,0,1500,0,1688,1,1745,2098068913]
12-21 19:18:30.692 I/sysui_multi_action( 1087): [757,804,799,note_interruptive,801,0,802,1]
12-21 19:18:30.789 I/notification_cancel( 1087): [10075,1963,com.android.systemui,2,low_battery,-1,0,1088,8,NULL]
12-21 19:18:30.789 I/notification_cancel( 1087): [10075,1963,com.android.systemui,3,low_battery,-1,0,1088,8,NULL]
12-21 19:18:30.789 I/notification_cancel( 1087): [10075,1963,com.android.systemui,49,auto_saver,-1,0,1088,8,NULL]
12-21 19:18:30.830 I/notification_enqueue( 1087): [10293,14332,com.sds.mysinglesquare,2,NULL,0,Notification(channel=com.sds.mysinglesquare_5_NONE_MESSAGE_2015083291 shortcut=null contentView=null vibrate=null sound=null defaults=0x0 flags=0x10 color=0x00000000 groupKey=SQUARE_GROUP_KEY vis=PRIVATE semFlags=0x20 semPriority=0 semMissedCount=0),0,NULL]
12-21 19:18:30.863 I/notification_enqueue( 1087): [10293,14332,com.sds.mysinglesquare,919450815,NULL,0,Notification(channel=com.sds.mysinglesquare_5_NONE_MESSAGE_2015083291 shortcut=null contentView=null vibrate=null sound=null defaults=0x0 flags=0x210 color=0x00000000 groupKey=SQUARE_GROUP_KEY vis=PRIVATE semFlags=0x20 semPriority=0 semMissedCount=0),1,NULL]
12-21 19:18:31.030 I/sysui_multi_action( 1087): [757,1501,758,1,793,202,794,0,795,202,796,2,806,com.sds.mysinglesquare,857,com.sds.mysinglesquare_5_NO-886afca1,858,2,946,SQUARE_GROUP_KEY,947,0,1500,0,1688,1,1745,2098068913]
12-21 19:18:31.031 I/sysui_multi_action( 1087): [757,804,799,note_interruptive,801,0,802,1]
12-21 19:18:31.142 I/notification_enqueue( 1087): [10293,14332,com.sds.mysinglesquare,6,NULL,0,Notification(channel=com.sds.mysinglesquare_5_NONE_MESSAGE_2015083291 shortcut=null contentView=null vibrate=null sound=null defaults=0x0 flags=0x10 color=0x00000000 groupKey=SQUARE_GROUP_KEY vis=PRIVATE semFlags=0x20 semPriority=0 semMissedCount=0),0,NULL]
12-21 19:18:31.155 I/notification_enqueue( 1087): [10293,14332,com.sds.mysinglesquare,919450815,NULL,0,Notification(channel=com.sds.mysinglesquare_5_NONE_MESSAGE_2015083291 shortcut=null contentView=null vibrate=null sound=null defaults=0x0 flags=0x210 color=0x00000000 groupKey=SQUARE_GROUP_KEY vis=PRIVATE semFlags=0x20 semPriority=0 semMissedCount=0),1,NULL]
12-21 19:18:31.158 I/power_partial_wake_state( 1087): [4,blue_wake_lock_w:com.sds.mysinglesquare]
12-21 19:18:31.166 I/power_partial_wake_state( 1087): [1,blue_wake_lock_r:com.sds.mysinglesquare]
12-21 19:18:31.176 I/power_partial_wake_state( 1087): [2,blue_wake_lock_w:com.sds.mysinglesquare]
12-21 19:18:31.178 I/power_partial_wake_state( 1087): [1,blue_wake_lock_w:com.sds.mysinglesquare]
12-21 19:18:31.182 I/power_partial_wake_state( 1087): [1,blue_wake_lock_w:com.sds.mysinglesquare]
12-21 19:18:31.182 I/power_partial_wake_state( 1087): [0,blue_wake_lock_r:com.sds.mysinglesquare]
12-21 19:18:31.191 I/power_partial_wake_state( 1087): [0,blue_wake_lock_r:com.sds.mysinglesquare]
12-21 19:18:31.197 I/power_partial_wake_state( 1087): [2,blue_wake_lock_r:com.sds.mysinglesquare]
12-21 19:18:31.202 I/power_partial_wake_state( 1087): [2,blue_wake_lock_r:com.sds.mysinglesquare]
12-21 19:18:31.206 I/power_partial_wake_state( 1087): [0,blue_wake_lock_r:com.sds.mysinglesquare]
12-21 19:18:31.208 I/power_partial_wake_state( 1087): [0,blue_wake_lock_r:com.sds.mysinglesquare]
12-21 19:18:31.223 I/power_partial_wake_state( 1087): [2,com.migratorydata.dataclient:com.sds.mysinglesquare]
12-21 19:18:31.288 I/power_partial_wake_state( 1087): [66,com.migratorydata.dataclient:com.sds.mysinglesquare]
12-21 19:18:31.304 I/power_partial_wake_state( 1087): [1,blue_wake_lock_w:com.sds.mysinglesquare]
12-21 19:18:31.308 I/power_partial_wake_state( 1087): [1,blue_wake_lock_w:com.sds.mysinglesquare]
12-21 19:18:31.315 I/power_partial_wake_state( 1087): [0,blue_wake_lock_r:com.sds.mysinglesquare]
12-21 19:18:31.343 I/sysui_multi_action( 1087): [757,1501,758,1,793,202,794,0,795,202,796,6,806,com.sds.mysinglesquare,857,com.sds.mysinglesquare_5_NO-886afca1,858,2,946,SQUARE_GROUP_KEY,947,0,1500,0,1688,1,1745,2098068913]
12-21 19:18:31.343 I/sysui_multi_action( 1087): [757,804,799,note_interruptive,801,0,802,1]
12-21 19:18:31.354 I/power_partial_wake_state( 1087): [60,com.migratorydata.reader_lock:com.sds.mysinglesquare]
12-21 19:18:31.355 I/power_partial_wake_state( 1087): [131,com.migratorydata.dataclient:com.sds.mysinglesquare]
12-21 19:18:31.356 I/power_partial_wake_state( 1087): [118,com.migratorydata.dataclient:com.sds.mysinglesquare]
12-21 19:18:31.366 I/power_partial_wake_state( 1087): [66,com.migratorydata.reader_lock:com.sds.mysinglesquare]
