12-21 19:17:53.394 I/am_proc_start( 1087): [0,8584,10243,com.google.android.apps.maps:server_recovery_process,broadcast,{com.google.android.apps.maps/com.google.android.apps.gmm.plugins.serverrecovery.PhenotypeServerRecoveryHandlerImpl}]
12-21 19:17:53.414 I/am_proc_died( 1087): [0,4846,com.samsung.android.game.gos,0,999,19,1135,3306]
12-21 19:17:53.415 I/am_uid_stopped( 1087): 10089
12-21 19:17:53.426 I/am_proc_bound( 1087): [0,8584,com.google.android.apps.maps:server_recovery_process]
12-21 19:17:53.551 I/am_uid_running( 1087): 10240
12-21 19:17:53.559 I/am_kill ( 1087): [0,6617,com.sec.android.app.SecSetupWizard,999,empty #33]
12-21 19:17:53.568 I/am_proc_start( 1087): [0,8608,10240,com.google.android.apps.tachyon,broadcast,{com.google.android.apps.tachyon/com.google.android.apps.tachyon.common.applifecycle.BootReceiver}]
12-21 19:17:53.592 I/am_proc_died( 1087): [0,6617,com.sec.android.app.SecSetupWizard,0,999,19,1122,3308]
12-21 19:17:53.601 I/am_proc_bound( 1087): [0,8608,com.google.android.apps.tachyon]
12-21 19:17:53.883 I/commit_sys_config_file( 1087): [notification-policy,25]
12-21 19:17:54.126 I/power_partial_wake_state( 1087): [9,IntentOp:.common.broadcast.BackgroundBroadcastReceiverSupport$PersistentReceiverIntentOperation:com.google.android.gms]
12-21 19:17:54.132 I/notification_cancel( 1087): [1000,1087,android,37,AccountManagerService:37:1575116973,0,0,0,8,NULL]
12-21 19:17:54.139 I/am_uid_running( 1087): 10262
12-21 19:17:54.152 I/am_proc_start( 1087): [0,8682,10262,com.google.android.permissioncontroller,service,{com.google.android.permissioncontroller/com.android.permissioncontroller.permission.service.PermissionControllerServiceImpl}]
12-21 19:17:54.171 I/notification_cancel( 1087): [10100,2886,com.google.android.gms,0,com.google.android.gms.auth.TokenNotificationManager:99c97bb522177575aa9f865676a78d2b:com.google,0,0,1088,8,NULL]
12-21 19:17:54.175 I/am_proc_bound( 1087): [0,8682,com.google.android.permissioncontroller]
12-21 19:17:54.178 I/am_uid_active( 1087): 10262
12-21 19:17:54.366 I/power_partial_wake_state( 1087): [2,nearby:ENWearableDeviceManager:com.google.android.gms]
12-21 19:17:54.385 I/notification_cancel( 1087): [10100,2886,com.google.android.gms,56933,NULL,0,0,1088,8,NULL]
12-21 19:17:54.419 I/notification_cancel( 1087): [10100,2886,com.google.android.gms,56932,NULL,0,0,1088,8,NULL]
12-21 19:17:54.420 I/notification_cancel( 1087): [10100,2886,com.google.android.gms,56935,NULL,0,0,1088,8,NULL]
12-21 19:17:54.421 I/notification_cancel( 1087): [10100,2886,com.google.android.gms,115357,NULL,0,0,1088,8,NULL]
12-21 19:17:54.421 I/notification_cancel( 1087): [10100,2886,com.google.android.gms,115356,NULL,0,0,1088,8,NULL]
12-21 19:17:54.422 I/notification_cancel( 1087): [10100,2886,com.google.android.gms,115358,NULL,0,0,1088,8,NULL]
12-21 19:17:54.568 I/power_partial_wake_state( 1087): [345,Icing:com.google.android.gms]
12-21 19:17:54.610 I/power_partial_wake_state( 1087): [41,Icing:com.google.android.gms]
12-21 19:17:54.782 I/power_partial_wake_state( 1087): [172,Icing:com.google.android.gms]
12-21 19:17:54.883 I/power_partial_wake_state( 1087): [1007,tachyon:BootReceiver:com.google.android.apps.tachyon]
12-21 19:17:55.286 I/commit_sys_config_file( 1087): [jobs,10]
12-21 19:17:55.927 I/power_partial_wake_state( 1087): [20,*job*/com.google.android.apps.tachyon/com.google.android.libraries.internal.growth.growthkit.internal.jobs.impl.GrowthKitJobService:android]
12-21 19:17:55.947 I/power_partial_wake_state( 1087): [45,*job*/com.google.android.apps.tachyon/com.google.android.libraries.internal.growth.growthkit.internal.jobs.impl.GrowthKitJobService:android]
12-21 19:17:56.023 I/am_uid_running( 1087): 10148
12-21 19:17:56.039 I/am_proc_start( 1087): [0,8736,10148,com.google.android.apps.turbo,broadcast,{com.google.android.apps.turbo/com.google.android.apps.turbo.deadline.library.BootReceiver}]
12-21 19:17:56.066 I/am_proc_bound( 1087): [0,8736,com.google.android.apps.turbo]
12-21 19:17:56.233 I/am_kill ( 1087): [0,2198,com.sec.android.emergencymode.service,999,empty #33]
12-21 19:17:56.245 I/am_proc_start( 1087): [0,8770,10148,com.google.android.apps.turbo:aab,broadcast,{com.google.android.apps.turbo/com.google.android.libraries.smartbattery.appusage.library.BootReceiver}]
12-21 19:17:56.264 I/am_proc_died( 1087): [0,2198,com.sec.android.emergencymode.service,0,999,19,1047,3327]
12-21 19:17:56.273 I/am_kill ( 1087): [0,3021,com.samsung.android.app.clockpack:provider,999,empty #33]
12-21 19:17:56.288 I/am_proc_bound( 1087): [0,8770,com.google.android.apps.turbo:aab]
12-21 19:17:56.322 I/am_proc_died( 1087): [0,3021,com.samsung.android.app.clockpack:provider,0,999,19,1051,3327]
12-21 19:17:56.462 I/power_partial_wake_state( 1087): [560,*job*/com.google.android.apps.tachyon/com.google.android.libraries.internal.growth.growthkit.internal.jobs.impl.GrowthKitJobService:android]
12-21 19:17:56.482 I/am_kill ( 1087): [0,6655,com.sec.android.provider.emergencymode,999,empty #33]
12-21 19:17:56.507 I/am_proc_died( 1087): [0,6655,com.sec.android.provider.emergencymode,0,999,19,1050,3327]
12-21 19:17:56.507 I/am_uid_stopped( 1087): 10190
12-21 19:17:56.516 I/am_proc_start( 1087): [0,8797,10148,com.google.android.apps.turbo:ssb,broadcast,{com.google.android.apps.turbo/com.google.android.libraries.smartbattery.brightness.library.BootReceiver}]
12-21 19:17:56.523 I/power_partial_wake_state( 1087): [8,*job*/com.google.android.apps.turbo/com.google.android.libraries.smartbattery.common.phenotype.UpdatePhenotypeFlagsJob:android]
12-21 19:17:56.546 I/am_proc_bound( 1087): [0,8797,com.google.android.apps.turbo:ssb]
12-21 19:17:56.560 I/am_kill ( 1087): [0,6692,com.sec.modem.settings,999,empty #33]
12-21 19:17:56.602 I/am_proc_died( 1087): [0,6692,com.sec.modem.settings,0,999,19,1049,3328]
12-21 19:17:56.630 I/am_uid_running( 1087): 10072
12-21 19:17:56.637 I/am_kill ( 1087): [0,6778,com.sds.sso.agent,999,empty #33]
12-21 19:17:56.659 I/am_proc_start( 1087): [0,8826,10072,com.google.android.configupdater,broadcast,{com.google.android.configupdater/com.google.android.configupdater.MainReceiver}]
12-21 19:17:56.672 I/am_proc_died( 1087): [0,6778,com.sds.sso.agent,0,999,19,1053,3328]
12-21 19:17:56.672 I/am_uid_stopped( 1087): 10291
12-21 19:17:56.687 I/am_proc_bound( 1087): [0,8826,com.google.android.configupdater]
12-21 19:17:56.703 I/am_proc_died( 1087): [0,5732,com.sec.factory,0,0,10,1054,3328]
12-21 19:17:56.846 I/am_uid_running( 1087): 10241
12-21 19:17:56.854 I/am_kill ( 1087): [0,6558,com.samsung.android.svcagent,999,empty #33]
12-21 19:17:56.866 I/am_proc_start( 1087): [0,8871,10241,com.google.android.gm,broadcast,{com.google.android.gm/com.google.android.gm.GoogleMailDeviceStartupReceiver}]
12-21 19:17:56.881 I/am_proc_died( 1087): [0,6558,com.samsung.android.svcagent,0,999,19,1054,3331]
12-21 19:17:56.919 I/am_kill ( 1087): [0,6804,com.samsung.accessibility,999,empty #33]
12-21 19:17:56.923 I/am_proc_bound( 1087): [0,8871,com.google.android.gm]
12-21 19:17:56.978 I/am_proc_died( 1087): [0,6804,com.samsung.accessibility,0,999,19,1048,3335]
12-21 19:17:57.417 I/power_partial_wake_state( 1087): [26,*job*/com.google.android.gm/.job.GoogleMailWidgetAndShortcutSwitchJob$GoogleMailWidgetAndShortcutSwitchJobService:android]
12-21 19:17:57.429 I/commit_sys_config_file( 1087): [notification-policy,11]
12-21 19:17:57.444 I/commit_sys_config_file( 1087): [notification-policy,14]
12-21 19:17:57.453 I/commit_sys_config_file( 1087): [notification-policy,9]
12-21 19:17:57.455 I/notification_cancel_all( 1087): [1000,1087,com.google.android.gm,0,0,0,17,NULL]
12-21 19:17:57.577 I/power_partial_wake_state( 1087): [41,*job*/com.google.android.gm/com.android.email.job.BootCompletedJob$BootCompletedJobService:android]
12-21 19:17:57.590 I/power_partial_wake_state( 1087): [26,*job*/com.google.android.gm/com.google.android.libraries.notifications.entrypoints.scheduled.ScheduledTaskService:android]
12-21 19:17:57.628 I/power_partial_wake_state( 1087): [77,ChimeBroadcastReceiver:com.google.android.gm]
12-21 19:17:57.642 I/commit_sys_config_file( 1087): [notification-policy,31]
12-21 19:17:57.647 I/notification_cancel_all( 1087): [1000,1087,com.google.android.gm,0,0,0,17,NULL]
12-21 19:17:57.657 I/commit_sys_config_file( 1087): [notification-policy,15]
12-21 19:17:57.667 I/commit_sys_config_file( 1087): [notification-policy,10]
12-21 19:17:57.672 I/power_partial_wake_state( 1087): [125,*job*/com.google.android.gm/androidx.work.impl.background.systemjob.SystemJobService:android]
12-21 19:17:57.752 I/power_partial_wake_state( 1087): [37,wake:com.google.android.gms/.auth.account.be.accountstate.LoginAccountsChangedIntentService - 999:com.google.android.gms]
12-21 19:17:57.835 I/am_uid_running( 1087): 10185
12-21 19:17:57.848 I/am_proc_start( 1087): [0,8992,10185,com.android.chrome,service,{com.android.chrome/org.chromium.chrome.browser.customtabs.CustomTabsConnectionService}]
12-21 19:17:57.898 I/am_proc_bound( 1087): [0,8992,com.android.chrome]
12-21 19:17:57.957 I/notification_cancel( 1087): [10241,8871,com.google.android.gm,10436,NULL,0,0,1088,8,NULL]
12-21 19:17:57.983 I/notification_cancel( 1087): [1000,1087,android,37,AccountManagerService:37:1575116973,0,0,0,8,NULL]
12-21 19:17:57.983 I/notification_cancel( 1087): [1000,1087,android,37,AccountManagerService:37:1575116973,0,0,0,8,NULL]
12-21 19:17:58.204 I/notification_cancel( 1087): [1000,1087,android,37,AccountManagerService:37:1575116973,0,0,0,8,NULL]
12-21 19:17:58.204 I/notification_cancel( 1087): [1000,1087,android,37,AccountManagerService:37:1575116973,0,0,0,8,NULL]
12-21 19:17:58.255 I/power_partial_wake_state( 1087): [12,Icing:com.google.android.gms]
12-21 19:17:58.256 I/power_partial_wake_state( 1087): [1,Icing:com.google.android.gms]
12-21 19:17:58.272 I/am_kill ( 1087): [0,6866,com.samsung.android.bixbyvision.framework,999,empty #33]
12-21 19:17:58.278 I/power_partial_wake_state( 1087): [21,Icing:com.google.android.gms]
12-21 19:17:58.322 I/am_proc_died( 1087): [0,6866,com.samsung.android.bixbyvision.framework,0,999,19,949,3401]
12-21 19:17:58.322 I/am_uid_stopped( 1087): 10066
12-21 19:17:58.331 I/am_kill ( 1087): [0,4571,com.samsung.android.rubin.app,999,empty #33]
12-21 19:17:58.338 I/power_partial_wake_state( 1087): [222,*job*/com.google.android.googlequicksearchbox/com.google.android.libraries.notifications.entrypoints.scheduled.ScheduledTaskService:android]
12-21 19:17:58.350 I/power_partial_wake_state( 1087): [348,ChimeBroadcastReceiver:com.google.android.googlequicksearchbox]
12-21 19:17:58.446 I/am_proc_died( 1087): [0,4571,com.samsung.android.rubin.app,0,999,19,945,3405]
12-21 19:17:58.446 I/am_uid_stopped( 1087): 5010
12-21 19:17:58.492 I/power_partial_wake_state( 1087): [515,*job*/com.google.android.googlequicksearchbox/com.google.android.apps.gsa.tasks.BackgroundTasksJobService:android]
12-21 19:17:58.503 I/power_partial_wake_state( 1087): [145,*job*/com.google.android.googlequicksearchbox/androidx.work.impl.background.systemjob.SystemJobService:android]
12-21 19:17:58.555 I/am_uid_running( 1087): 10249
12-21 19:17:58.565 I/am_proc_start( 1087): [0,9073,10249,com.google.android.onetimeinitializer,broadcast,{com.google.android.onetimeinitializer/com.google.android.onetimeinitializer.OneTimeInitializerReceiver}]
12-21 19:17:58.597 I/am_proc_bound( 1087): [0,9073,com.google.android.onetimeinitializer]
12-21 19:17:58.660 I/am_uid_running( 1087): 10091
12-21 19:17:58.670 I/am_kill ( 1087): [0,6933,com.sec.android.app.clockpackage,999,empty #33]
12-21 19:17:58.676 I/am_proc_start( 1087): [0,9102,10091,com.google.android.packageinstaller,broadcast,{com.google.android.packageinstaller/com.android.packageinstaller.TemporaryFileManager}]
12-21 19:17:58.698 I/am_proc_bound( 1087): [0,9102,com.google.android.packageinstaller]
12-21 19:17:58.732 I/am_proc_died( 1087): [0,6933,com.sec.android.app.clockpackage,0,999,19,929,3407]
12-21 19:17:58.733 I/am_uid_stopped( 1087): 10225
12-21 19:17:58.737 I/power_partial_wake_state( 1087): [1127,*job*/com.google.android.gm/com.google.android.libraries.notifications.entrypoints.scheduled.ScheduledTaskService:android]
12-21 19:17:58.746 I/am_kill ( 1087): [0,5847,com.sec.phone,999,empty #33]
12-21 19:17:58.804 I/am_uid_running( 1087): 10092
12-21 19:17:58.809 I/am_kill ( 1087): [0,6998,com.google.android.projection.gearhead:shared,999,empty #33]
12-21 19:17:58.817 I/am_proc_start( 1087): [0,9125,10092,com.google.android.partnersetup,broadcast,{com.google.android.partnersetup/com.google.android.partnersetup.GooglePartnerSetup}]
12-21 19:17:58.821 I/am_proc_died( 1087): [0,5847,com.sec.phone,0,999,19,929,3409]
12-21 19:17:58.836 I/am_proc_died( 1087): [0,6998,com.google.android.projection.gearhead:shared,0,999,19,931,3410]
12-21 19:17:58.836 I/am_uid_stopped( 1087): 10062
12-21 19:17:58.846 I/am_kill ( 1087): [0,4512,com.samsung.android.dynamiclock,999,empty #33]
12-21 19:17:58.852 I/am_proc_bound( 1087): [0,9125,com.google.android.partnersetup]
12-21 19:17:58.899 I/am_proc_died( 1087): [0,4512,com.samsung.android.dynamiclock,0,999,19,935,3410]
12-21 19:17:58.900 I/am_uid_stopped( 1087): 10083
12-21 19:17:59.143 I/power_partial_wake_state( 1087): [1166,*job*/com.google.android.googlequicksearchbox/com.google.android.apps.gsa.tasks.BackgroundTasksJobService:android]
12-21 19:17:59.258 I/power_partial_wake_state( 1087): [1281,*job*/com.google.android.googlequicksearchbox/com.google.android.apps.gsa.tasks.BackgroundTasksJobService:android]
12-21 19:17:59.324 I/am_uid_running( 1087): 10062
12-21 19:17:59.338 I/power_partial_wake_state( 1087): [5,*job*/com.google.android.permissioncontroller/com.android.permissioncontroller.permission.service.AutoRevokeService:android]
12-21 19:17:59.345 I/am_proc_start( 1087): [0,9179,10062,com.google.android.projection.gearhead:shared,broadcast,{com.google.android.projection.gearhead/com.google.android.apps.auto.components.app.fzero.FzeroReceiver}]
12-21 19:17:59.364 I/am_proc_bound( 1087): [0,9179,com.google.android.projection.gearhead:shared]
12-21 19:17:59.405 I/power_partial_wake_state( 1087): [0,GCM_READ:com.google.android.gms]
12-21 19:17:59.432 I/c2dm    ( 2886): [-7,,3,2]
12-21 19:17:59.483 I/notification_cancel_all( 1087): [1000,1087,com.google.android.projection.gearhead,0,0,0,17,NULL]
12-21 19:17:59.490 I/notification_cancel_all( 1087): [1000,1087,com.google.android.projection.gearhead,0,0,0,17,NULL]
12-21 19:17:59.491 I/notification_cancel_all( 1087): [1000,1087,com.google.android.projection.gearhead,0,0,0,17,NULL]
12-21 19:17:59.514 I/commit_sys_config_file( 1087): [notification-policy,24]
12-21 19:17:59.519 I/am_kill ( 1087): [0,7034,com.samsung.android.oneconnect,999,empty #33]
12-21 19:17:59.525 I/am_proc_start( 1087): [0,9216,10062,com.google.android.projection.gearhead:car,broadcast,{com.google.android.projection.gearhead/com.google.android.apps.auto.carservice.frx.FrxReceiver}]
12-21 19:17:59.542 I/commit_sys_config_file( 1087): [notification-policy,27]
12-21 19:17:59.562 I/am_proc_bound( 1087): [0,9216,com.google.android.projection.gearhead:car]
12-21 19:17:59.568 I/am_proc_died( 1087): [0,7034,com.samsung.android.oneconnect,0,999,19,981,3415]
12-21 19:17:59.604 I/commit_sys_config_file( 1087): [jobs,13]
12-21 19:17:59.714 I/service_manager_stats( 1087): [100,83,11980]
12-21 19:17:59.719 I/power_partial_wake_state( 1087): [1211,*job*/com.google.android.googlequicksearchbox/com.google.android.libraries.notifications.entrypoints.scheduled.ScheduledTaskService:android]
12-21 19:17:59.723 I/am_uid_running( 1087): 10256
12-21 19:17:59.731 I/am_kill ( 1087): [0,7440,com.android.carrierconfig,999,empty #33]
12-21 19:17:59.734 I/am_proc_start( 1087): [0,9249,10256,com.google.android.setupwizard,broadcast,{com.google.android.setupwizard/com.google.android.setupwizard.deferred.PostSetupLifecycleBootReceiver}]
12-21 19:17:59.765 I/am_proc_bound( 1087): [0,9249,com.google.android.setupwizard]
12-21 19:17:59.768 I/power_partial_wake_state( 1087): [1792,*job*/com.google.android.googlequicksearchbox/com.google.android.apps.gsa.tasks.BackgroundTasksJobService:android]
12-21 19:17:59.774 I/am_proc_died( 1087): [0,7440,com.android.carrierconfig,0,999,19,968,3416]
12-21 19:17:59.774 I/am_uid_stopped( 1087): 10253
12-21 19:18:00.059 I/notification_cancel( 1087): [10100,3812,com.google.android.gms,0,com.google.android.gms.auth.TokenNotificationManager:99c97bb522177575aa9f865676a78d2b:com.google,0,0,1088,8,NULL]
12-21 19:18:00.107 I/power_partial_wake_state( 1087): [66,IntentOp:.auth.frp.FrpUpdateIntentOperation:com.google.android.gms]
12-21 19:18:00.110 I/am_uid_running( 1087): 10200
12-21 19:18:00.117 I/power_partial_wake_state( 1087): [908,*job*/com.google.android.partnersetup/.PhenotypeJobService:android]
12-21 19:18:00.133 I/am_proc_start( 1087): [0,9295,10200,com.google.android.syncadapters.calendar,broadcast,{com.google.android.syncadapters.calendar/com.google.android.libraries.internal.growth.growthkit.inject.GrowthKitBootCompletedBroadcastReceiver}]
12-21 19:18:00.135 I/am_kill ( 1087): [0,7544,com.samsung.android.accessibility.talkback,999,empty #33]
12-21 19:18:00.158 I/am_kill ( 1087): [0,7997,com.gameloft.android.ANMP.GloftA9HM,965,empty #33]
12-21 19:18:00.161 I/am_proc_died( 1087): [0,7544,com.samsung.android.accessibility.talkback,0,999,19,944,3425]
12-21 19:18:00.161 I/am_uid_stopped( 1087): 10145
12-21 19:18:00.185 I/am_kill ( 1087): [0,5263,com.samsung.android.forest,999,empty #33]
12-21 19:18:00.187 I/am_proc_bound( 1087): [0,9295,com.google.android.syncadapters.calendar]
12-21 19:18:00.190 I/notification_cancel( 1087): [10256,9249,com.google.android.setupwizard,2,NULL,0,0,1088,8,NULL]
12-21 19:18:00.216 I/power_partial_wake_state( 1087): [2,SyncLoopWakeLock:android]
12-21 19:18:00.217 I/power_partial_wake_state( 1087): [0,SyncLoopWakeLock:android]
12-21 19:18:00.225 I/am_proc_died( 1087): [0,7997,com.gameloft.android.ANMP.GloftA9HM,0,965,19,968,3426]
12-21 19:18:00.229 I/am_uid_stopped( 1087): 10349
12-21 19:18:00.255 I/am_proc_died( 1087): [0,5263,com.samsung.android.forest,0,999,19,966,3427]
12-21 19:18:00.351 I/notification_cancel( 1087): [10100,3812,com.google.android.gms,1,com.google.android.gms.update.control.NotificationControl,0,0,1088,8,NULL]
12-21 19:18:00.363 I/power_partial_wake_state( 1087): [2,IntentOp:.update.execution.InstallationIntentOperation:com.google.android.gms]
12-21 19:18:00.417 I/force_gc( 4056): Binder
12-21 19:18:00.469 I/power_partial_wake_state( 1087): [232,*job*/com.google.android.partnersetup/.PhenotypeJobService:android]
12-21 19:18:00.471 I/notification_cancel( 1087): [10100,2886,com.google.android.gms,1,phone-hub-connected-tag,0,0,1088,8,NULL]
12-21 19:18:00.476 I/am_kill ( 1087): [0,5160,com.samsung.android.game.gamehome,999,empty #33]
12-21 19:18:00.504 I/notification_cancel( 1087): [10100,3812,com.google.android.gms,1,UncertifiedNotificationChimeraService,0,0,1088,8,NULL]
12-21 19:18:00.511 I/power_partial_wake_state( 1087): [129,ChimeExecutorApi::com.google.android.syncadapters.calendar:com.google.android.syncadapters.calendar]
12-21 19:18:00.513 I/am_uid_running( 1087): 10221
12-21 19:18:00.524 I/am_proc_start( 1087): [0,9358,10221,com.google.android.syncadapters.contacts,broadcast,{com.google.android.syncadapters.contacts/com.google.android.syncadapters.contacts.ContactsSyncAdapterBroadcastReceiver}]
12-21 19:18:00.530 I/notification_cancel( 1087): [10075,1963,com.android.systemui,2,low_battery,-1,0,1088,8,NULL]
12-21 19:18:00.530 I/notification_cancel( 1087): [10075,1963,com.android.systemui,3,low_battery,-1,0,1088,8,NULL]
12-21 19:18:00.531 I/notification_cancel( 1087): [10075,1963,com.android.systemui,49,auto_saver,-1,0,1088,8,NULL]
12-21 19:18:00.557 I/am_proc_died( 1087): [0,5160,com.samsung.android.game.gamehome,0,999,19,962,3432]
12-21 19:18:00.558 I/am_uid_stopped( 1087): 10093
12-21 19:18:00.568 I/am_proc_bound( 1087): [0,9358,com.google.android.syncadapters.contacts]
12-21 19:18:00.639 I/am_proc_start( 1087): [0,9378,1000,com.samsung.android.bio.face.service,service,{com.samsung.android.bio.face.service/com.samsung.android.bio.face.service.FaceService}]
12-21 19:18:00.652 I/am_proc_bound( 1087): [0,9378,com.samsung.android.bio.face.service]
12-21 19:18:00.702 I/commit_sys_config_file( 1087): [notification-policy,21]
12-21 19:18:00.717 I/commit_sys_config_file( 1087): [notification-policy,15]
12-21 19:18:00.728 I/notification_cancel( 1087): [10100,2886,com.google.android.gms,1,com.google.android.backup.notification.account.tag,0,0,1088,8,NULL]
12-21 19:18:00.730 I/notification_cancel( 1087): [10100,2886,com.google.android.gms,1,com.google.android.backup.notification.account.tag,0,0,1088,8,NULL]
12-21 19:18:00.774 I/am_uid_running( 1087): 10228
12-21 19:18:00.796 I/am_proc_start( 1087): [0,9413,10228,com.google.android.tts,broadcast,{com.google.android.tts/androidx.work.impl.background.systemalarm.RescheduleReceiver}]
12-21 19:18:00.816 I/notification_cancel( 1087): [10100,2886,com.google.android.gms,1,com.google.android.backup.notification.account.tag,0,0,1088,8,NULL]
12-21 19:18:00.851 I/am_proc_bound( 1087): [0,9413,com.google.android.tts]
12-21 19:18:00.890 I/gms_unknown( 3812): 47122
12-21 19:18:00.932 I/power_partial_wake_state( 1087): [24,SyncLoopWakeLock:android]
12-21 19:18:00.940 I/sync    ( 1087): [com.google.android.gms.chromesync,0,3,1546474410]
12-21 19:18:00.943 I/power_partial_wake_state( 1087): [4,SyncLoopWakeLock:android]
12-21 19:18:00.948 I/aggregation( 3812): 1671617880948
12-21 19:18:00.950 I/power_partial_wake_state( 1087): [1,SyncLoopWakeLock:android]
12-21 19:18:00.994 I/power_partial_wake_state( 1087): [231,*job*/com.google.android.syncadapters.contacts/.ContactsSyncAdapterJobIntentService:android]
12-21 19:18:01.001 I/power_partial_wake_state( 1087): [65,*job*/com.google.android.gms.chromesync/com.google/eM_ADDR:android:android]
12-21 19:18:01.012 I/power_partial_wake_state( 1087): [72,*sync*/com.google.android.gms.chromesync/com.google/aa1200835@gmail.com:android]
12-21 19:18:01.016 I/commit_sys_config_file( 1087): [notification-policy,31]
12-21 19:18:01.016 I/commit_sys_config_file( 1087): [package-user-0,14]
12-21 19:18:01.020 I/am_kill ( 1087): [0,7730,com.google.android.webview:webview_service,999,empty #33]
12-21 19:18:01.024 I/sync    ( 1087): [com.google.android.gms.chromesync,1,3,1546474410]
12-21 19:18:01.024 I/power_partial_wake_state( 1087): [24,SyncLoopWakeLock:android]
12-21 19:18:01.024 I/notification_cancel( 1087): [1000,1087,android,18,1802509808,0,0,0,8,NULL]
12-21 19:18:01.050 I/power_partial_wake_state( 1087): [76,GmsDownloadIntentOp:com.google.android.gms]
12-21 19:18:01.059 I/am_proc_died( 1087): [0,7730,com.google.android.webview:webview_service,0,999,19,910,3454]
12-21 19:18:01.060 I/am_uid_stopped( 1087): 10189
12-21 19:18:01.121 I/sysui_multi_action( 1087): [757,1717,758,1,759,0]
12-21 19:18:01.121 I/sysui_multi_action( 1087): [757,1717,758,2,759,4]
12-21 19:18:01.122 I/sysui_multi_action( 1087): [757,1717,758,3,759,1]
12-21 19:18:01.143 I/power_partial_wake_state( 1087): [16,IntentOp:.common.broadcast.BackgroundBroadcastReceiverSupport$PersistentReceiverIntentOperation:com.google.android.gms]
12-21 19:18:01.173 I/am_proc_start( 1087): [0,9460,10100,com.google.android.gms.unstable,service,{com.google.android.gms/com.google.android.gms.droidguard.DroidGuardService}]
12-21 19:18:01.204 I/am_proc_bound( 1087): [0,9460,com.google.android.gms.unstable]
12-21 19:18:01.295 I/notification_cancel( 1087): [10100,9460,com.google.android.gms,10436,NOT_MNC,0,0,1088,8,NULL]
12-21 19:18:01.295 I/notification_cancel( 1087): [10100,9460,com.google.android.gms,39789,NOT_MNC,0,0,1088,8,NULL]
12-21 19:18:01.333 I/power_partial_wake_state( 1087): [7,Icing:com.google.android.gms]
12-21 19:18:01.427 I/notification_cancel( 1087): [1000,1087,android,37,AccountManagerService:37:1575116973,0,0,0,8,NULL]
12-21 19:18:01.427 I/notification_cancel( 1087): [1000,1087,android,37,AccountManagerService:37:1575116973,0,0,0,8,NULL]
12-21 19:18:01.471 I/power_partial_wake_state( 1087): [18,Wakeful StateMachine: GeofencerStateMachine:com.google.android.gms]
12-21 19:18:01.573 I/am_uid_running( 1087): 10232
12-21 19:18:01.578 I/am_kill ( 1087): [0,5534,com.samsung.android.app.contacts,999,empty #33]
12-21 19:18:01.588 I/am_proc_start( 1087): [0,9555,10232,com.google.android.youtube,broadcast,{com.google.android.youtube/com.google.android.libraries.notifications.entrypoints.restart.RestartReceiver}]
12-21 19:18:01.633 I/am_proc_bound( 1087): [0,9555,com.google.android.youtube]
12-21 19:18:01.640 I/am_proc_died( 1087): [0,5534,com.samsung.android.app.contacts,0,999,19,873,3477]
12-21 19:18:01.641 I/am_uid_stopped( 1087): 10118
12-21 19:18:01.757 I/commit_sys_config_file( 1087): [jobs,9]
12-21 19:18:01.921 I/power_partial_wake_state( 1087): [1472,*job*/com.google.android.syncadapters.calendar/com.google.android.libraries.notifications.entrypoints.scheduled.ScheduledTaskService:android]
12-21 19:18:01.938 I/am_kill ( 1087): [0,7694,com.google.android.webview:sandboxed_process0:org.chromium.content.app.SandboxedProcessService0:0,999,empty #33]
12-21 19:18:01.999 I/am_proc_died( 1087): [0,7694,com.google.android.webview:sandboxed_process0:org.chromium.content.app.SandboxedProcessService0:0,0,999,19,855,3500]
12-21 19:18:02.000 I/am_schedule_service_restart( 1087): [0,com.espn.score_center/org.chromium.content.app.SandboxedProcessService0:0,1000,0,0]
12-21 19:18:02.000 I/am_uid_stopped( 1087): 99000
12-21 19:18:02.023 I/service_manager_slow( 1087): [10,suspend_control]
12-21 19:18:02.024 I/am_unschedule_service_restart( 1087): [0,com.espn.score_center/org.chromium.content.app.SandboxedProcessService0:0,0,bring down]
12-21 19:18:02.043 I/notification_cancel( 1087): [10100,3812,com.google.android.gms,10436,NULL,0,0,1088,8,NULL]
12-21 19:18:02.063 I/power_partial_wake_state( 1087): [1631,CryptauthEnroller:com.google.android.gms]
12-21 19:18:02.091 I/gms_unknown( 3812): [5,0,0]
12-21 19:18:02.091 I/gms_unknown( 3812): [CheckinTask:SentRequest,50152]
12-21 19:18:02.136 I/am_kill ( 1087): [0,7619,com.espn.score_center,985,empty #33]
12-21 19:18:02.176 I/am_kill ( 1087): [0,7475,com.android.cellbroadcastreceiver,999,empty #33]
12-21 19:18:02.230 I/am_kill ( 1087): [0,8198,com.android.dynsystem,999,empty #33]
12-21 19:18:02.238 I/am_kill ( 1087): [0,8221,com.android.hotwordenrollment.okgoogle,999,empty #33]
12-21 19:18:02.244 I/power_partial_wake_state( 1087): [1002,DG:service:com.google.android.gms]
12-21 19:18:02.260 I/power_partial_wake_state( 1087): [11,messaging_service_start_wakelock:com.google.android.gms]
12-21 19:18:02.262 I/power_partial_wake_state( 1087): [2,messaging_service_work_wakelock:com.google.android.gms]
12-21 19:18:02.282 I/am_proc_died( 1087): [0,8198,com.android.dynsystem,0,999,19,919,3518]
12-21 19:18:02.292 I/am_proc_died( 1087): [0,7475,com.android.cellbroadcastreceiver,0,999,19,919,3518]
12-21 19:18:02.292 I/am_uid_stopped( 1087): 10252
12-21 19:18:02.315 I/am_kill ( 1087): [0,8306,com.android.hotwordenrollment.xgoogle,999,empty #33]
12-21 19:18:02.316 I/am_proc_died( 1087): [0,8221,com.android.hotwordenrollment.okgoogle,0,999,19,921,3518]
12-21 19:18:02.317 I/am_uid_stopped( 1087): 10097
12-21 19:18:02.333 I/am_kill ( 1087): [0,8340,com.android.managedprovisioning,999,empty #33]
12-21 19:18:02.338 I/am_proc_died( 1087): [0,7619,com.espn.score_center,0,985,19,922,3518]
12-21 19:18:02.339 I/am_uid_stopped( 1087): 10333
12-21 19:18:02.361 I/am_kill ( 1087): [0,6551,com.android.providers.calendar,999,empty #33]
12-21 19:18:02.371 I/am_proc_died( 1087): [0,8306,com.android.hotwordenrollment.xgoogle,0,999,19,929,3519]
12-21 19:18:02.371 I/am_uid_stopped( 1087): 10099
12-21 19:18:02.384 I/am_proc_died( 1087): [0,8340,com.android.managedprovisioning,0,999,19,930,3519]
12-21 19:18:02.384 I/am_uid_stopped( 1087): 10105
12-21 19:18:02.398 I/am_kill ( 1087): [0,8371,com.android.settings,999,empty #33]
12-21 19:18:02.426 I/am_proc_died( 1087): [0,6551,com.android.providers.calendar,0,999,19,934,3519]
12-21 19:18:02.427 I/am_uid_stopped( 1087): 10115
12-21 19:18:02.447 I/am_proc_died( 1087): [0,8371,com.android.settings,0,999,19,934,3519]
12-21 19:18:02.493 I/notification_cancel( 1087): [10100,2886,com.google.android.gms,3,NotificationPresenter,0,0,1088,8,NULL]
12-21 19:18:02.510 I/commit_sys_config_file( 1087): [notification-policy,23]
12-21 19:18:02.520 I/notification_cancel( 1087): [10100,2886,com.google.android.gms,3,NotificationPresenter,0,0,1088,8,NULL]
12-21 19:18:02.523 I/power_partial_wake_state( 1087): [0,nearby:ENWearableDeviceManager:com.google.android.gms]
12-21 19:18:02.539 I/notification_cancel( 1087): [10100,2886,com.google.android.gms,56933,NULL,0,0,1088,8,NULL]
12-21 19:18:02.550 I/notification_cancel( 1087): [10100,2886,com.google.android.gms,56932,NULL,0,0,1088,8,NULL]
12-21 19:18:02.551 I/notification_cancel( 1087): [10100,2886,com.google.android.gms,56935,NULL,0,0,1088,8,NULL]
12-21 19:18:02.551 I/notification_cancel( 1087): [10100,2886,com.google.android.gms,115357,NULL,0,0,1088,8,NULL]
12-21 19:18:02.551 I/notification_cancel( 1087): [10100,2886,com.google.android.gms,115356,NULL,0,0,1088,8,NULL]
12-21 19:18:02.551 I/notification_cancel( 1087): [10100,2886,com.google.android.gms,115358,NULL,0,0,1088,8,NULL]
12-21 19:18:02.574 I/notification_cancel( 1087): [10100,2886,com.google.android.gms,-593051844,NULL,0,0,1088,8,NULL]
12-21 19:18:02.574 I/notification_cancel( 1087): [10100,2886,com.google.android.gms,1433750744,NULL,0,0,1088,8,NULL]
12-21 19:18:02.575 I/notification_cancel( 1087): [10100,2886,com.google.android.gms,1491640042,NULL,0,0,1088,8,NULL]
12-21 19:18:02.575 I/notification_cancel( 1087): [10100,2886,com.google.android.gms,-1753715782,NULL,0,0,1088,8,NULL]
12-21 19:18:02.592 I/commit_sys_config_file( 1087): [notification-policy,21]
12-21 19:18:02.595 I/gms_unknown( 3812): [CheckinTask:ReceivedResponse,50656]
12-21 19:18:02.614 I/gms_unknown( 3812): [6,0,0,0,0]
12-21 19:18:02.614 I/gms_unknown( 3812): [5,0,0]
12-21 19:18:02.615 I/gms_unknown( 3812): 119
12-21 19:18:02.646 I/gms_unknown( 3812): 24
12-21 19:18:02.647 I/gms_unknown( 3812): [CheckinTask:duration,1741]
12-21 19:18:02.653 I/power_partial_wake_state( 1087): [1747,Checkin Service:com.google.android.gms]
12-21 19:18:02.654 I/power_partial_wake_state( 1087): [1761,wake:com.google.android.gms/.chimera.GmsIntentOperationService - 913:com.google.android.gms]
12-21 19:18:02.710 I/commit_sys_config_file( 1087): [notification-policy,16]
12-21 19:18:02.730 I/notification_cancel( 1087): [10100,3812,com.google.android.gms,1,NULL,0,0,1088,8,NULL]
12-21 19:18:02.764 I/power_partial_wake_state( 1087): [14,SyncLoopWakeLock:android]
12-21 19:18:02.766 I/sync    ( 1087): [com.google.android.gms.reminders,0,0,1546474410]
12-21 19:18:02.778 I/power_partial_wake_state( 1087): [18,IntentOp:.reminders.notification.RefreshNotificationsIntentOperation:com.google.android.gms]
12-21 19:18:02.781 I/power_partial_wake_state( 1087): [15,SyncLoopWakeLock:android]
12-21 19:18:02.802 I/power_partial_wake_state( 1087): [1,SyncLoopWakeLock:android]
12-21 19:18:02.821 I/power_partial_wake_state( 1087): [16,IntentOp:.reminders.notification.ScheduleTimeRemindersIntentOperation:com.google.android.gms]
12-21 19:18:02.829 I/power_partial_wake_state( 1087): [6,SyncLoopWakeLock:android]
12-21 19:18:02.834 I/notification_cancel( 1087): [10100,2886,com.google.android.gms,3,nearby_sharing,0,0,1088,8,NULL]
12-21 19:18:02.835 I/notification_cancel( 1087): [10100,2886,com.google.android.gms,3,nearby_sharing,0,0,1088,8,NULL]
12-21 19:18:02.837 I/notification_cancel( 1087): [10100,2886,com.google.android.gms,3,nearby_sharing,0,0,1088,8,NULL]
12-21 19:18:02.838 I/notification_cancel( 1087): [10100,2886,com.google.android.gms,3,nearby_sharing,0,0,1088,8,NULL]
12-21 19:18:02.839 I/register_audio_device_callback( 9555): 9555
12-21 19:18:02.846 I/notification_cancel( 1087): [10100,2886,com.google.android.gms,3,nearby_sharing,0,0,1088,8,NULL]
12-21 19:18:02.848 I/notification_cancel( 1087): [10100,2886,com.google.android.gms,3,nearby_sharing,0,0,1088,8,NULL]
12-21 19:18:02.856 I/notification_cancel( 1087): [10100,2886,com.google.android.gms,3,nearby_sharing,0,0,1088,8,NULL]
12-21 19:18:02.858 I/notification_cancel( 1087): [10100,2886,com.google.android.gms,3,nearby_sharing,0,0,1088,8,NULL]
12-21 19:18:02.860 I/power_partial_wake_state( 1087): [34,*gms_scheduler*:internal:com.google.android.gms]
12-21 19:18:02.863 I/notification_cancel( 1087): [10100,2886,com.google.android.gms,3,nearby_sharing,0,0,1088,8,NULL]
12-21 19:18:02.864 I/notification_cancel( 1087): [10100,2886,com.google.android.gms,3,nearby_sharing,0,0,1088,8,NULL]
12-21 19:18:02.889 I/power_partial_wake_state( 1087): [40,*gms_scheduler*/com.google.android.gms/.icing.proxy.IcingInternalCorporaUpdateService:com.google.android.gms]
12-21 19:18:02.907 I/power_partial_wake_state( 1087): [142,*job*/com.google.android.gms.reminders/com.google/eM_ADDR:android:android]
12-21 19:18:02.910 I/dvm_lock_sample( 9555): [com.google.android.youtube,0,yt-critical Thread #0,278,Runtime.java,-1,void java.lang.Runtime.loadLibrary0(java.lang.ClassLoader, java.lang.Class, java.lang.String),-,1089,void java.lang.Runtime.loadLibrary0(java.lang.ClassLoader, java.lang.Class, java.lang.String),55]
12-21 19:18:02.912 I/power_partial_wake_state( 1087): [146,*sync*/com.google.android.gms.reminders/com.google/aa1200835@gmail.com:android]
12-21 19:18:02.915 I/dvm_lock_sample( 9555): [com.google.android.youtube,1,BG Thread #5,274,ConditionVariable.java,94,void android.os.ConditionVariable.block(),-,70,void android.os.ConditionVariable.open(),54]
12-21 19:18:02.916 I/dvm_lock_sample( 9555): [com.google.android.youtube,1,BG Thread #7,270,PG,1,java.lang.Object arzt.a(),-,2,java.lang.Object arzt.a(),54]
12-21 19:18:02.916 I/sync    ( 1087): [com.google.android.gms.reminders,1,0,1546474410]
12-21 19:18:02.916 I/power_partial_wake_state( 1087): [9,SyncLoopWakeLock:android]
12-21 19:18:02.922 I/notification_cancel( 1087): [1000,1087,android,18,-849393836,0,0,0,8,NULL]
12-21 19:18:02.926 I/power_partial_wake_state( 1087): [35,*gms_scheduler*:internal:com.google.android.gms]
12-21 19:18:02.952 I/power_partial_wake_state( 1087): [0,SyncLoopWakeLock:android]
12-21 19:18:02.952 I/power_partial_wake_state( 1087): [0,SyncLoopWakeLock:android]
12-21 19:18:02.980 I/power_partial_wake_state( 1087): [54,*gms_scheduler*:internal:com.google.android.gms]
12-21 19:18:03.017 I/power_partial_wake_state( 1087): [43,SyncLoopWakeLock:android]
12-21 19:18:03.042 I/power_partial_wake_state( 1087): [95,*gms_scheduler*/com.google.android.gms/.ads.jams.NegotiationService:com.google.android.gms]
12-21 19:18:03.043 I/sync    ( 1087): [subscribedfeeds,0,0,1546474410]
12-21 19:18:03.057 I/power_partial_wake_state( 1087): [9,*gms_scheduler*:internal:com.google.android.gms]
12-21 19:18:03.064 I/power_partial_wake_state( 1087): [46,SyncLoopWakeLock:android]
12-21 19:18:03.066 I/power_partial_wake_state( 1087): [0,SyncLoopWakeLock:android]
12-21 19:18:03.081 I/power_partial_wake_state( 1087): [0,SyncLoopWakeLock:android]
12-21 19:18:03.081 I/power_partial_wake_state( 1087): [0,SyncLoopWakeLock:android]
12-21 19:18:03.093 I/power_partial_wake_state( 1087): [34,*gms_scheduler*:internal:com.google.android.gms]
12-21 19:18:03.099 I/notification_cancel( 1087): [1000,1087,android,37,AccountManagerService:37:1575116973,0,0,0,8,NULL]
12-21 19:18:03.122 I/power_partial_wake_state( 1087): [42,*gms_scheduler*/com.google.android.gms/.auth.account.be.legacy.AuthCronService:com.google.android.gms]
12-21 19:18:03.135 I/sysui_multi_action( 2886): [757,920,758,4,759,875605769]
12-21 19:18:03.138 I/power_partial_wake_state( 1087): [15,*gms_scheduler*:internal:com.google.android.gms]
12-21 19:18:03.151 I/power_partial_wake_state( 1087): [1,UlrDispSvcFastWL:com.google.android.gms]
12-21 19:18:03.153 I/power_partial_wake_state( 1087): [106,wake:CollectionChimeraSvc:com.google.android.gms]
12-21 19:18:03.170 I/power_partial_wake_state( 1087): [28,*gms_scheduler*:internal:com.google.android.gms]
12-21 19:18:03.176 I/power_partial_wake_state( 1087): [1,SyncLoopWakeLock:android]
12-21 19:18:03.179 I/power_partial_wake_state( 1087): [29,UlrDispSvcFastWL:com.google.android.gms]
12-21 19:18:03.185 I/power_partial_wake_state( 1087): [26,*gms_scheduler*/com.google.android.gms/.gass.chimera.SchedulePeriodicTasksService:com.google.android.gms]
12-21 19:18:03.189 I/power_partial_wake_state( 1087): [6,UlrDispSvcFastWL:com.google.android.gms]
12-21 19:18:03.202 I/power_partial_wake_state( 1087): [499,ChimeExecutorApi::com.google.android.youtube:com.google.android.youtube]
12-21 19:18:03.203 I/power_partial_wake_state( 1087): [14,*gms_scheduler*:internal:com.google.android.gms]
12-21 19:18:03.234 I/power_partial_wake_state( 1087): [28,*gms_scheduler*:internal:com.google.android.gms]
12-21 19:18:03.240 I/am_uid_running( 1087): 10119
12-21 19:18:03.249 I/power_partial_wake_state( 1087): [28,*gms_scheduler*/com.google.android.gms/.gass.chimera.SchedulePeriodicTasksService:com.google.android.gms]
12-21 19:18:03.253 I/power_partial_wake_state( 1087): [3,*gms_scheduler*:internal:com.google.android.gms]
12-21 19:18:03.257 I/am_proc_start( 1087): [0,9749,10119,com.osp.app.signin,broadcast,{com.osp.app.signin/com.samsung.consent.carta.schedule.BootReceiver}]
12-21 19:18:03.284 I/power_partial_wake_state( 1087): [148,*job*/com.google.android.youtube/androidx.work.impl.background.systemjob.SystemJobService:android]
12-21 19:18:03.288 I/am_proc_bound( 1087): [0,9749,com.osp.app.signin]
12-21 19:18:03.324 I/commit_sys_config_file( 1087): [package-user-0,18]
12-21 19:18:03.507 I/power_partial_wake_state( 1087): [545,*gms_scheduler*/com.google.android.gms/.ads.social.GcmSchedulerWakeupService:com.google.android.gms]
12-21 19:18:03.516 I/power_partial_wake_state( 1087): [5,*gms_scheduler*:internal:com.google.android.gms]
12-21 19:18:03.752 I/am_uid_running( 1087): 10121
12-21 19:18:03.770 I/am_proc_start( 1087): [0,9818,10121,com.samsung.android.mobileservice,content provider,{com.samsung.android.mobileservice/com.samsung.android.mobileservice.registration.auth.legacy.data.local.EsuAgentProvider}]
12-21 19:18:03.809 I/am_proc_bound( 1087): [0,9818,com.samsung.android.mobileservice]
12-21 19:18:03.969 I/power_partial_wake_state( 1087): [802,*job*/com.google.android.youtube/androidx.work.impl.background.systemjob.SystemJobService:android]
12-21 19:18:03.973 I/commit_sys_config_file( 1087): [jobs,6]
12-21 19:18:03.976 I/am_uid_running( 1087): 10257
12-21 19:18:03.982 I/am_kill ( 1087): [0,8429,com.android.systemui:edgelighting,999,empty #33]
12-21 19:18:03.984 I/am_kill ( 1087): [0,8407,com.android.shell,999,empty #34]
12-21 19:18:03.986 I/am_proc_start( 1087): [0,9860,10257,com.qualcomm.telephony,broadcast,{com.qualcomm.atfwd/com.qualcomm.atfwd.AtFwdAutoboot}]
12-21 19:18:03.990 I/am_kill ( 1087): [0,8457,com.android.traceur,999,empty #33]
12-21 19:18:04.024 I/am_proc_bound( 1087): [0,9860,com.qualcomm.telephony]
12-21 19:18:04.029 I/am_proc_died( 1087): [0,8407,com.android.shell,0,999,19,825,3581]
12-21 19:18:04.030 I/am_uid_stopped( 1087): 2000
12-21 19:18:04.048 I/am_proc_died( 1087): [0,8429,com.android.systemui:edgelighting,0,999,19,828,3581]
12-21 19:18:04.059 I/am_proc_died( 1087): [0,8457,com.android.traceur,0,999,19,827,3581]
12-21 19:18:04.060 I/am_uid_stopped( 1087): 10209
12-21 19:18:04.095 I/power_partial_wake_state( 1087): [5,*job*/com.samsung.android.mobileservice/.social.calendar.presentation.service.jobservice.MigrationJobService:android]
12-21 19:18:04.104 I/am_uid_running( 1087): 10248
12-21 19:18:04.117 I/power_partial_wake_state( 1087): [28,*job*/com.samsung.android.mobileservice/.social.buddy.account.presentation.service.ContactObserverService:android]
12-21 19:18:04.125 I/am_proc_start( 1087): [0,9898,10248,com.qualcomm.qti.smq,broadcast,{com.qualcomm.qti.smq/com.qualcomm.qti.smq.receiver.BootReceiver}]
12-21 19:18:04.173 I/am_proc_bound( 1087): [0,9898,com.qualcomm.qti.smq]
12-21 19:18:04.177 I/power_partial_wake_state( 1087): [25,*job*/com.samsung.android.mobileservice/androidx.work.impl.background.systemjob.SystemJobService:android]
12-21 19:18:04.191 I/power_partial_wake_state( 1087): [1173,*job*/subscribedfeeds/com.google/eM_ADDR:android:android]
12-21 19:18:04.207 I/am_kill ( 1087): [0,3749,com.samsung.android.sm.provider,999,empty #33]
12-21 19:18:04.210 I/power_partial_wake_state( 1087): [1164,*sync*/subscribedfeeds/com.google/aa1200835@gmail.com:android]
12-21 19:18:04.215 I/am_kill ( 1087): [0,6373,com.android.settings.intelligence,999,empty #33]
12-21 19:18:04.223 I/am_uid_running( 1087): 10132
12-21 19:18:04.233 I/am_kill ( 1087): [0,7501,com.google.android.apps.carrier.carrierwifi,999,empty #33]
12-21 19:18:04.243 I/am_proc_start( 1087): [0,9920,10132,com.samsung.android.SettingsReceiver,broadcast,{com.samsung.android.SettingsReceiver/com.samsung.android.SettingsReceiver.SettingsIntentReceiver}]
12-21 19:18:04.243 I/sync    ( 1087): [subscribedfeeds,1,0,1546474410]
12-21 19:18:04.244 I/power_partial_wake_state( 1087): [54,SyncLoopWakeLock:android]
12-21 19:18:04.244 I/notification_cancel( 1087): [1000,1087,android,18,-2039035178,0,0,0,8,NULL]
12-21 19:18:04.245 I/am_proc_died( 1087): [0,3749,com.samsung.android.sm.provider,0,999,19,831,3581]
12-21 19:18:04.257 I/am_proc_died( 1087): [0,7501,com.google.android.apps.carrier.carrierwifi,0,999,19,835,3581]
12-21 19:18:04.257 I/am_uid_stopped( 1087): 10071
12-21 19:18:04.268 I/am_proc_died( 1087): [0,6373,com.android.settings.intelligence,0,999,19,836,3582]
12-21 19:18:04.268 I/am_uid_stopped( 1087): 10129
12-21 19:18:04.286 I/am_proc_bound( 1087): [0,9920,com.samsung.android.SettingsReceiver]
12-21 19:18:04.375 I/am_uid_running( 1087): 5005
12-21 19:18:04.384 I/am_kill ( 1087): [0,8584,com.google.android.apps.maps:server_recovery_process,999,empty #33]
12-21 19:18:04.399 I/am_proc_start( 1087): [0,9944,5005,com.samsung.android.allshare.service.fileshare,broadcast,{com.samsung.android.allshare.service.fileshare/com.samsung.android.allshare.service.fileshare.FileShareBroadcastReceiver}]
12-21 19:18:04.419 I/am_proc_died( 1087): [0,8584,com.google.android.apps.maps:server_recovery_process,0,999,19,847,3582]
12-21 19:18:04.430 I/am_kill ( 1087): [0,6715,com.facebook.katana,999,empty #33]
12-21 19:18:04.435 I/am_proc_bound( 1087): [0,9944,com.samsung.android.allshare.service.fileshare]
12-21 19:18:04.435 I/power_partial_wake_state( 1087): [5013,GOOGLE_C2DM:com.google.android.gms]
12-21 19:18:04.478 I/am_proc_died( 1087): [0,6715,com.facebook.katana,0,999,19,881,3583]
12-21 19:18:04.481 I/am_uid_stopped( 1087): 10325
12-21 19:18:04.565 I/am_kill ( 1087): [0,8491,com.google.android.apps.maps,999,empty #33]
12-21 19:18:04.569 I/am_uid_running( 1087): 10118
12-21 19:18:04.588 I/am_proc_start( 1087): [0,9967,10118,com.samsung.android.app.contacts,broadcast,{com.samsung.android.app.contacts/com.samsung.android.contacts.BootCompleteReceiver}]
12-21 19:18:04.608 I/am_proc_died( 1087): [0,8491,com.google.android.apps.maps,0,999,19,900,3586]
12-21 19:18:04.609 I/am_uid_stopped( 1087): 10243
12-21 19:18:04.630 I/am_proc_bound( 1087): [0,9967,com.samsung.android.app.contacts]
12-21 19:18:04.729 I/service_manager_stats( 1087): [200,140,5016]
12-21 19:18:04.743 I/notification_cancel_all( 1087): [1000,1087,com.google.android.youtube,0,0,0,17,NULL]
12-21 19:18:04.744 I/am_uid_running( 1087): 10085
12-21 19:18:04.763 I/notification_cancel_all( 1087): [1000,1087,com.google.android.youtube,0,0,0,17,NULL]
12-21 19:18:04.765 I/am_proc_start( 1087): [0,9997,10085,com.samsung.android.app.galaxyfinder:receiver,broadcast,{com.samsung.android.app.galaxyfinder/com.samsung.android.app.galaxyfinder.receiver.GalaxyFinderReceiver}]
12-21 19:18:04.780 I/commit_sys_config_file( 1087): [notification-policy,47]
12-21 19:18:04.793 I/commit_sys_config_file( 1087): [notification-policy,13]
12-21 19:18:04.795 I/am_proc_bound( 1087): [0,9997,com.samsung.android.app.galaxyfinder:receiver]
12-21 19:18:04.809 I/service_manager_slow( 1087): [12,application_policy]
12-21 19:18:04.812 I/power_partial_wake_state( 1087): [43,*job*/com.samsung.android.app.contacts/com.samsung.android.contacts.shortcut.ShortcutManageService:android]
12-21 19:18:04.823 I/am_kill ( 1087): [0,8736,com.google.android.apps.turbo,999,empty #33]
12-21 19:18:04.865 I/am_proc_died( 1087): [0,8736,com.google.android.apps.turbo,0,999,19,893,3587]
12-21 19:18:04.911 I/power_partial_wake_state( 1087): [125,*job*/com.samsung.android.app.contacts/com.samsung.android.dialtacts.model.component.service.makesimdbservice.MakeSimDBService:android]
12-21 19:18:04.914 I/am_uid_running( 1087): 10180
12-21 19:18:04.922 I/am_uid_running( 1087): 10266
12-21 19:18:04.933 I/am_proc_start( 1087): [0,10034,10085,com.samsung.android.app.galaxyfinder:appservice,service,{com.samsung.android.app.galaxyfinder/com.samsung.android.app.galaxyfinder.acceleration.AppCoreService}]
12-21 19:18:04.938 I/power_partial_wake_state( 1087): [175,*job*/com.samsung.android.app.contacts/com.samsung.android.dialtacts.model.usagereportservice.UsageReportServiceModel$UsageReportJobIntentService:android]
12-21 19:18:04.948 I/am_proc_start( 1087): [0,10041,10180,com.samsung.android.app.reminder,broadcast,{com.samsung.android.app.reminder/com.samsung.android.app.reminder.data.alarmregister.AlarmReceiver}]
12-21 19:18:04.958 I/am_kill ( 1087): [0,8608,com.google.android.apps.tachyon,965,empty #33]
12-21 19:18:04.973 I/am_proc_bound( 1087): [0,10034,com.samsung.android.app.galaxyfinder:appservice]
12-21 19:18:04.975 I/power_partial_wake_state( 1087): [66,*gms_scheduler*:internal:com.google.android.gms]
12-21 19:18:04.977 I/am_proc_start( 1087): [0,10072,10266,com.sec.android.app.sbrowser,service,{com.sec.android.app.sbrowser/com.sec.android.app.sbrowser.custom_tab.CustomTabsConnectionService}]
12-21 19:18:04.979 I/power_partial_wake_state( 1087): [31,*gms_scheduler*/com.google.android.gms/.icing.proxy.IcingInternalCorporaUpdateService:com.google.android.gms]
12-21 19:18:04.985 I/am_proc_bound( 1087): [0,10041,com.samsung.android.app.reminder]
12-21 19:18:04.989 I/power_partial_wake_state( 1087): [8,*gms_scheduler*:internal:com.google.android.gms]
12-21 19:18:05.000 I/power_partial_wake_state( 1087): [6,*gms_scheduler*:internal:com.google.android.gms]
12-21 19:18:05.013 I/am_proc_bound( 1087): [0,10072,com.sec.android.app.sbrowser]
12-21 19:18:05.148 I/power_partial_wake_state( 1087): [274,*job*/com.google.android.youtube/androidx.work.impl.background.systemjob.SystemJobService:android]
12-21 19:18:05.200 I/power_partial_wake_state( 1087): [207,*job*/com.google.android.youtube/androidx.work.impl.background.systemjob.SystemJobService:android]
12-21 19:18:05.212 I/power_partial_wake_state( 1087): [24,IntentOp:.common.broadcast.BackgroundBroadcastReceiverSupport$PersistentReceiverIntentOperation:com.google.android.gms]
12-21 19:18:05.215 I/am_kill ( 1087): [0,8770,com.google.android.apps.turbo:aab,955,empty #33]
12-21 19:18:05.225 I/am_kill ( 1087): [0,8797,com.google.android.apps.turbo:ssb,955,empty #33]
12-21 19:18:05.254 I/am_kill ( 1087): [0,8826,com.google.android.configupdater,999,empty #33]
12-21 19:18:05.255 I/am_proc_start( 1087): [0,10146,10075,com.samsung.android.app.routines,broadcast,{com.samsung.android.app.routines/com.samsung.android.app.routines.domainmodel.core.service.RoutineBroadcastReceiver}]
12-21 19:18:05.285 I/am_proc_died( 1087): [0,8770,com.google.android.apps.turbo:aab,0,955,19,880,3597]
12-21 19:18:05.292 I/am_proc_died( 1087): [0,8608,com.google.android.apps.tachyon,0,965,19,880,3598]
12-21 19:18:05.293 I/am_uid_stopped( 1087): 10240
12-21 19:18:05.298 I/am_proc_bound( 1087): [0,10146,com.samsung.android.app.routines]
12-21 19:18:05.303 I/am_proc_died( 1087): [0,8826,com.google.android.configupdater,0,999,19,877,3601]
12-21 19:18:05.304 I/am_uid_stopped( 1087): 10072
12-21 19:18:05.326 I/am_uid_running( 1087): 10131
12-21 19:18:05.340 I/am_uid_running( 1087): 10130
12-21 19:18:05.342 I/am_proc_start( 1087): [0,10171,1000,com.android.settings,content provider,{com.android.settings/com.samsung.android.settings.search.devicesearch.DeviceSearchIndexProvider}]
12-21 19:18:05.347 I/am_proc_died( 1087): [0,8797,com.google.android.apps.turbo:ssb,0,955,19,869,3606]
12-21 19:18:05.348 I/am_uid_stopped( 1087): 10148
12-21 19:18:05.364 I/am_proc_start( 1087): [0,10188,10131,com.sec.android.app.myfiles,content provider,{com.sec.android.app.myfiles/com.sec.android.app.myfiles.external.providers.DeviceSearchIndexProvider}]
12-21 19:18:05.368 I/am_proc_bound( 1087): [0,10171,com.android.settings]
12-21 19:18:05.376 I/am_proc_start( 1087): [0,10196,10130,com.samsung.android.messaging,content provider,{com.samsung.android.messaging/com.samsung.android.messaging.ui.provider.search.DeviceSearchProvider}]
12-21 19:18:05.406 I/am_proc_bound( 1087): [0,10188,com.sec.android.app.myfiles]
12-21 19:18:05.417 I/am_proc_bound( 1087): [0,10196,com.samsung.android.messaging]
12-21 19:18:05.531 I/am_proc_start( 1087): [0,10256,10075,com.samsung.android.app.routines:RoutineUIProcess,service,{com.samsung.android.app.routines/com.samsung.android.app.routines.domainmodel.core.service.NotificationUpdateService}]
12-21 19:18:05.533 I/am_uid_running( 1087): 10299
12-21 19:18:05.547 I/am_proc_start( 1087): [0,10262,10299,com.samsung.android.email.provider,content provider,{com.samsung.android.email.provider/com.samsung.android.email.provider.devicesearch.DeviceSearchIndexProvider}]
12-21 19:18:05.559 I/am_proc_bound( 1087): [0,10256,com.samsung.android.app.routines:RoutineUIProcess]
12-21 19:18:05.574 I/am_proc_bound( 1087): [0,10262,com.samsung.android.email.provider]
12-21 19:18:05.580 I/am_uid_running( 1087): 10186
