12-21 19:19:34.772 I/content_query_sample( 2755): contents_sample_state: [STORAGE Contacts(CE) Profile(CE) SAProfile(CE) CallLog(CE)  ]
12-21 19:19:35.068 I/sysui_multi_action( 1087): [757,127,758,2]
12-21 19:19:35.068 I/notification_panel_hidden( 1087): 
12-21 19:19:35.074 I/screen_toggled( 1963): 310105
12-21 19:19:35.078 I/wm_set_keyguard_shown( 1087): [1,0,1,keyguardGoingAway]
12-21 19:19:35.078 I/wm_sleep_token( 1087): [0,0,keyguard]
12-21 19:19:35.080 I/wm_set_resumed_activity( 1087): [0,com.wssyncmldm/com.idm.fotaagent.enabler.ui.downloadconfirm.DownloadConfirmActivity,resumeTopActivityInnerLocked]
12-21 19:19:35.082 I/wm_resume_activity( 1087): [0,214892648,8,com.wssyncmldm/com.idm.fotaagent.enabler.ui.downloadconfirm.DownloadConfirmActivity]
12-21 19:19:35.095 I/wm_on_restart_called( 6274): [214892648,com.idm.fotaagent.enabler.ui.downloadconfirm.DownloadConfirmActivity,performRestartActivity]
12-21 19:19:35.095 I/wm_on_start_called( 6274): [214892648,com.idm.fotaagent.enabler.ui.downloadconfirm.DownloadConfirmActivity,handleStartActivity]
12-21 19:19:35.105 I/wm_on_resume_called( 6274): [214892648,com.idm.fotaagent.enabler.ui.downloadconfirm.DownloadConfirmActivity,RESUME_ACTIVITY]
12-21 19:19:35.105 I/wm_on_top_resumed_gained_called( 6274): [214892648,com.idm.fotaagent.enabler.ui.downloadconfirm.DownloadConfirmActivity,topWhenResuming]
12-21 19:19:35.114 I/am_pss  ( 1087): [14966,5025,com.samsung.android.mdx.kit,40278016,38387712,194560,151199744,0,10,10]
12-21 19:19:35.126 I/am_pss  ( 1087): [9749,10119,com.osp.app.signin,38120448,35123200,194560,150384640,0,10,9]
12-21 19:19:35.136 I/am_pss  ( 1087): [14888,1000,android:drmService,5448704,3670016,196608,112058368,0,10,7]
12-21 19:19:35.137 I/notification_enqueue( 1087): [1000,6274,com.wssyncmldm,3,NULL,0,Notification(channel=IDM_NOTIFICATION_CHANNEL_NO_SOUND_NO_VIBRATION shortcut=null contentView=null vibrate=null sound=null defaults=0x0 flags=0x20 color=0xff598cff vis=PRIVATE semFlags=0x0 semPriority=0 semMissedCount=0),1,NULL]
12-21 19:19:35.142 I/wm_set_keyguard_shown( 1087): [0,0,1,setKeyguardShown]
12-21 19:19:35.143 I/wm_on_idle_called( 6274): {com.wssyncmldm/com.idm.fotaagent.enabler.ui.downloadconfirm.DownloadConfirmActivity}
12-21 19:19:35.145 I/wm_idle_activity( 1087): [0,214892648,com.wssyncmldm/com.idm.fotaagent.enabler.ui.downloadconfirm.DownloadConfirmActivity]
12-21 19:19:35.145 I/sysui_multi_action( 1087): [319,120029,322,8471,325,23,757,761,758,8,759,2,806,com.wssyncmldm,871,com.idm.fotaagent.enabler.ui.downloadconfirm.DownloadConfirmActivity,904,com.wssyncmldm,905,0,1320,8,1321,5]
12-21 19:19:35.146 I/am_app_transition( 1087): [com.wssyncmldm,com.idm.fotaagent.enabler.ui.downloadconfirm.DownloadConfirmActivity,WINDOWS_DRAWN,120029,-1,-1,8471,WARM,speed-profile]
12-21 19:19:35.153 I/wm_activity_launch_time( 1087): [0,214892648,com.wssyncmldm/com.idm.fotaagent.enabler.ui.downloadconfirm.DownloadConfirmActivity,8471]
12-21 19:19:35.160 I/sysui_multi_action( 1963): [757,196,758,2,759,0]
12-21 19:19:35.160 I/sysui_status_bar_state( 1963): [0,0,0,0,0,1]
12-21 19:19:35.184 I/user_activity_timeout_override( 1087): -1
12-21 19:19:35.197 I/power_partial_wake_state( 1087): [45,AudioMix:audioserver]
12-21 19:19:35.211 I/power_partial_wake_state( 1087): [2,NlpWakeLock:com.google.android.gms]
12-21 19:19:35.213 I/am_uid_running( 1087): 10083
12-21 19:19:35.226 I/am_proc_start( 1087): [0,18012,10083,com.samsung.android.dynamiclock,content provider,{com.samsung.android.dynamiclock/com.samsung.android.dynamiclock.data.provider.DynamicLockProvider}]
12-21 19:19:35.247 I/power_partial_wake_state( 1087): [18,IntentOp:.common.broadcast.BackgroundBroadcastReceiverSupport$PersistentReceiverIntentOperation:com.google.android.gms]
12-21 19:19:35.275 I/notification_cancel( 1087): [10100,2886,com.google.android.gms,3,nearby_sharing,0,0,1088,8,NULL]
12-21 19:19:35.282 I/service_manager_stats( 2886): [200,298,143343]
12-21 19:19:35.284 I/am_proc_bound( 1087): [0,18012,com.samsung.android.dynamiclock]
12-21 19:19:35.287 I/am_uid_active( 1087): 10083
12-21 19:19:35.633 I/power_partial_wake_state( 1087): [436,AudioMix:audioserver]
12-21 19:19:36.264 I/am_proc_start( 1087): [0,18059,1000,com.samsung.android.mcfserver,service,{com.samsung.android.mcfserver/com.samsung.android.mcfserver.McfService}]
12-21 19:19:36.287 I/am_proc_died( 1087): [0,14966,com.samsung.android.mdx.kit,34,0,10,425,4052]
12-21 19:19:36.288 I/am_uid_stopped( 1087): 5025
12-21 19:19:36.306 I/am_pss  ( 1087): [15749,5004,com.samsung.cmh:CMH,12389376,10850304,197632,114216960,0,19,10]
12-21 19:19:36.308 I/am_proc_bound( 1087): [0,18059,com.samsung.android.mcfserver]
12-21 19:19:36.646 I/wm_task_moved( 1087): [6,1,2147483647]
12-21 19:19:36.646 I/wm_on_top_resumed_lost_called( 6274): [214892648,com.idm.fotaagent.enabler.ui.downloadconfirm.DownloadConfirmActivity,topStateChangedWhenResumed]
12-21 19:19:36.647 I/wm_task_moved( 1087): [6,1,2147483647]
12-21 19:19:36.648 I/wm_set_resumed_activity( 1087): [0,com.sec.android.app.launcher/.activities.LauncherActivity,bringingFoundTaskToFront]
12-21 19:19:36.649 I/wm_task_to_front( 1087): [0,6]
12-21 19:19:36.649 I/wm_new_intent( 1087): [0,109374009,6,com.sec.android.app.launcher/.activities.LauncherActivity,android.intent.action.MAIN,NULL,NULL,268435712,startHomeActivity: startDockOrHome:0:0:0:null:1087]
12-21 19:19:36.649 I/wm_pause_activity( 1087): [0,214892648,com.wssyncmldm/com.idm.fotaagent.enabler.ui.downloadconfirm.DownloadConfirmActivity,userLeaving=true,-]
12-21 19:19:36.651 I/wm_add_to_stopping( 1087): [0,214892648,com.wssyncmldm/com.idm.fotaagent.enabler.ui.downloadconfirm.DownloadConfirmActivity,makeInvisible]
12-21 19:19:36.652 I/wm_set_resumed_activity( 1087): [0,com.sec.android.app.launcher/.activities.LauncherActivity,resumeTopActivityInnerLocked]
12-21 19:19:36.653 I/wm_resume_activity( 1087): [0,109374009,6,com.sec.android.app.launcher/.activities.LauncherActivity]
12-21 19:19:36.656 I/wm_on_paused_called( 6274): [214892648,com.idm.fotaagent.enabler.ui.downloadconfirm.DownloadConfirmActivity,performPause]
12-21 19:19:36.659 I/sysui_multi_action( 1087): [757,803,799,window_time_0,802,113]
12-21 19:19:36.672 I/wm_on_restart_called( 2379): [109374009,com.sec.android.app.launcher.activities.LauncherActivity,performRestartActivity]
12-21 19:19:36.676 I/wm_on_start_called( 2379): [109374009,com.sec.android.app.launcher.activities.LauncherActivity,handleStartActivity]
12-21 19:19:36.688 I/wm_on_resume_called( 2379): [109374009,com.sec.android.app.launcher.activities.LauncherActivity,RESUME_ACTIVITY]
12-21 19:19:36.688 I/wm_on_top_resumed_gained_called( 2379): [109374009,com.sec.android.app.launcher.activities.LauncherActivity,topStateChangedWhenResumed]
12-21 19:19:36.750 I/sysui_multi_action( 1087): [319,93,322,77,325,144,757,761,758,9,759,2,806,com.sec.android.app.launcher,871,com.sec.android.app.launcher.activities.LauncherActivity,905,0,1320,8,1321,5]
12-21 19:19:36.751 I/am_app_transition( 1087): [com.sec.android.app.launcher,com.sec.android.app.launcher.activities.LauncherActivity,WINDOWS_DRAWN,93,-1,-1,77,HOT,speed-profile]
12-21 19:19:36.754 I/am_uid_running( 1087): 10087
12-21 19:19:36.779 I/am_proc_start( 1087): [0,18111,10087,com.sec.android.widgetapp.samsungapps,service,{com.sec.android.widgetapp.samsungapps/com.sec.android.widgetapp.samsungapps.WidgetService}]
12-21 19:19:36.784 I/wm_on_idle_called( 2379): {com.sec.android.app.launcher/com.sec.android.app.launcher.activities.LauncherActivity}
12-21 19:19:36.785 I/wm_idle_activity( 1087): [0,109374009,com.sec.android.app.launcher/.activities.LauncherActivity]
12-21 19:19:36.785 I/power_partial_wake_state( 1087): [135,*launch*:android]
12-21 19:19:36.810 I/am_proc_bound( 1087): [0,18111,com.sec.android.widgetapp.samsungapps]
12-21 19:19:36.816 I/am_uid_active( 1087): 10087
12-21 19:19:37.117 I/wm_stop_activity( 1087): [0,214892648,com.wssyncmldm/com.idm.fotaagent.enabler.ui.downloadconfirm.DownloadConfirmActivity]
12-21 19:19:37.135 I/wm_on_stop_called( 6274): [214892648,com.idm.fotaagent.enabler.ui.downloadconfirm.DownloadConfirmActivity,STOP_ACTIVITY_ITEM]
12-21 19:19:37.817 I/am_uid_idle( 1087): 10222
12-21 19:19:38.154 I/power_partial_wake_state( 1087): [3002,AudioMix:audioserver]
12-21 19:19:38.156 I/power_partial_wake_state( 1087): [3005,AudioMix:audioserver]
12-21 19:19:38.161 I/power_partial_wake_state( 1087): [3009,AudioMix:audioserver]
12-21 19:19:38.694 I/power_partial_wake_state( 1087): [3060,AudioMix:audioserver]
12-21 19:19:39.669 I/am_uid_idle( 1087): 10112
12-21 19:19:41.308 I/notification_cancel( 1087): [10075,1963,com.android.systemui,2,low_battery,-1,0,1088,8,NULL]
12-21 19:19:41.308 I/notification_cancel( 1087): [10075,1963,com.android.systemui,3,low_battery,-1,0,1088,8,NULL]
12-21 19:19:41.308 I/notification_cancel( 1087): [10075,1963,com.android.systemui,49,auto_saver,-1,0,1088,8,NULL]
12-21 19:19:41.905 I/am_pss  ( 1087): [16353,10120,com.samsung.android.scs,29237248,27295744,196608,140566528,0,19,17]
12-21 19:19:41.926 I/am_pss  ( 1087): [7829,10112,com.android.vending,76448768,73359360,189440,197992448,0,19,17]
12-21 19:19:42.332 I/unregister_audio_device_callback( 4165): 4165
12-21 19:19:42.416 I/am_proc_died( 1087): [0,4165,com.samsung.android.oneconnect:Core,34,0,10,329,4205]
12-21 19:19:42.441 I/am_pss  ( 1087): [12753,10325,com.facebook.katana,110522368,107180032,192512,229969920,0,19,17]
12-21 19:19:42.452 I/am_pss  ( 1087): [16926,10114,com.sec.spp.push,13547520,11051008,200704,113840128,0,19,9]
12-21 19:19:42.464 I/am_pss  ( 1087): [16896,1000,com.sec.android.soagent,6777856,5087232,199680,113446912,0,19,10]
12-21 19:19:43.840 I/am_uid_idle( 1087): 10262
12-21 19:19:45.879 I/am_pss  ( 1087): [16621,10241,com.google.android.gm,74100736,66924544,198656,209567744,0,19,25]
12-21 19:19:46.698 I/am_kill ( 1087): [0,16896,com.sec.android.soagent,999,empty #33]
12-21 19:19:46.719 I/am_pss  ( 1087): [2379,10150,com.sec.android.app.launcher,140352512,131252224,188416,285712384,0,2,17]
12-21 19:19:46.729 I/am_proc_died( 1087): [0,16896,com.sec.android.soagent,34,999,19,337,4206]
12-21 19:19:46.736 I/am_pss  ( 1087): [11234,5023,com.samsung.android.networkdiagnostic,25540608,23695360,195584,133664768,0,19,10]
12-21 19:19:46.758 I/am_pss  ( 1087): [16965,10324,com.google.android.apps.youtube.music,72909824,65458176,201728,208424960,0,19,19]
12-21 19:19:46.772 I/am_pss  ( 1087): [17216,1000,com.samsung.android.app.omcagent,20967424,17854464,202752,133574656,0,19,13]
12-21 19:19:46.782 I/am_uid_idle( 1087): 10065
12-21 19:19:46.787 I/am_pss  ( 1087): [17557,10117,com.sec.android.app.camera,29303808,25911296,202752,136011776,0,19,13]
12-21 19:19:46.800 I/am_pss  ( 1087): [17287,1001,com.samsung.android.sdm.config,8887296,7315456,202752,111407104,0,19,10]
12-21 19:19:46.813 I/am_pss  ( 1087): [17480,10095,com.sec.android.app.samsungapps,36037632,33812480,202752,140451840,0,19,11]
12-21 19:19:46.828 I/am_pss  ( 1087): [17315,1000,com.samsung.android.lool,14524416,10612736,202752,123973632,0,19,12]
12-21 19:19:46.839 I/am_pss  ( 1087): [17410,1000,com.samsung.android.sm.provider,11935744,8269824,202752,114425856,0,19,9]
12-21 19:19:46.849 I/am_pss  ( 1087): [17473,1000,com.samsung.android.tadownloader,8586240,7069696,202752,108101632,0,19,8]
12-21 19:19:46.861 I/am_pss  ( 1087): [17398,1000,com.samsung.android.providers.carrier,7809024,6348800,203776,105299968,0,19,8]
12-21 19:19:46.876 I/am_pss  ( 1087): [16257,10100,com.google.android.gms.unstable,19987456,8839168,201728,155361280,0,19,14]
12-21 19:19:46.888 I/am_pss  ( 1087): [17259,1000,com.samsung.android.knox.pushmanager,8519680,7024640,202752,108494848,0,19,9]
12-21 19:19:46.902 I/am_pss  ( 1087): [16704,10206,com.samsung.android.calendar,11721728,7843840,202752,116482048,0,19,12]
12-21 19:19:46.914 I/am_pss  ( 1087): [11755,10262,com.google.android.permissioncontroller,12315648,10768384,197632,104882176,0,19,10]
12-21 19:19:46.924 I/am_pss  ( 1087): [17189,10129,com.android.settings.intelligence,7909376,6336512,203776,100622336,0,19,8]
12-21 19:19:46.940 I/am_pss  ( 1087): [17059,10293,com.sds.mysinglesquare,44530688,38281216,201728,164524032,0,19,14]
12-21 19:19:46.952 I/am_pss  ( 1087): [15944,10222,com.sec.android.daemonapp,21917696,18333696,202752,131637248,0,19,10]
12-21 19:19:47.825 I/am_uid_idle( 1087): 10216
12-21 19:19:50.306 I/am_pss  ( 1087): [7525,10216,com.samsung.android.net.wifi.wifiguider,8505344,6963200,196608,109457408,0,19,14]
12-21 19:19:51.358 I/notification_cancel( 1087): [10075,1963,com.android.systemui,2,low_battery,-1,0,1088,8,NULL]
12-21 19:19:51.362 I/notification_cancel( 1087): [10075,1963,com.android.systemui,3,low_battery,-1,0,1088,8,NULL]
12-21 19:19:51.362 I/notification_cancel( 1087): [10075,1963,com.android.systemui,49,auto_saver,-1,0,1088,8,NULL]
12-21 19:19:56.278 I/am_pss  ( 1087): [17667,10275,com.google.android.apps.photos,44292096,42274816,201728,154841088,0,19,13]
12-21 19:19:56.289 I/am_pss  ( 1087): [17659,10187,com.samsung.android.mapsagent,7604224,6209536,204800,99778560,0,19,9]
12-21 19:19:56.700 I/am_kill ( 1087): [0,16926,com.sec.spp.push,999,empty #33]
12-21 19:19:56.728 I/am_pss  ( 1087): [2379,10150,com.sec.android.app.launcher,140369920,131252224,190464,285712384,0,2,20]
12-21 19:19:56.738 I/am_proc_died( 1087): [0,16926,com.sec.spp.push,34,999,19,339,4208]
12-21 19:19:56.739 I/am_uid_stopped( 1087): 10114
12-21 19:19:56.752 I/am_pss  ( 1087): [4176,10154,com.google.android.googlequicksearchbox:search,132914176,93605888,196608,300171264,0,3,21]
12-21 19:19:56.766 I/am_pss  ( 1087): [18059,1000,com.samsung.android.mcfserver,8464384,6807552,204800,111321088,0,6,12]
12-21 19:19:56.781 I/am_pss  ( 1087): [9749,10119,com.osp.app.signin,38164480,35123200,198656,150261760,0,19,13]
12-21 19:19:56.796 I/am_pss  ( 1087): [15007,10121,com.samsung.android.mobileservice,39173120,36163584,197632,153903104,0,19,12]
12-21 19:19:56.809 I/am_pss  ( 1087): [15749,5004,com.samsung.cmh:CMH,12477440,10903552,204800,114151424,0,19,10]
12-21 19:20:00.027 I/power_partial_wake_state( 1087): [23,*alarm*:android]
12-21 19:20:00.027 I/power_partial_wake_state( 1087): [0,*alarm*:android]
12-21 19:20:00.027 I/power_partial_wake_state( 1087): [0,*alarm*:android]
12-21 19:20:00.031 I/am_uid_running( 1087): 10148
12-21 19:20:00.048 I/power_partial_wake_state( 1087): [21,*alarm*:android]
12-21 19:20:00.049 I/am_proc_start( 1087): [0,18178,10148,com.google.android.apps.turbo:aab,service,{com.google.android.apps.turbo/com.google.android.libraries.smartbattery.appusage.library.InferAppBucketsJob}]
12-21 19:20:00.080 I/am_proc_bound( 1087): [0,18178,com.google.android.apps.turbo:aab]
12-21 19:20:00.177 I/service_manager_stats( 1087): [100,66,79246]
12-21 19:20:00.432 I/power_partial_wake_state( 1087): [288,*job*/com.google.android.apps.turbo/com.google.android.libraries.smartbattery.appusage.library.InferAppBucketsJob:android]
12-21 19:20:01.459 I/notification_cancel( 1087): [10075,1963,com.android.systemui,2,low_battery,-1,0,1088,8,NULL]
12-21 19:20:01.459 I/notification_cancel( 1087): [10075,1963,com.android.systemui,3,low_battery,-1,0,1088,8,NULL]
12-21 19:20:01.459 I/notification_cancel( 1087): [10075,1963,com.android.systemui,49,auto_saver,-1,0,1088,8,NULL]
12-21 19:20:06.323 I/am_pss  ( 1087): [18111,10087,com.sec.android.widgetapp.samsungapps,5985280,4304896,204800,98488320,0,19,21]
12-21 19:20:06.349 I/am_pss  ( 1087): [16621,10241,com.google.android.gm,77983744,70508544,200704,215490560,0,19,22]
12-21 19:20:06.366 I/am_pss  ( 1087): [16353,10120,com.samsung.android.scs,29280256,27295744,201728,140566528,0,19,13]
12-21 19:20:06.387 I/am_pss  ( 1087): [12753,10325,com.facebook.katana,110427136,107069440,194560,229859328,0,19,19]
12-21 19:20:06.405 I/am_pss  ( 1087): [7829,10112,com.android.vending,76489728,73359360,194560,197992448,0,19,16]
12-21 19:20:07.161 I/am_kill ( 1087): [0,12753,com.facebook.katana,999,empty #33]
12-21 19:20:07.197 I/power_partial_wake_state( 1087): [27,*alarm*:android]
12-21 19:20:07.198 I/am_pss  ( 1087): [5196,10065,com.sec.android.provider.badge,5829632,4341760,199680,101535744,0,19,8]
12-21 19:20:07.211 I/am_pss  ( 1087): [11234,5023,com.samsung.android.networkdiagnostic,25559040,23707648,197632,133677056,0,19,9]
12-21 19:20:07.228 I/am_pss  ( 1087): [16965,10324,com.google.android.apps.youtube.music,73314304,65531904,203776,208437248,0,19,15]
12-21 19:20:07.242 I/am_pss  ( 1087): [17216,1000,com.samsung.android.app.omcagent,20985856,17854464,204800,133574656,0,19,12]
12-21 19:20:07.245 I/power_partial_wake_state( 1087): [69,*gms_scheduler*:internal:com.google.android.gms]
12-21 19:20:07.254 I/am_pss  ( 1087): [17557,10117,com.sec.android.app.camera,29321216,25911296,204800,136011776,0,19,9]
12-21 19:20:07.256 I/am_proc_died( 1087): [0,12753,com.facebook.katana,34,999,19,376,4212]
12-21 19:20:07.259 I/am_uid_stopped( 1087): 10325
12-21 19:20:07.264 I/power_partial_wake_state( 1087): [56,*gms_scheduler*/com.google.android.gms/.telephonyspam.sync.SpamListSyncTaskService:com.google.android.gms]
12-21 19:20:07.274 I/power_partial_wake_state( 1087): [7,*gms_scheduler*:internal:com.google.android.gms]
12-21 19:20:07.278 I/am_pss  ( 1087): [17287,1001,com.samsung.android.sdm.config,8905728,7315456,204800,111407104,0,19,9]
12-21 19:20:07.290 I/am_pss  ( 1087): [17480,10095,com.sec.android.app.samsungapps,36062208,33816576,204800,140476416,0,19,9]
12-21 19:20:07.302 I/am_pss  ( 1087): [17315,1000,com.samsung.android.lool,14547968,10612736,204800,123973632,0,19,9]
12-21 19:20:07.312 I/am_pss  ( 1087): [17410,1000,com.samsung.android.sm.provider,11953152,8269824,205824,114425856,0,19,8]
12-21 19:20:07.321 I/am_pss  ( 1087): [17473,1000,com.samsung.android.tadownloader,8604672,7069696,205824,108101632,0,19,7]
12-21 19:20:07.332 I/am_pss  ( 1087): [17398,1000,com.samsung.android.providers.carrier,7825408,6348800,206848,105299968,0,19,8]
12-21 19:20:07.335 I/power_partial_wake_state( 1087): [57,*gms_scheduler*:internal:com.google.android.gms]
12-21 19:20:07.343 I/am_pss  ( 1087): [16257,10100,com.google.android.gms.unstable,20016128,8839168,203776,155361280,0,19,9]
12-21 19:20:07.351 I/am_pss  ( 1087): [17259,1000,com.samsung.android.knox.pushmanager,8538112,7024640,205824,108494848,0,19,7]
12-21 19:20:07.360 I/am_pss  ( 1087): [16704,10206,com.samsung.android.calendar,11739136,7843840,205824,116482048,0,19,7]
12-21 19:20:07.369 I/am_pss  ( 1087): [11755,10262,com.google.android.permissioncontroller,12335104,10768384,200704,104882176,0,19,7]
12-21 19:20:07.377 I/am_pss  ( 1087): [17189,10129,com.android.settings.intelligence,7927808,6336512,206848,100646912,0,19,7]
12-21 19:20:07.389 I/am_pss  ( 1087): [17059,10293,com.sds.mysinglesquare,44588032,38281216,203776,164524032,0,19,9]
12-21 19:20:07.398 I/am_pss  ( 1087): [15944,10222,com.sec.android.daemonapp,22407168,18567168,204800,131674112,0,19,7]
12-21 19:20:07.447 I/notification_cancel( 1087): [10100,2886,com.google.android.gms,10436,NULL,0,0,1088,8,NULL]
12-21 19:20:08.207 I/am_pss  ( 1087): [17921,99004,com.sec.android.app.sbrowser:sandboxed_process0:org.chromium.content.app.SandboxedProcessService0:0,21935104,14004224,207872,125607936,0,19,20]
12-21 19:20:08.225 I/am_pss  ( 1087): [4337,10100,com.google.process.gapps,7734272,5447680,199680,109944832,0,19,15]
12-21 19:20:08.252 I/am_pss  ( 1087): [17734,10232,com.google.android.youtube,97635328,93573120,202752,219398144,0,19,23]
12-21 19:20:08.269 I/am_pss  ( 1087): [17870,10266,com.sec.android.app.sbrowser,85602304,77414400,204800,197853184,0,19,15]
12-21 19:20:11.132 I/am_pss  ( 1087): [7525,10216,com.samsung.android.net.wifi.wifiguider,8522752,6963200,198656,109457408,0,19,17]
12-21 19:20:11.246 I/dvm_lock_sample( 2886): [com.google.android.gms.persisten,0,lowpool[20],3907,:com.google.android.gms@224814037@22.48.14 (150400-493411920),17,boolean com.google.android.gms.clearcut.uploader.QosUploaderChimeraService.g(java.lang.String),-,195,boolean com.google.android.gms.clearcut.uploader.QosUploaderChimeraService.g(java.lang.String),100]
12-21 19:20:11.247 I/power_partial_wake_state( 1087): [3938,*gms_scheduler*/com.google.android.gms/.clearcut.uploader.QosUploaderService:com.google.android.gms]
12-21 19:20:11.254 I/power_partial_wake_state( 1087): [6,*gms_scheduler*:internal:com.google.android.gms]
12-21 19:20:11.278 I/power_partial_wake_state( 1087): [23,*gms_scheduler*:internal:com.google.android.gms]
12-21 19:20:11.326 I/power_partial_wake_state( 1087): [4002,*gms_scheduler*/com.google.android.gms/.clearcut.uploader.QosUploaderService:com.google.android.gms]
12-21 19:20:11.332 I/power_partial_wake_state( 1087): [5,*gms_scheduler*:internal:com.google.android.gms]
12-21 19:20:11.377 I/power_partial_wake_state( 1087): [112,*gms_scheduler*/com.google.android.gms/.clearcut.uploader.QosUploaderService:com.google.android.gms]
12-21 19:20:11.384 I/power_partial_wake_state( 1087): [5,*gms_scheduler*:internal:com.google.android.gms]
12-21 19:20:11.509 I/notification_cancel( 1087): [10075,1963,com.android.systemui,2,low_battery,-1,0,1088,8,NULL]
12-21 19:20:11.510 I/notification_cancel( 1087): [10075,1963,com.android.systemui,3,low_battery,-1,0,1088,8,NULL]
12-21 19:20:11.510 I/notification_cancel( 1087): [10075,1963,com.android.systemui,49,auto_saver,-1,0,1088,8,NULL]
12-21 19:20:15.487 I/am_pss  ( 1087): [17951,10177,com.samsung.android.sm.policy,6145024,4743168,206848,98648064,0,19,19]
12-21 19:20:20.379 I/am_pss  ( 1087): [4176,10154,com.google.android.googlequicksearchbox:search,133373952,93614080,196608,300171264,0,3,35]
12-21 19:20:20.392 I/am_pss  ( 1087): [2755,10067,android.process.acore,24255488,22188032,199680,127369216,0,19,11]
12-21 19:20:20.404 I/am_pss  ( 1087): [18059,1000,com.samsung.android.mcfserver,8448000,6778880,204800,111321088,0,6,9]
12-21 19:20:20.420 I/am_pss  ( 1087): [9749,10119,com.osp.app.signin,39297024,37224448,198656,150261760,0,19,14]
12-21 19:20:20.433 I/am_pss  ( 1087): [15007,10121,com.samsung.android.mobileservice,40121344,38031360,197632,153919488,0,19,12]
12-21 19:20:20.447 I/am_pss  ( 1087): [18012,10083,com.samsung.android.dynamiclock,9978880,6008832,204800,116695040,0,19,11]
12-21 19:20:20.463 I/am_pss  ( 1087): [17667,10275,com.google.android.apps.photos,44319744,42274816,204800,154841088,0,19,14]
12-21 19:20:20.475 I/am_pss  ( 1087): [17659,10187,com.samsung.android.mapsagent,7621632,6209536,206848,99803136,0,19,10]
12-21 19:20:21.587 I/notification_cancel( 1087): [10075,1963,com.android.systemui,2,low_battery,-1,0,1088,8,NULL]
12-21 19:20:21.587 I/notification_cancel( 1087): [10075,1963,com.android.systemui,3,low_battery,-1,0,1088,8,NULL]
12-21 19:20:21.587 I/notification_cancel( 1087): [10075,1963,com.android.systemui,49,auto_saver,-1,0,1088,8,NULL]
12-21 19:20:22.215 I/am_pss  ( 1087): [18178,10148,com.google.android.apps.turbo:aab,14142464,12283904,204800,121278464,0,19,13]
12-21 19:20:25.185 I/power_partial_wake_state( 1087): [10,*alarm*:android]
12-21 19:20:31.658 I/notification_cancel( 1087): [10075,1963,com.android.systemui,2,low_battery,-1,0,1088,8,NULL]
12-21 19:20:31.658 I/notification_cancel( 1087): [10075,1963,com.android.systemui,3,low_battery,-1,0,1088,8,NULL]
12-21 19:20:31.658 I/notification_cancel( 1087): [10075,1963,com.android.systemui,49,auto_saver,-1,0,1088,8,NULL]
12-21 19:20:34.881 I/content_query_sample( 2755): contents_sample_state: [CONTACT contacts(0) data(0) accounts({}) accounts deleted({}) in_trash(in_trash(0), in_trash_for_sync(0)) calls([]) countryIso(KR) userId(0)  ]
12-21 19:20:34.881 I/content_query_sample( 2755): contents_sample_state: [ agr({})  ]
12-21 19:20:34.881 I/content_query_sample( 2755): contents_sample_state: [ actCnt({android.process.acore(2755)=1, com.samsung.android.mcfserver(18059)=1})  ]
12-21 19:20:34.881 I/content_query_sample( 2755): contents_sample_state: [PROFILE contacts(0) data(0) accounts({})  ] [SAPROFILE contacts(0) data(0) accounts({})  ]
12-21 19:20:34.881 I/content_query_sample( 2755): contents_sample_state: [STORAGE Contacts(CE) Profile(CE) SAProfile(CE) CallLog(CE)  ]
12-21 19:20:36.356 I/am_uid_idle( 1087): 10083
12-21 19:20:37.168 I/am_kill ( 1087): [0,15944,com.sec.android.daemonapp,999,empty #33]
12-21 19:20:37.201 I/am_pss  ( 1087): [3812,10100,com.google.android.gms,77853696,56471552,197632,255815680,0,19,26]
12-21 19:20:37.212 I/am_proc_died( 1087): [0,15944,com.sec.android.daemonapp,34,999,19,414,4214]
12-21 19:20:37.213 I/am_uid_stopped( 1087): 10222
12-21 19:20:37.222 I/am_pss  ( 1087): [17951,10177,com.samsung.android.sm.policy,6163456,4743168,208896,98672640,0,19,9]
12-21 19:20:37.237 I/am_pss  ( 1087): [17921,99004,com.sec.android.app.sbrowser:sandboxed_process0:org.chromium.content.app.SandboxedProcessService0:0,21952512,14004224,210944,125607936,0,19,12]
12-21 19:20:37.248 I/am_pss  ( 1087): [4337,10100,com.google.process.gapps,7751680,5447680,201728,109944832,0,19,9]
12-21 19:20:37.269 I/am_pss  ( 1087): [17734,10232,com.google.android.youtube,97676288,93581312,204800,219406336,0,19,18]
12-21 19:20:37.285 I/am_pss  ( 1087): [17870,10266,com.sec.android.app.sbrowser,85621760,77414400,206848,197853184,0,19,15]
12-21 19:20:37.296 I/am_pss  ( 1087): [5196,10065,com.sec.android.provider.badge,5856256,4341760,202752,101535744,0,19,8]
12-21 19:20:37.396 I/am_uid_idle( 1087): 10067
12-21 19:20:41.212 I/am_pss  ( 1087): [2755,10067,android.process.acore,24376320,22282240,202752,127463424,0,19,11]
12-21 19:20:41.224 I/am_pss  ( 1087): [18012,10083,com.samsung.android.dynamiclock,9998336,6008832,207872,116695040,0,19,10]
12-21 19:20:41.706 I/notification_cancel( 1087): [10075,1963,com.android.systemui,2,low_battery,-1,0,1088,8,NULL]
12-21 19:20:41.707 I/notification_cancel( 1087): [10075,1963,com.android.systemui,3,low_battery,-1,0,1088,8,NULL]
12-21 19:20:41.707 I/notification_cancel( 1087): [10075,1963,com.android.systemui,49,auto_saver,-1,0,1088,8,NULL]
12-21 19:20:41.710 I/notification_enqueue( 1087): [10075,1963,com.android.systemui,2131362998,charging_state,-1,Notification(channel=CHR shortcut=null contentView=null vibrate=null sound=null defaults=0x0 flags=0xa color=0xff888fa2 category=sys groupKey=CHARGING vis=PUBLIC semFlags=0x0 semPriority=0 semMissedCount=0),1,NULL]
12-21 19:20:41.912 I/sysui_multi_action( 1087): [757,1501,758,1,793,190038,794,0,795,203,796,2131362998,797,charging_state,806,com.android.systemui,857,CHR,858,1,946,CHARGING,947,0,1500,0,1641,sys,1745,2098068913]
12-21 19:20:41.913 I/sysui_multi_action( 1087): [757,804,799,note_interruptive,801,0,802,1]
12-21 19:20:46.789 I/am_kill ( 1087): [0,17189,com.android.settings.intelligence,999,empty #33]
12-21 19:20:46.811 I/am_pss  ( 1087): [18178,10148,com.google.android.apps.turbo:aab,14193664,12283904,209920,121278464,0,19,13]
12-21 19:20:46.828 I/am_proc_died( 1087): [0,17189,com.android.settings.intelligence,34,999,19,646,4140]
12-21 19:20:46.829 I/am_uid_stopped( 1087): 10129
12-21 19:20:46.901 I/am_proc_died( 1087): [0,7046,com.samsung.android.oneconnect:BeaconManagerControlService,34,0,10,679,4140]
12-21 19:20:46.902 I/am_uid_stopped( 1087): 10281
12-21 19:20:48.144 I/am_proc_died( 1087): [0,7222,com.samsung.android.easysetup:IcControlService,34,0,10,688,4141]
12-21 19:20:48.145 I/am_uid_stopped( 1087): 10082
12-21 19:20:51.792 I/notification_cancel( 1087): [10075,1963,com.android.systemui,2,low_battery,-1,0,1088,8,NULL]
12-21 19:20:51.792 I/notification_cancel( 1087): [10075,1963,com.android.systemui,3,low_battery,-1,0,1088,8,NULL]
12-21 19:20:51.792 I/notification_cancel( 1087): [10075,1963,com.android.systemui,49,auto_saver,-1,0,1088,8,NULL]
12-21 19:20:56.652 I/sysui_multi_action( 1087): [757,1696,758,6,759,2]
12-21 19:21:00.013 I/power_partial_wake_state( 1087): [8,*alarm*:android]
12-21 19:21:00.025 I/power_partial_wake_state( 1087): [11,*alarm*:android]
12-21 19:21:00.040 I/am_pss  ( 1087): [2379,10150,com.sec.android.app.launcher,148602880,138506240,200704,292855808,0,2,23]
12-21 19:21:00.050 I/am_pss  ( 1087): [3367,10124,com.samsung.android.smartsuggestions,7948288,6242304,208896,110096384,0,19,9]
12-21 19:21:00.062 I/am_pss  ( 1087): [4056,10100,com.google.process.gservices,9662464,7262208,209920,114487296,0,19,9]
12-21 19:21:00.083 I/am_pss  ( 1087): [3812,10100,com.google.android.gms,78011392,56471552,205824,255815680,0,19,18]
12-21 19:21:01.862 I/notification_cancel( 1087): [10075,1963,com.android.systemui,2,low_battery,-1,0,1088,8,NULL]
12-21 19:21:01.866 I/notification_cancel( 1087): [10075,1963,com.android.systemui,3,low_battery,-1,0,1088,8,NULL]
12-21 19:21:01.866 I/notification_cancel( 1087): [10075,1963,com.android.systemui,49,auto_saver,-1,0,1088,8,NULL]
12-21 19:21:11.935 I/notification_cancel( 1087): [10075,1963,com.android.systemui,2,low_battery,-1,0,1088,8,NULL]
12-21 19:21:11.935 I/notification_cancel( 1087): [10075,1963,com.android.systemui,3,low_battery,-1,0,1088,8,NULL]
12-21 19:21:11.936 I/notification_cancel( 1087): [10075,1963,com.android.systemui,49,auto_saver,-1,0,1088,8,NULL]
12-21 19:21:22.013 I/notification_cancel( 1087): [10075,1963,com.android.systemui,2,low_battery,-1,0,1088,8,NULL]
12-21 19:21:22.013 I/notification_cancel( 1087): [10075,1963,com.android.systemui,3,low_battery,-1,0,1088,8,NULL]
12-21 19:21:22.013 I/notification_cancel( 1087): [10075,1963,com.android.systemui,49,auto_saver,-1,0,1088,8,NULL]
12-21 19:21:32.078 I/notification_cancel( 1087): [10075,1963,com.android.systemui,2,low_battery,-1,0,1088,8,NULL]
12-21 19:21:32.081 I/notification_cancel( 1087): [10075,1963,com.android.systemui,3,low_battery,-1,0,1088,8,NULL]
12-21 19:21:32.081 I/notification_cancel( 1087): [10075,1963,com.android.systemui,49,auto_saver,-1,0,1088,8,NULL]
12-21 19:21:34.972 I/content_query_sample( 2755): contents_sample_state: [CONTACT contacts(0) data(0) accounts({}) accounts deleted({}) in_trash(in_trash(0), in_trash_for_sync(0)) calls([]) countryIso(KR) userId(0)  ]
12-21 19:21:34.972 I/content_query_sample( 2755): contents_sample_state: [ agr({})  ]
12-21 19:21:34.972 I/content_query_sample( 2755): contents_sample_state: [ actCnt({android.process.acore(2755)=1})  ]
12-21 19:21:34.972 I/content_query_sample( 2755): contents_sample_state: [PROFILE contacts(0) data(0) accounts({})  ] [SAPROFILE contacts(0) data(0) accounts({})  ]
12-21 19:21:34.972 I/content_query_sample( 2755): contents_sample_state: [STORAGE Contacts(CE) Profile(CE) SAProfile(CE) CallLog(CE)  ]
12-21 19:21:37.149 I/am_uid_idle( 1087): 10124
12-21 19:21:41.238 I/am_pss  ( 1087): [3367,10124,com.samsung.android.smartsuggestions,7948288,6242304,208896,110096384,0,19,20]
12-21 19:21:41.255 I/am_pss  ( 1087): [4056,10100,com.google.process.gservices,9662464,7262208,209920,114487296,0,19,14]
12-21 19:21:41.811 I/am_uid_idle( 1087): 10087
12-21 19:21:42.158 I/notification_cancel( 1087): [10075,1963,com.android.systemui,2,low_battery,-1,0,1088,8,NULL]
12-21 19:21:42.158 I/notification_cancel( 1087): [10075,1963,com.android.systemui,3,low_battery,-1,0,1088,8,NULL]
12-21 19:21:42.158 I/notification_cancel( 1087): [10075,1963,com.android.systemui,49,auto_saver,-1,0,1088,8,NULL]
12-21 19:21:52.227 I/notification_cancel( 1087): [10075,1963,com.android.systemui,2,low_battery,-1,0,1088,8,NULL]
12-21 19:21:52.227 I/notification_cancel( 1087): [10075,1963,com.android.systemui,3,low_battery,-1,0,1088,8,NULL]
12-21 19:21:52.229 I/notification_cancel( 1087): [10075,1963,com.android.systemui,49,auto_saver,-1,0,1088,8,NULL]
12-21 19:22:00.013 I/power_partial_wake_state( 1087): [3,*alarm*:android]
12-21 19:22:00.030 I/power_partial_wake_state( 1087): [17,*alarm*:android]
12-21 19:22:02.300 I/notification_cancel( 1087): [10075,1963,com.android.systemui,2,low_battery,-1,0,1088,8,NULL]
12-21 19:22:02.300 I/notification_cancel( 1087): [10075,1963,com.android.systemui,3,low_battery,-1,0,1088,8,NULL]
12-21 19:22:02.301 I/notification_cancel( 1087): [10075,1963,com.android.systemui,49,auto_saver,-1,0,1088,8,NULL]
12-21 19:22:12.365 I/notification_cancel( 1087): [10075,1963,com.android.systemui,2,low_battery,-1,0,1088,8,NULL]
12-21 19:22:12.365 I/notification_cancel( 1087): [10075,1963,com.android.systemui,3,low_battery,-1,0,1088,8,NULL]
12-21 19:22:12.366 I/notification_cancel( 1087): [10075,1963,com.android.systemui,49,auto_saver,-1,0,1088,8,NULL]
12-21 19:22:17.408 I/sysui_multi_action( 1087): [757,1696,758,6,759,3]
12-21 19:22:17.418 I/am_uid_running( 1087): 10342
12-21 19:22:17.422 I/am_proc_start( 1087): [0,3217,10342,com.soundcloud.android,activelaunch,{com.soundcloud.android/com.soundcloud.android.launcher.LauncherActivity}]
12-21 19:22:17.429 I/wm_task_created( 1087): [9,-1]
12-21 19:22:17.430 I/wm_stack_created( 1087): 9
12-21 19:22:17.430 I/wm_task_windowing_mode_changed( 1087): [9,0,1]
12-21 19:22:17.432 I/wm_create_task( 1087): [0,9,1]
12-21 19:22:17.432 I/wm_create_activity( 1087): [0,172040848,9,com.soundcloud.android/.launcher.LauncherActivity,android.intent.action.MAIN,NULL,NULL,270532608,startActivityAsUser:com.sec.android.app.launcher:2379]
12-21 19:22:17.433 I/wm_pause_activity( 1087): [0,109374009,com.sec.android.app.launcher/.activities.LauncherActivity,userLeaving=true,-]
12-21 19:22:17.435 I/wm_finish_activity( 1087): [0,214892648,8,com.wssyncmldm/com.idm.fotaagent.enabler.ui.downloadconfirm.DownloadConfirmActivity,recent-task-trimmed]
12-21 19:22:17.436 I/wm_destroy_activity( 1087): [0,214892648,8,com.wssyncmldm/com.idm.fotaagent.enabler.ui.downloadconfirm.DownloadConfirmActivity,finish-imm:finishIfPossible]
12-21 19:22:17.437 I/wm_finish_activity( 1087): [0,62746582,7,com.samsung.android.MtpApplication/.USBConnection,recent-task-trimmed]
12-21 19:22:17.438 I/wm_destroy_activity( 1087): [0,62746582,7,com.samsung.android.MtpApplication/.USBConnection,finish-imm:finishIfPossible]
12-21 19:22:17.442 I/wm_on_top_resumed_lost_called( 2379): [109374009,com.sec.android.app.launcher.activities.LauncherActivity,topStateChangedWhenResumed]
12-21 19:22:17.442 I/wm_on_destroy_called( 6274): [214892648,com.idm.fotaagent.enabler.ui.downloadconfirm.DownloadConfirmActivity,performDestroy]
12-21 19:22:17.445 I/wm_on_paused_called( 2379): [109374009,com.sec.android.app.launcher.activities.LauncherActivity,performPause]
12-21 19:22:17.446 I/wm_on_destroy_called( 3652): [62746582,com.samsung.android.MtpApplication.USBConnection,performDestroy]
12-21 19:22:17.451 I/wm_add_to_stopping( 1087): [0,109374009,com.sec.android.app.launcher/.activities.LauncherActivity,makeInvisible]
12-21 19:22:17.457 I/am_proc_bound( 1087): [0,3217,com.soundcloud.android]
12-21 19:22:17.457 I/wm_task_removed( 1087): [7,removeChild: last r=ActivityRecord{3bd6fd6 u0 com.samsung.android.MtpApplication/.USBConnection t-1 f}} in t=Task{44a9db0 #7 visible=false type=standard mode=fullscreen translucent=true A=1000:com.samsung.android.MtpApplication U=0 StackId=7 sz=0},1]
12-21 19:22:17.457 I/wm_task_removed( 1087): [7,removeTask,1]
12-21 19:22:17.457 I/wm_task_removed( 1087): [7,removeTask,1]
12-21 19:22:17.457 I/wm_stack_removed( 1087): 7
12-21 19:22:17.461 I/wm_task_removed( 1087): [8,removeChild: last r=ActivityRecord{ccf0068 u0 com.wssyncmldm/com.idm.fotaagent.enabler.ui.downloadconfirm.DownloadConfirmActivity t-1 f}} in t=Task{cd1d126 #8 visible=false type=standard mode=fullscreen translucent=true A=1000:com.wssyncmldm U=0 StackId=8 sz=0},1]
12-21 19:22:17.461 I/wm_task_removed( 1087): [8,removeTask,1]
12-21 19:22:17.461 I/wm_task_removed( 1087): [8,removeTask,1]
12-21 19:22:17.461 I/wm_stack_removed( 1087): 8
12-21 19:22:17.465 I/wm_restart_activity( 1087): [0,172040848,9,com.soundcloud.android/.launcher.LauncherActivity]
12-21 19:22:17.468 I/wm_set_resumed_activity( 1087): [0,com.soundcloud.android/.launcher.LauncherActivity,minimalResumeActivityLocked]
12-21 19:22:17.472 I/am_uid_active( 1087): 10342
12-21 19:22:17.478 I/sysui_multi_action( 1087): [757,803,799,window_time_0,802,161]
12-21 19:22:17.484 I/sysui_multi_action( 1087): [757,803,799,window_time_0,802,0]
12-21 19:22:17.498 I/sysui_multi_action( 1087): [757,803,799,window_time_0,802,0]
12-21 19:22:17.503 I/am_uid_active( 1087): 10124
12-21 19:22:17.530 I/am_uid_running( 1087): 10325
12-21 19:22:17.544 I/am_proc_start( 1087): [0,18323,10325,com.facebook.katana,content provider,{com.facebook.katana/com.facebook.platform.common.provider.PlatformProviderBase}]
12-21 19:22:17.578 I/am_proc_bound( 1087): [0,18323,com.facebook.katana]
12-21 19:22:17.582 I/am_uid_active( 1087): 10325
12-21 19:22:17.938 I/register_audio_device_callback( 3217): 3217
12-21 19:22:17.940 I/commit_sys_config_file( 1087): [notification-policy,12]
12-21 19:22:17.977 I/am_uid_running( 1087): 10062
12-21 19:22:17.987 I/am_proc_start( 1087): [0,18554,10062,com.google.android.projection.gearhead:provider,content provider,{com.google.android.projection.gearhead/com.google.android.apps.auto.components.projectionstate.ProjectionStateProvider}]
12-21 19:22:18.015 I/am_proc_bound( 1087): [0,18554,com.google.android.projection.gearhead:provider]
12-21 19:22:18.020 I/am_uid_active( 1087): 10062
12-21 19:22:18.025 I/wm_on_create_called( 3217): [172040848,com.soundcloud.android.launcher.LauncherActivity,performCreate]
12-21 19:22:18.031 I/wm_on_start_called( 3217): [172040848,com.soundcloud.android.launcher.LauncherActivity,handleStartActivity]
12-21 19:22:18.035 I/wm_on_resume_called( 3217): [172040848,com.soundcloud.android.launcher.LauncherActivity,RESUME_ACTIVITY]
12-21 19:22:18.048 I/wm_on_top_resumed_gained_called( 3217): [172040848,com.soundcloud.android.launcher.LauncherActivity,topStateChangedWhenResumed]
12-21 19:22:18.118 I/notification_cancel( 1087): [10342,3217,com.soundcloud.android,1,NULL,0,0,1088,8,NULL]
12-21 19:22:18.119 I/sysui_multi_action( 1087): [757,128,758,5,759,8,793,225944,794,0,795,225944,796,1,806,com.soundcloud.android,857,channel_playback,858,2,946,silent,947,0,1500,225944,1641,transport,1688,1]
12-21 19:22:18.119 I/notification_canceled( 1087): [0|com.soundcloud.android|1|null|10342,8,225944,225944,0,-1,-1,NULL]
12-21 19:22:18.155 I/notification_enqueue( 1087): [10342,3217,com.soundcloud.android,1,NULL,0,Notification(channel=channel_playback shortcut=null contentView=null vibrate=null sound=null defaults=0x0 flags=0x10 color=0x00000000 category=transport groupKey=silent actions=3 vis=PUBLIC semFlags=0x0 semPriority=0 semMissedCount=0),0,NULL]
12-21 19:22:18.163 I/notification_enqueue( 1087): [10342,3217,com.soundcloud.android,1,NULL,0,Notification(channel=channel_playback shortcut=null contentView=null vibrate=null sound=null defaults=0x0 flags=0x10 color=0x00000000 category=transport groupKey=silent actions=3 vis=PUBLIC semFlags=0x0 semPriority=0 semMissedCount=0),0,NULL]
12-21 19:22:18.233 I/power_partial_wake_state( 1087): [5,*gms_scheduler*:internal:com.google.android.gms]
12-21 19:22:18.355 I/sysui_multi_action( 1087): [757,1501,758,1,793,200,794,0,795,200,796,1,806,com.soundcloud.android,857,channel_playback,858,2,946,silent,947,0,1500,0,1641,transport,1688,1]
12-21 19:22:18.355 I/sysui_multi_action( 1087): [757,804,799,note_interruptive,801,0,802,1]
12-21 19:22:18.736 I/wm_create_activity( 1087): [0,143309381,9,com.soundcloud.android/.onboarding.auth.AuthenticationActivity,NULL,NULL,NULL,67108864,startActivityAsUser:com.soundcloud.android:3217]
12-21 19:22:18.737 I/wm_pause_activity( 1087): [0,172040848,com.soundcloud.android/.launcher.LauncherActivity,userLeaving=true,resumeTopActivityInnerLocked]
12-21 19:22:18.747 I/wm_on_top_resumed_lost_called( 3217): [172040848,com.soundcloud.android.launcher.LauncherActivity,topStateChangedWhenResumed]
12-21 19:22:18.749 I/wm_on_paused_called( 3217): [172040848,com.soundcloud.android.launcher.LauncherActivity,performPause]
12-21 19:22:18.750 I/wm_add_to_stopping( 1087): [0,172040848,com.soundcloud.android/.launcher.LauncherActivity,makeInvisible]
12-21 19:22:18.751 I/wm_restart_activity( 1087): [0,143309381,9,com.soundcloud.android/.onboarding.auth.AuthenticationActivity]
12-21 19:22:18.754 I/wm_set_resumed_activity( 1087): [0,com.soundcloud.android/.onboarding.auth.AuthenticationActivity,minimalResumeActivityLocked]
12-21 19:22:18.765 I/wm_stop_activity( 1087): [0,109374009,com.sec.android.app.launcher/.activities.LauncherActivity]
12-21 19:22:18.770 I/sysui_multi_action( 1087): [757,803,799,window_time_0,802,1]
12-21 19:22:18.774 I/wm_on_stop_called( 2379): [109374009,com.sec.android.app.launcher.activities.LauncherActivity,STOP_ACTIVITY_ITEM]
12-21 19:22:18.967 I/wm_on_create_called( 3217): [143309381,com.soundcloud.android.onboarding.auth.AuthenticationActivity,performCreate]
12-21 19:22:18.970 I/wm_on_start_called( 3217): [143309381,com.soundcloud.android.onboarding.auth.AuthenticationActivity,handleStartActivity]
12-21 19:22:18.971 I/wm_on_resume_called( 3217): [143309381,com.soundcloud.android.onboarding.auth.AuthenticationActivity,RESUME_ACTIVITY]
12-21 19:22:18.978 I/wm_on_top_resumed_gained_called( 3217): [143309381,com.soundcloud.android.onboarding.auth.AuthenticationActivity,topStateChangedWhenResumed]
12-21 19:22:18.993 I/power_partial_wake_state( 1087): [5,*gms_scheduler*:internal:com.google.android.gms]
12-21 19:22:19.045 I/sysui_multi_action( 1087): [319,67,321,64,322,1611,325,305,757,761,758,8,759,1,806,com.soundcloud.android,871,com.soundcloud.android.onboarding.auth.AuthenticationActivity,904,com.soundcloud.android,905,0,1320,8,1321,9]
12-21 19:22:19.046 I/am_app_transition( 1087): [com.soundcloud.android,com.soundcloud.android.onboarding.auth.AuthenticationActivity,SPLASH_SCREEN,67,64,-1,1611,WARM,speed-profile]
12-21 19:22:19.067 I/power_partial_wake_state( 1087): [3,*gms_scheduler*:internal:com.google.android.gms]
12-21 19:22:19.072 I/wm_activity_launch_time( 1087): [0,143309381,com.soundcloud.android/.onboarding.auth.AuthenticationActivity,1611]
12-21 19:22:19.116 I/power_partial_wake_state( 1087): [4,*gms_scheduler*:internal:com.google.android.gms]
12-21 19:22:19.163 I/wm_finish_activity( 1087): [0,172040848,9,com.soundcloud.android/.launcher.LauncherActivity,stop-no-history]
12-21 19:22:19.164 I/wm_destroy_activity( 1087): [0,172040848,9,com.soundcloud.android/.launcher.LauncherActivity,finish-imm:finishIfPossible]
12-21 19:22:19.179 I/wm_on_stop_called( 3217): [172040848,com.soundcloud.android.launcher.LauncherActivity,LIFECYCLER_STOP_ACTIVITY]
12-21 19:22:19.181 I/wm_on_destroy_called( 3217): [172040848,com.soundcloud.android.launcher.LauncherActivity,performDestroy]
12-21 19:22:19.185 I/wm_on_idle_called( 3217): {com.soundcloud.android/com.soundcloud.android.onboarding.auth.AuthenticationActivity}
12-21 19:22:19.188 I/wm_idle_activity( 1087): [0,143309381,com.soundcloud.android/.onboarding.auth.AuthenticationActivity]
12-21 19:22:19.188 I/power_partial_wake_state( 1087): [1754,*launch*:android]
12-21 19:22:19.435 I/power_partial_wake_state( 1087): [1,*alarm*:android]
12-21 19:22:19.525 I/power_partial_wake_state( 1087): [90,com.android.server.stats.StatsCompanionService.PullingAlarmListener:android]
12-21 19:22:20.485 I/am_uid_running( 1087): 10326
12-21 19:22:20.502 I/am_proc_start( 1087): [0,17118,10326,com.starbucks.co,mllaunch,{com.starbucks.co/com.starbucks.co2.ui.intro.IntroActivity}]
12-21 19:22:20.514 I/am_proc_bound( 1087): [0,17118,com.starbucks.co]
12-21 19:22:22.437 I/notification_cancel( 1087): [10075,1963,com.android.systemui,2,low_battery,-1,0,1088,8,NULL]
12-21 19:22:22.438 I/notification_cancel( 1087): [10075,1963,com.android.systemui,3,low_battery,-1,0,1088,8,NULL]
12-21 19:22:22.439 I/notification_cancel( 1087): [10075,1963,com.android.systemui,49,auto_saver,-1,0,1088,8,NULL]
12-21 19:22:22.990 I/notification_cancel( 1087): [10325,18323,com.facebook.katana,10093,NULL,0,0,1088,8,NULL]
12-21 19:22:22.994 I/notification_cancel( 1087): [10325,18323,com.facebook.katana,10048,NULL,0,0,1088,8,NULL]
12-21 19:22:23.632 I/am_uid_active( 1087): 10065
12-21 19:22:28.209 I/power_partial_wake_state( 1087): [7,*gms_scheduler*:internal:com.google.android.gms]
12-21 19:22:28.223 I/am_pss  ( 1087): [3217,10342,com.soundcloud.android,197304320,167469056,191488,374419456,0,2,17]
12-21 19:22:28.740 I/power_partial_wake_state( 1087): [9,*gms_scheduler*:internal:com.google.android.gms]
12-21 19:22:28.870 I/am_uid_active( 1087): 10177
12-21 19:22:29.922 I/am_meminfo( 1087): [3004100608,333459456,66650112,520560640,565226496]
12-21 19:22:30.500 I/wm_task_moved( 1087): [6,1,2147483647]
12-21 19:22:30.500 I/wm_on_top_resumed_lost_called( 3217): [143309381,com.soundcloud.android.onboarding.auth.AuthenticationActivity,topStateChangedWhenResumed]
12-21 19:22:30.500 I/wm_task_moved( 1087): [6,1,2147483647]
12-21 19:22:30.502 I/wm_set_resumed_activity( 1087): [0,com.sec.android.app.launcher/.activities.LauncherActivity,bringingFoundTaskToFront]
12-21 19:22:30.502 I/wm_task_to_front( 1087): [0,6]
12-21 19:22:30.502 I/wm_new_intent( 1087): [0,109374009,6,com.sec.android.app.launcher/.activities.LauncherActivity,android.intent.action.MAIN,NULL,NULL,268435712,startHomeActivity: startDockOrHome:0:0:0:null:1087]
12-21 19:22:30.503 I/wm_pause_activity( 1087): [0,143309381,com.soundcloud.android/.onboarding.auth.AuthenticationActivity,userLeaving=true,-]
12-21 19:22:30.504 I/wm_add_to_stopping( 1087): [0,143309381,com.soundcloud.android/.onboarding.auth.AuthenticationActivity,makeInvisible]
12-21 19:22:30.504 I/wm_set_resumed_activity( 1087): [0,com.sec.android.app.launcher/.activities.LauncherActivity,resumeTopActivityInnerLocked]
12-21 19:22:30.505 I/wm_resume_activity( 1087): [0,109374009,6,com.sec.android.app.launcher/.activities.LauncherActivity]
12-21 19:22:30.510 I/wm_on_paused_called( 3217): [143309381,com.soundcloud.android.onboarding.auth.AuthenticationActivity,performPause]
12-21 19:22:30.514 I/wm_on_restart_called( 2379): [109374009,com.sec.android.app.launcher.activities.LauncherActivity,performRestartActivity]
12-21 19:22:30.516 I/sysui_multi_action( 1087): [757,803,799,window_time_0,802,12]
12-21 19:22:30.520 I/wm_on_start_called( 2379): [109374009,com.sec.android.app.launcher.activities.LauncherActivity,handleStartActivity]
12-21 19:22:30.532 I/wm_on_resume_called( 2379): [109374009,com.sec.android.app.launcher.activities.LauncherActivity,RESUME_ACTIVITY]
12-21 19:22:30.533 I/wm_on_top_resumed_gained_called( 2379): [109374009,com.sec.android.app.launcher.activities.LauncherActivity,topStateChangedWhenResumed]
12-21 19:22:30.574 I/sysui_multi_action( 1087): [319,66,322,55,325,318,757,761,758,9,759,2,806,com.sec.android.app.launcher,871,com.sec.android.app.launcher.activities.LauncherActivity,905,0,1320,8,1321,5]
12-21 19:22:30.575 I/am_app_transition( 1087): [com.sec.android.app.launcher,com.sec.android.app.launcher.activities.LauncherActivity,WINDOWS_DRAWN,66,-1,-1,55,HOT,speed-profile]
12-21 19:22:30.607 I/wm_on_idle_called( 2379): {com.sec.android.app.launcher/com.sec.android.app.launcher.activities.LauncherActivity}
12-21 19:22:30.608 I/wm_idle_activity( 1087): [0,109374009,com.sec.android.app.launcher/.activities.LauncherActivity]
12-21 19:22:30.608 I/power_partial_wake_state( 1087): [105,*launch*:android]
12-21 19:22:30.945 I/wm_stop_activity( 1087): [0,143309381,com.soundcloud.android/.onboarding.auth.AuthenticationActivity]
12-21 19:22:30.966 I/wm_on_stop_called( 3217): [143309381,com.soundcloud.android.onboarding.auth.AuthenticationActivity,STOP_ACTIVITY_ITEM]
12-21 19:22:32.503 I/notification_cancel( 1087): [10075,1963,com.android.systemui,2,low_battery,-1,0,1088,8,NULL]
12-21 19:22:32.504 I/notification_cancel( 1087): [10075,1963,com.android.systemui,3,low_battery,-1,0,1088,8,NULL]
12-21 19:22:32.504 I/notification_cancel( 1087): [10075,1963,com.android.systemui,49,auto_saver,-1,0,1088,8,NULL]
12-21 19:22:32.636 I/am_uid_running( 1087): 10157
12-21 19:22:32.664 I/am_proc_start( 1087): [0,18830,10157,com.samsung.android.dsms,service,{com.samsung.android.dsms/com.samsung.android.dsms.DsmsUploaderService}]
12-21 19:22:32.713 I/am_proc_bound( 1087): [0,18830,com.samsung.android.dsms]
12-21 19:22:32.716 I/am_uid_active( 1087): 10157
12-21 19:22:33.524 I/wm_task_created( 1087): [10,-1]
12-21 19:22:33.524 I/wm_stack_created( 1087): 10
12-21 19:22:33.524 I/wm_task_windowing_mode_changed( 1087): [10,0,1]
12-21 19:22:33.528 I/wm_create_task( 1087): [0,10,1]
12-21 19:22:33.528 I/wm_create_activity( 1087): [0,228033132,10,com.starbucks.co/com.starbucks.co2.ui.intro.IntroActivity,android.intent.action.MAIN,NULL,NULL,270532608,startActivityAsUser:com.sec.android.app.launcher:2379]
12-21 19:22:33.529 I/wm_pause_activity( 1087): [0,109374009,com.sec.android.app.launcher/.activities.LauncherActivity,userLeaving=true,-]
12-21 19:22:33.531 I/wm_on_top_resumed_lost_called( 2379): [109374009,com.sec.android.app.launcher.activities.LauncherActivity,topStateChangedWhenResumed]
12-21 19:22:33.533 I/wm_on_paused_called( 2379): [109374009,com.sec.android.app.launcher.activities.LauncherActivity,performPause]
12-21 19:22:33.534 I/wm_add_to_stopping( 1087): [0,109374009,com.sec.android.app.launcher/.activities.LauncherActivity,makeInvisible]
12-21 19:22:33.535 I/wm_restart_activity( 1087): [0,228033132,10,com.starbucks.co/com.starbucks.co2.ui.intro.IntroActivity]
12-21 19:22:33.537 I/wm_set_resumed_activity( 1087): [0,com.starbucks.co/com.starbucks.co2.ui.intro.IntroActivity,minimalResumeActivityLocked]
12-21 19:22:33.544 I/am_uid_active( 1087): 10326
12-21 19:22:33.560 I/sysui_multi_action( 1087): [757,803,799,window_time_0,802,3]
12-21 19:22:34.185 I/wm_on_create_called(17118): [228033132,com.starbucks.co2.ui.intro.IntroActivity,performCreate]
12-21 19:22:34.186 I/wm_on_start_called(17118): [228033132,com.starbucks.co2.ui.intro.IntroActivity,handleStartActivity]
12-21 19:22:34.188 I/wm_on_resume_called(17118): [228033132,com.starbucks.co2.ui.intro.IntroActivity,RESUME_ACTIVITY]
12-21 19:22:34.199 I/wm_on_top_resumed_gained_called(17118): [228033132,com.starbucks.co2.ui.intro.IntroActivity,topStateChangedWhenResumed]
12-21 19:22:34.226 I/wm_on_idle_called(17118): {com.starbucks.co/com.starbucks.co2.ui.intro.IntroActivity}
