12-21 19:18:31.405 I/notification_enqueue( 1087): [10293,14332,com.sds.mysinglesquare,7,NULL,0,Notification(channel=com.sds.mysinglesquare_5_NONE_MESSAGE_2015083291 shortcut=null contentView=null vibrate=null sound=null defaults=0x0 flags=0x10 color=0x00000000 groupKey=SQUARE_GROUP_KEY vis=PRIVATE semFlags=0x20 semPriority=0 semMissedCount=0),0,NULL]
12-21 19:18:31.414 I/power_partial_wake_state( 1087): [5,blue_wake_lock_w:com.sds.mysinglesquare]
12-21 19:18:31.433 I/power_partial_wake_state( 1087): [0,blue_wake_lock_r:com.sds.mysinglesquare]
12-21 19:18:31.444 I/notification_enqueue( 1087): [10293,14332,com.sds.mysinglesquare,919450815,NULL,0,Notification(channel=com.sds.mysinglesquare_5_NONE_MESSAGE_2015083291 shortcut=null contentView=null vibrate=null sound=null defaults=0x0 flags=0x210 color=0x00000000 groupKey=SQUARE_GROUP_KEY vis=PRIVATE semFlags=0x20 semPriority=0 semMissedCount=0),1,NULL]
12-21 19:18:31.531 I/power_partial_wake_state( 1087): [5,blue_wake_lock_w:com.sds.mysinglesquare]
12-21 19:18:31.538 I/power_partial_wake_state( 1087): [2,blue_wake_lock_w:com.sds.mysinglesquare]
12-21 19:18:31.544 I/power_partial_wake_state( 1087): [0,blue_wake_lock_r:com.sds.mysinglesquare]
12-21 19:18:31.605 I/sysui_multi_action( 1087): [757,1501,758,1,793,202,794,0,795,202,796,7,806,com.sds.mysinglesquare,857,com.sds.mysinglesquare_5_NO-886afca1,858,2,946,SQUARE_GROUP_KEY,947,0,1500,0,1688,1,1745,2098068913]
12-21 19:18:31.605 I/sysui_multi_action( 1087): [757,804,799,note_interruptive,801,0,802,1]
12-21 19:18:31.631 I/commit_sys_config_file( 1087): [notification-policy,18]
12-21 19:18:31.653 I/am_kill ( 1087): [0,10737,com.samsung.accessibility,999,empty #33]
12-21 19:18:31.667 I/register_audio_device_callback(14449): 14449
12-21 19:18:31.713 I/am_proc_died( 1087): [0,10737,com.samsung.accessibility,0,999,19,170,4104]
12-21 19:18:31.735 I/am_kill ( 1087): [0,10934,com.samsung.android.app.smartcapture,999,empty #33]
12-21 19:18:31.764 I/am_uid_running( 1087): 10062
12-21 19:18:31.767 I/am_proc_died( 1087): [0,10934,com.samsung.android.app.smartcapture,0,999,19,167,4104]
12-21 19:18:31.767 I/am_uid_stopped( 1087): 10173
12-21 19:18:31.787 I/am_proc_start( 1087): [0,14715,10062,com.google.android.projection.gearhead:provider,content provider,{com.google.android.projection.gearhead/com.google.android.apps.auto.components.projectionstate.ProjectionStateProvider}]
12-21 19:18:31.790 I/am_uid_running( 1087): 10341
12-21 19:18:31.795 I/am_kill ( 1087): [0,9967,com.samsung.android.app.contacts,999,empty #33]
12-21 19:18:31.796 I/am_kill ( 1087): [0,2665,com.samsung.android.app.telephonyui,999,empty #34]
12-21 19:18:31.817 I/am_proc_start( 1087): [0,14736,10341,com.ss.android.ugc.trill,broadcast,{com.ss.android.ugc.trill/com.ss.android.ugc.tiktok.localpush.receiver.RebootBroadcastReceiver}]
12-21 19:18:31.818 I/am_proc_bound( 1087): [0,14715,com.google.android.projection.gearhead:provider]
12-21 19:18:31.826 I/am_kill ( 1087): [0,12042,com.sec.android.soagent,999,empty #33]
12-21 19:18:31.844 I/am_proc_bound( 1087): [0,14736,com.ss.android.ugc.trill]
12-21 19:18:31.862 I/notification_enqueue( 1087): [10293,14332,com.sds.mysinglesquare,8,NULL,0,Notification(channel=com.sds.mysinglesquare_5_NONE_MESSAGE_2015083291 shortcut=null contentView=null vibrate=null sound=null defaults=0x0 flags=0x10 color=0x00000000 groupKey=SQUARE_GROUP_KEY vis=PRIVATE semFlags=0x20 semPriority=0 semMissedCount=0),1,NULL]
12-21 19:18:31.868 I/am_proc_died( 1087): [0,12042,com.sec.android.soagent,0,999,19,211,4105]
12-21 19:18:31.888 I/notification_enqueue( 1087): [10293,14332,com.sds.mysinglesquare,919450815,NULL,0,Notification(channel=com.sds.mysinglesquare_5_NONE_MESSAGE_2015083291 shortcut=null contentView=null vibrate=null sound=null defaults=0x0 flags=0x210 color=0x00000000 groupKey=SQUARE_GROUP_KEY vis=PRIVATE semFlags=0x20 semPriority=0 semMissedCount=0),1,NULL]
12-21 19:18:31.982 I/am_proc_died( 1087): [0,2665,com.samsung.android.app.telephonyui,0,999,19,192,4112]
12-21 19:18:31.996 I/am_proc_died( 1087): [0,9967,com.samsung.android.app.contacts,0,999,19,196,4113]
12-21 19:18:31.996 I/am_uid_stopped( 1087): 10118
12-21 19:18:32.003 I/notification_cancel( 1087): [10342,14449,com.soundcloud.android,1,NULL,0,0,1088,8,NULL]
12-21 19:18:32.114 I/notification_enqueue( 1087): [10293,14332,com.sds.mysinglesquare,9,NULL,0,Notification(channel=com.sds.mysinglesquare_5_NONE_MESSAGE_2015083291 shortcut=null contentView=null vibrate=null sound=null defaults=0x0 flags=0x10 color=0x00000000 groupKey=SQUARE_GROUP_KEY vis=PRIVATE semFlags=0x20 semPriority=0 semMissedCount=0),0,NULL]
12-21 19:18:32.130 I/notification_enqueue( 1087): [10293,14332,com.sds.mysinglesquare,919450815,NULL,0,Notification(channel=com.sds.mysinglesquare_5_NONE_MESSAGE_2015083291 shortcut=null contentView=null vibrate=null sound=null defaults=0x0 flags=0x210 color=0x00000000 groupKey=SQUARE_GROUP_KEY vis=PRIVATE semFlags=0x20 semPriority=0 semMissedCount=0),1,NULL]
12-21 19:18:32.163 I/notification_enqueue( 1087): [10342,14449,com.soundcloud.android,1,NULL,0,Notification(channel=channel_playback shortcut=null contentView=null vibrate=null sound=null defaults=0x0 flags=0x10 color=0x00000000 category=transport groupKey=silent actions=3 vis=PUBLIC semFlags=0x0 semPriority=0 semMissedCount=0),0,NULL]
12-21 19:18:32.176 I/notification_enqueue( 1087): [10342,14449,com.soundcloud.android,1,NULL,0,Notification(channel=channel_playback shortcut=null contentView=null vibrate=null sound=null defaults=0x0 flags=0x10 color=0x00000000 category=transport groupKey=silent actions=3 vis=PUBLIC semFlags=0x0 semPriority=0 semMissedCount=0),0,NULL]
12-21 19:18:32.315 I/sysui_multi_action( 1087): [757,1501,758,1,793,202,794,0,795,202,796,9,806,com.sds.mysinglesquare,857,com.sds.mysinglesquare_5_NO-886afca1,858,2,946,SQUARE_GROUP_KEY,947,0,1500,0,1688,1,1745,2098068913]
12-21 19:18:32.315 I/sysui_multi_action( 1087): [757,804,799,note_interruptive,801,0,802,1]
12-21 19:18:32.364 I/sysui_multi_action( 1087): [757,1501,758,1,793,211,794,0,795,211,796,1,806,com.soundcloud.android,857,channel_playback,858,2,946,silent,947,0,1500,0,1641,transport,1688,1]
12-21 19:18:32.364 I/sysui_multi_action( 1087): [757,804,799,note_interruptive,801,0,802,1]
12-21 19:18:32.419 I/notification_enqueue( 1087): [10293,14332,com.sds.mysinglesquare,10,NULL,0,Notification(channel=com.sds.mysinglesquare_5_NONE_MESSAGE_2015083291 shortcut=null contentView=null vibrate=null sound=null defaults=0x0 flags=0x10 color=0x00000000 groupKey=SQUARE_GROUP_KEY vis=PRIVATE semFlags=0x20 semPriority=0 semMissedCount=0),0,NULL]
12-21 19:18:32.453 I/notification_enqueue( 1087): [10293,14332,com.sds.mysinglesquare,919450815,NULL,0,Notification(channel=com.sds.mysinglesquare_5_NONE_MESSAGE_2015083291 shortcut=null contentView=null vibrate=null sound=null defaults=0x0 flags=0x210 color=0x00000000 groupKey=SQUARE_GROUP_KEY vis=PRIVATE semFlags=0x20 semPriority=0 semMissedCount=0),1,NULL]
12-21 19:18:32.621 I/sysui_multi_action( 1087): [757,1501,758,1,793,203,794,0,795,203,796,10,806,com.sds.mysinglesquare,857,com.sds.mysinglesquare_5_NO-886afca1,858,2,946,SQUARE_GROUP_KEY,947,0,1500,0,1688,1,1745,2098068913]
12-21 19:18:32.621 I/sysui_multi_action( 1087): [757,804,799,note_interruptive,801,0,802,1]
12-21 19:18:32.623 I/am_kill ( 1087): [0,11484,com.samsung.android.mdecservice,999,empty #33]
12-21 19:18:32.649 I/am_proc_died( 1087): [0,11484,com.samsung.android.mdecservice,0,999,19,209,4118]
12-21 19:18:32.853 I/power_partial_wake_state( 1087): [10210,*job*/com.google.android.apps.photos/com.google.android.libraries.social.async.BackgroundTaskJobService:android]
12-21 19:18:32.862 I/am_kill ( 1087): [0,12070,com.sec.factory.camera,999,empty #33]
12-21 19:18:32.865 I/sync    ( 1087): [com.android.contacts,0,1,1546474410]
12-21 19:18:32.872 I/power_partial_wake_state( 1087): [9,SyncLoopWakeLock:android]
12-21 19:18:32.874 I/power_partial_wake_state( 1087): [0,SyncLoopWakeLock:android]
12-21 19:18:32.956 I/power_partial_wake_state( 1087): [0,SyncLoopWakeLock:android]
12-21 19:18:32.959 I/notification_cancel( 1087): [10100,3812,com.google.android.gms,1,FSA2_CONTACTS_PERMISSION_NOTIFICATION,0,0,1088,8,NULL]
12-21 19:18:32.962 I/notification_cancel( 1087): [10100,3812,com.google.android.gms,1,com.google.android.gms.people.sync.focus.notification.permission_denied.tag,0,0,1088,8,NULL]
12-21 19:18:32.970 I/am_proc_died( 1087): [0,12070,com.sec.factory.camera,0,999,19,158,4142]
12-21 19:18:33.057 I/am_kill ( 1087): [0,12090,com.sec.mhs.smarttethering,999,empty #33]
12-21 19:18:33.078 I/am_proc_start( 1087): [0,14882,1001,com.samsung.android.app.telephonyui,broadcast,{com.samsung.android.app.telephonyui/com.samsung.android.app.telephonyui.carrierui.networkui.app.NetworkUiReceiver}]
12-21 19:18:33.090 I/am_proc_start( 1087): [0,14888,1000,android:drmService,service,{android/com.android.server.DrmEventService}]
12-21 19:18:33.095 I/am_proc_died( 1087): [0,12090,com.sec.mhs.smarttethering,0,999,19,157,4137]
12-21 19:18:33.114 I/am_proc_bound( 1087): [0,14882,com.samsung.android.app.telephonyui]
12-21 19:18:33.126 I/am_proc_bound( 1087): [0,14888,android:drmService]
12-21 19:18:33.401 I/dvm_lock_sample(14736): [com.ss.android.ugc.trill,0,tp-default-6,423,ApplicationLoaders.java,96,java.lang.ClassLoader android.app.ApplicationLoaders.getClassLoader(java.lang.String, int, boolean, java.lang.String, java.lang.String, java.lang.ClassLoader, java.lang.String, java.lang.String, java.util.List),-,128,java.lang.ClassLoader android.app.ApplicationLoaders.getClassLoader(java.lang.String, int, boolean, java.lang.String, java.lang.String, java.lang.ClassLoader, java.lang.String, java.lang.String, java.util.List),84]
12-21 19:18:33.410 I/dvm_lock_sample(14736): [com.ss.android.ugc.trill,0,tp-default-5,258,Runtime.java,-1,void java.lang.Runtime.loadLibrary0(java.lang.ClassLoader, java.lang.Class, java.lang.String),,0,null,51]
12-21 19:18:33.421 I/am_kill ( 1087): [0,9818,com.samsung.android.mobileservice,999,empty #33]
12-21 19:18:33.422 I/am_uid_running( 1087): 5025
12-21 19:18:33.435 I/am_proc_start( 1087): [0,14966,5025,com.samsung.android.mdx.kit,broadcast,{com.samsung.android.mdx.kit/com.samsung.android.mdx.kit.discovery.impl.viewImpl.DeviceDiscoverySystemReceiver}]
12-21 19:18:33.468 I/am_proc_bound( 1087): [0,14966,com.samsung.android.mdx.kit]
12-21 19:18:33.483 I/am_proc_died( 1087): [0,9818,com.samsung.android.mobileservice,0,999,19,172,4123]
12-21 19:18:33.484 I/am_uid_stopped( 1087): 10121
12-21 19:18:33.556 I/am_uid_running( 1087): 10121
12-21 19:18:33.581 I/am_proc_start( 1087): [0,15007,10121,com.samsung.android.mobileservice,content provider,{com.samsung.android.mobileservice/com.samsung.android.mobileservice.supportedservice.capability.provider.MobileServiceCapabilityProvider}]
12-21 19:18:33.600 I/power_partial_wake_state( 1087): [21,IntentOp:.common.broadcast.BackgroundBroadcastReceiverSupport$PersistentReceiverIntentOperation:com.google.android.gms]
12-21 19:18:33.645 I/netstats_mobile_sample( 1087): [0,0,0,0,0,0,0,0,0,0,0,0,1671617913780]
12-21 19:18:33.645 I/netstats_wifi_sample( 1087): [2038605,2564,599813,2241,2038605,2564,599813,2241,2037243,2539,599813,2241,1671617913780]
12-21 19:18:33.645 I/power_partial_wake_state( 1087): [17,NetworkStats:android]
12-21 19:18:33.647 I/am_uid_running( 1087): 10085
12-21 19:18:33.656 I/am_proc_start( 1087): [0,15041,10075,com.samsung.android.app.routines,service,{com.samsung.android.app.routines/com.samsung.android.app.routines.domainmodel.core.service.RoutineService}]
12-21 19:18:33.661 I/am_proc_bound( 1087): [0,15007,com.samsung.android.mobileservice]
12-21 19:18:33.672 I/am_proc_start( 1087): [0,15071,10085,com.samsung.android.app.galaxyfinder:appservice,service,{com.samsung.android.app.galaxyfinder/com.samsung.android.app.galaxyfinder.acceleration.AppCoreService}]
12-21 19:18:33.673 I/am_proc_bound( 1087): [0,15041,com.samsung.android.app.routines]
12-21 19:18:33.683 I/power_partial_wake_state( 1087): [97,IntentOp:.common.broadcast.BackgroundBroadcastReceiverSupport$PersistentReceiverIntentOperation:com.google.android.gms]
12-21 19:18:33.691 I/power_partial_wake_state( 1087): [14,Icing:com.google.android.gms]
12-21 19:18:33.697 I/power_partial_wake_state( 1087): [6,Icing:com.google.android.gms]
12-21 19:18:33.735 I/power_partial_wake_state( 1087): [38,Icing:com.google.android.gms]
12-21 19:18:33.743 I/power_partial_wake_state( 1087): [8,Icing:com.google.android.gms]
12-21 19:18:33.753 I/am_proc_bound( 1087): [0,15071,com.samsung.android.app.galaxyfinder:appservice]
12-21 19:18:33.772 I/power_partial_wake_state( 1087): [28,Icing:com.google.android.gms]
12-21 19:18:33.780 I/power_partial_wake_state( 1087): [9,Icing:com.google.android.gms]
12-21 19:18:33.790 I/power_partial_wake_state( 1087): [5,nearby:ENWearableDeviceManager:com.google.android.gms]
12-21 19:18:33.825 I/notification_cancel( 1087): [10100,2886,com.google.android.gms,56933,NULL,0,0,1088,8,NULL]
12-21 19:18:33.825 I/notification_cancel( 1087): [10100,2886,com.google.android.gms,56932,NULL,0,0,1088,8,NULL]
12-21 19:18:33.825 I/notification_cancel( 1087): [10100,2886,com.google.android.gms,56935,NULL,0,0,1088,8,NULL]
12-21 19:18:33.825 I/notification_cancel( 1087): [10100,2886,com.google.android.gms,115357,NULL,0,0,1088,8,NULL]
12-21 19:18:33.825 I/notification_cancel( 1087): [10100,2886,com.google.android.gms,115356,NULL,0,0,1088,8,NULL]
12-21 19:18:33.829 I/notification_cancel( 1087): [10100,2886,com.google.android.gms,115358,NULL,0,0,1088,8,NULL]
12-21 19:18:33.853 I/dvm_lock_sample(14736): [com.ss.android.ugc.trill,0,tp-io-13,770,WebViewFactory.java,227,android.webkit.WebViewFactoryProvider android.webkit.WebViewFactory.getProvider(),-,167,android.content.pm.PackageInfo android.webkit.WebViewFactory.getLoadedPackageInfo(),100]
12-21 19:18:33.855 I/dvm_lock_sample(14736): [com.ss.android.ugc.trill,0,RxNewThreadScheduler-1,551,WebViewFactory.java,227,android.webkit.WebViewFactoryProvider android.webkit.WebViewFactory.getProvider(),-,167,android.content.pm.PackageInfo android.webkit.WebViewFactory.getLoadedPackageInfo(),100]
12-21 19:18:33.871 I/power_partial_wake_state( 1087): [0,*job*/com.samsung.android.app.routines/.domainmodel.core.service.RoutineJobService:android]
12-21 19:18:33.871 I/power_partial_wake_state( 1087): [1,nearby:ENWearableDeviceManager:com.google.android.gms]
12-21 19:18:33.914 I/notification_cancel( 1087): [10100,2886,com.google.android.gms,56933,NULL,0,0,1088,8,NULL]
12-21 19:18:33.919 I/notification_cancel( 1087): [10100,2886,com.google.android.gms,56932,NULL,0,0,1088,8,NULL]
12-21 19:18:33.920 I/notification_cancel( 1087): [10100,2886,com.google.android.gms,56935,NULL,0,0,1088,8,NULL]
12-21 19:18:33.921 I/notification_cancel( 1087): [10100,2886,com.google.android.gms,115357,NULL,0,0,1088,8,NULL]
12-21 19:18:33.921 I/notification_cancel( 1087): [10100,2886,com.google.android.gms,115356,NULL,0,0,1088,8,NULL]
12-21 19:18:33.921 I/notification_cancel( 1087): [10100,2886,com.google.android.gms,115358,NULL,0,0,1088,8,NULL]
12-21 19:18:33.959 I/dvm_lock_sample(14736): [com.ss.android.ugc.trill,0,tp-io-9,327,SourceFile,7,android.webkit.CookieManager X.MEJ.LIZJ(),-,50,android.webkit.CookieManager X.MEJ.LIZJ(),65]
12-21 19:18:33.960 I/dvm_lock_sample(14736): [com.ss.android.ugc.trill,0,tp-io-10,327,SourceFile,7,android.webkit.CookieManager X.MEJ.LIZJ(),-,50,android.webkit.CookieManager X.MEJ.LIZJ(),65]
12-21 19:18:33.973 I/power_partial_wake_state( 1087): [83,*job*/com.samsung.android.app.routines/.domainmodel.core.service.RoutineJobService:android]
12-21 19:18:34.002 I/am_proc_start( 1087): [0,15175,10075,com.samsung.android.app.routines:RoutineUIProcess,service,{com.samsung.android.app.routines/com.samsung.android.app.routines.domainmodel.core.service.NotificationUpdateService}]
12-21 19:18:34.036 I/am_proc_bound( 1087): [0,15175,com.samsung.android.app.routines:RoutineUIProcess]
12-21 19:18:34.170 I/power_partial_wake_state( 1087): [389,Icing:com.google.android.gms]
12-21 19:18:34.208 I/am_uid_running( 1087): 5026
12-21 19:18:34.226 I/am_proc_start( 1087): [0,15255,5026,com.samsung.android.app.sharelive,content provider,{com.samsung.android.app.sharelive/com.samsung.android.app.sharelive.data.local.SettingsProvider}]
12-21 19:18:34.230 I/power_partial_wake_state( 1087): [9,*job*/com.samsung.android.mobileservice/.social.calendar.presentation.service.jobservice.MigrationJobService:android]
12-21 19:18:34.253 I/notification_cancel( 1087): [10100,3812,com.google.android.gms,3,com.google.android.gms.people.sync.focus.notification.sync_progress.tag.aa1200835@gmail.com,0,0,1088,8,NULL]
12-21 19:18:34.254 I/notification_cancel( 1087): [10100,3812,com.google.android.gms,3,com.google.android.gms.people.sync.focus.notification.sync_progress.tag.99c97bb522177575,0,0,1088,8,NULL]
12-21 19:18:34.279 I/am_uid_running( 1087): 10064
12-21 19:18:34.281 I/am_proc_bound( 1087): [0,15255,com.samsung.android.app.sharelive]
12-21 19:18:34.284 I/power_partial_wake_state( 1087): [1424,*job*/com.android.contacts/com.google/eM_ADDR:android:android]
12-21 19:18:34.295 I/power_partial_wake_state( 1087): [1430,*sync*/com.android.contacts/com.google/aa1200835@gmail.com:android]
12-21 19:18:34.304 I/am_proc_start( 1087): [0,15291,10064,com.samsung.android.app.appsedge,service,{com.samsung.android.app.appsedge/com.samsung.android.app.appsedge.edgepanel.EdgeIntentService}]
12-21 19:18:34.305 I/sync    ( 1087): [com.android.contacts,1,1,1546474410]
12-21 19:18:34.305 I/power_partial_wake_state( 1087): [22,SyncLoopWakeLock:android]
12-21 19:18:34.305 I/notification_cancel( 1087): [1000,1087,android,18,-1870840558,0,0,0,8,NULL]
12-21 19:18:34.319 I/am_proc_bound( 1087): [0,15291,com.samsung.android.app.appsedge]
12-21 19:18:34.370 I/notification_cancel_all( 1087): [1000,1087,com.samsung.android.app.routines,0,0,0,17,NULL]
12-21 19:18:34.370 I/sysui_multi_action( 1087): [757,856,758,2,806,com.samsung.android.app.routines,857,routine_channel_id,858,1]
12-21 19:18:34.376 I/sysui_multi_action( 1087): [757,856,758,1,806,com.samsung.android.app.routines,857,routine_channel_id,858,1]
12-21 19:18:34.381 I/commit_sys_config_file( 1087): [notification-policy,10]
12-21 19:18:34.390 I/commit_sys_config_file( 1087): [notification-policy,9]
12-21 19:18:34.453 I/am_uid_running( 1087): 10084
12-21 19:18:34.466 I/notification_cancel( 1087): [10121,15007,com.samsung.android.mobileservice,55443322,NULL,0,0,1088,8,NULL]
12-21 19:18:34.471 I/am_proc_start( 1087): [0,15345,10084,com.android.externalstorage,broadcast,{com.android.externalstorage/com.android.externalstorage.MountReceiver}]
12-21 19:18:34.476 I/am_uid_running( 1087): 5009
12-21 19:18:34.482 I/am_kill ( 1087): [0,12110,com.sec.spp.push,999,empty #33]
12-21 19:18:34.491 I/am_proc_start( 1087): [0,15358,5009,com.samsung.android.scloud,content provider,{com.samsung.android.scloud/com.samsung.android.scloud.keystore.KeyStoreProvider}]
12-21 19:18:34.498 I/am_proc_bound( 1087): [0,15345,com.android.externalstorage]
12-21 19:18:34.517 I/am_proc_bound( 1087): [0,15358,com.samsung.android.scloud]
12-21 19:18:34.587 I/am_kill ( 1087): [0,12142,com.sec.usbsettings,999,empty #33]
12-21 19:18:34.588 I/am_uid_running( 1087): 10186
12-21 19:18:34.603 I/am_proc_start( 1087): [0,15406,10186,com.samsung.android.app.simplesharing,broadcast,{com.samsung.android.app.simplesharing/com.samsung.android.app.simplesharing.presentation.receiver.VolumeStateReceiver}]
12-21 19:18:34.623 I/am_proc_died( 1087): [0,12142,com.sec.usbsettings,0,999,19,223,4008]
12-21 19:18:34.634 I/am_proc_bound( 1087): [0,15406,com.samsung.android.app.simplesharing]
12-21 19:18:34.706 I/content_query_sample( 2755): contents_sample_state: [CONTACT contacts(0) data(0) accounts({}) accounts deleted({}) in_trash(in_trash(0), in_trash_for_sync(0)) calls([]) countryIso(KR) userId(0)  ]
12-21 19:18:34.706 I/content_query_sample( 2755): contents_sample_state: [ agr({})  ]
12-21 19:18:34.706 I/content_query_sample( 2755): contents_sample_state: [ actCnt({com.google.android.gms(3812)=30, android.process.acore(2755)=102, com.android.providers.calendar(3326)=2, com.android.providers.calendar(10908)=2, com.samsung.android.dialer(10981)=23, com.samsung.android.email.provider(10262)=2, com.google.android.syncadapters.contacts(9358)=2, com.samsung.android.scs(11449)=1, com.samsung.android.app.contacts(9967)=46, com.android.providers.calendar(6551)=2, system(1087)=2, com.samsung.android.app.contacts(5534)=58})  ]
12-21 19:18:34.706 I/content_query_sample( 2755): contents_sample_state: [PROFILE contacts(0) data(0) accounts({})  ] [SAPROFILE contacts(0) data(0) accounts({})  ]
12-21 19:18:34.706 I/content_query_sample( 2755): contents_sample_state: [STORAGE Contacts(CE) Profile(CE) SAProfile(CE) CallLog(CE)  ]
12-21 19:18:34.780 I/am_proc_died( 1087): [0,15071,com.samsung.android.app.galaxyfinder:appservice,0,0,10,194,4010]
12-21 19:18:34.781 I/am_uid_stopped( 1087): 10085
12-21 19:18:34.786 I/notification_cancel( 1087): [5009,15358,com.samsung.android.scloud,167000,NULL,0,0,1088,8,NULL]
12-21 19:18:34.786 I/notification_cancel( 1087): [5009,15358,com.samsung.android.scloud,168000,NULL,0,0,1088,8,NULL]
12-21 19:18:34.786 I/notification_cancel( 1087): [5009,15358,com.samsung.android.scloud,169000,NULL,0,0,1088,8,NULL]
12-21 19:18:34.787 I/notification_cancel( 1087): [5009,15358,com.samsung.android.scloud,171000,NULL,0,0,1088,8,NULL]
12-21 19:18:34.792 I/am_mem_factor( 1087): [1,0]
12-21 19:18:34.794 I/force_gc(15291): mem
12-21 19:18:34.796 I/force_gc( 4337): mem
12-21 19:18:34.797 I/force_gc(14332): mem
12-21 19:18:34.798 I/force_gc(15345): mem
12-21 19:18:34.798 I/force_gc(15175): mem
12-21 19:18:34.799 I/force_gc(13195): mem
12-21 19:18:34.804 I/force_gc(14736): mem
12-21 19:18:34.805 I/force_gc(15041): mem
12-21 19:18:34.805 I/force_gc(14882): mem
12-21 19:18:34.803 I/force_gc(12232): mem
12-21 19:18:34.821 I/force_gc(14449): mem
12-21 19:18:34.838 I/am_uid_running( 1087): 10177
12-21 19:18:34.851 I/am_proc_start( 1087): [0,15512,10177,com.samsung.android.sm.policy,content provider,{com.samsung.android.sm.policy/com.samsung.android.scpm.db.ScpmProvider}]
12-21 19:18:34.873 I/am_proc_bound( 1087): [0,15512,com.samsung.android.sm.policy]
12-21 19:18:34.883 I/power_partial_wake_state( 1087): [5031,*dexopt*:android]
12-21 19:18:34.888 I/power_partial_wake_state( 1087): [4,*dexopt*:android]
12-21 19:18:34.889 I/power_partial_wake_state( 1087): [0,*dexopt*:android]
12-21 19:18:34.892 I/power_partial_wake_state( 1087): [2,*dexopt*:android]
12-21 19:18:34.893 I/power_partial_wake_state( 1087): [1,*dexopt*:android]
12-21 19:18:34.895 I/power_partial_wake_state( 1087): [1,*dexopt*:android]
12-21 19:18:34.906 I/power_partial_wake_state( 1087): [11,*dexopt*:android]
12-21 19:18:34.908 I/power_partial_wake_state( 1087): [2,*dexopt*:android]
12-21 19:18:34.909 I/power_partial_wake_state( 1087): [1,*dexopt*:android]
12-21 19:18:34.962 I/am_pss  ( 1087): [9860,10257,com.qualcomm.telephony,5187584,3948544,111616,101601280,0,10,6]
12-21 19:18:35.057 I/am_uid_running( 1087): 10131
12-21 19:18:35.062 I/am_kill ( 1087): [0,12162,com.skms.android.agent,999,empty #33]
12-21 19:18:35.069 I/force_gc(15406): mem
12-21 19:18:35.071 I/am_proc_start( 1087): [0,15552,10131,com.sec.android.app.myfiles,broadcast,{com.sec.android.app.myfiles/com.sec.android.app.myfiles.external.receiver.MyFilesReceiver}]
12-21 19:18:35.099 I/am_proc_bound( 1087): [0,15552,com.sec.android.app.myfiles]
12-21 19:18:35.201 I/am_proc_died( 1087): [0,12162,com.skms.android.agent,0,999,19,135,3997]
12-21 19:18:35.236 I/am_uid_running( 1087): 10212
12-21 19:18:35.241 I/am_kill ( 1087): [0,12182,com.ahnlab.v3mobileplus,999,empty #33]
12-21 19:18:35.247 I/force_gc(15552): mem
12-21 19:18:35.249 I/am_proc_start( 1087): [0,15588,10212,com.sec.android.easyMover.Agent,broadcast,{com.sec.android.easyMover.Agent/com.sec.android.easyMover.Agent.MainReceiver$UsbAttachedReceiver}]
12-21 19:18:35.272 I/am_proc_bound( 1087): [0,15588,com.sec.android.easyMover.Agent]
12-21 19:18:35.279 I/force_gc( 4056): mem
12-21 19:18:35.287 I/am_proc_died( 1087): [0,12182,com.ahnlab.v3mobileplus,0,999,19,139,3975]
12-21 19:18:35.287 I/force_gc( 2755): mem
12-21 19:18:35.287 I/am_uid_stopped( 1087): 10287
12-21 19:18:35.360 I/am_uid_running( 1087): 10123
12-21 19:18:35.368 I/am_kill ( 1087): [0,12325,com.disney.disneyplus,999,empty #33]
12-21 19:18:35.375 I/am_proc_start( 1087): [0,15615,10123,com.sec.android.gallery3d,broadcast,{com.sec.android.gallery3d/com.samsung.android.gallery.app.receiver.TrashUpdateReceiver}]
12-21 19:18:35.379 I/force_gc(15588): mem
12-21 19:18:35.409 I/am_proc_bound( 1087): [0,15615,com.sec.android.gallery3d]
12-21 19:18:35.576 I/force_gc(15615): mem
12-21 19:18:35.580 I/am_uid_running( 1087): 10264
12-21 19:18:35.585 I/am_kill ( 1087): [0,12437,com.espn.score_center,999,empty #33]
12-21 19:18:35.597 I/force_gc(13862): mem
12-21 19:18:35.611 I/am_proc_start( 1087): [0,15652,10264,com.sec.android.app.kidshome,broadcast,{com.sec.android.app.kidshome/com.sec.android.app.kidshome.broadcastreceiver.MediaMountStateReceiver}]
12-21 19:18:35.620 I/am_proc_bound( 1087): [0,15652,com.sec.android.app.kidshome]
12-21 19:18:35.821 I/am_proc_died( 1087): [0,12110,com.sec.spp.push,0,999,19,166,3921]
12-21 19:18:35.822 I/am_uid_stopped( 1087): 10114
12-21 19:18:35.889 I/am_pss  ( 1087): [10262,10299,com.samsung.android.email.provider,64935936,41156608,174080,227205120,0,10,12]
12-21 19:18:35.899 I/am_uid_running( 1087): 10266
12-21 19:18:35.903 I/am_kill ( 1087): [0,12545,com.google.android.webview:sandboxed_process0:org.chromium.content.app.SandboxedProcessService0:0,999,empty #33]
12-21 19:18:35.906 I/am_proc_died( 1087): [0,12437,com.espn.score_center,0,999,19,161,3918]
12-21 19:18:35.907 I/force_gc(15652): mem
12-21 19:18:35.907 I/am_uid_stopped( 1087): 10333
12-21 19:18:35.912 I/am_proc_start( 1087): [0,15698,10266,com.sec.android.app.sbrowser,broadcast,{com.sec.android.app.sbrowser/com.sec.android.app.sbrowser.download.DownloadBroadcastReceiver}]
12-21 19:18:35.919 I/service_manager_slow( 1940): [10,carrier_config]
12-21 19:18:35.938 I/am_proc_died( 1087): [0,12545,com.google.android.webview:sandboxed_process0:org.chromium.content.app.SandboxedProcessService0:0,0,0,10,319,3917]
12-21 19:18:35.938 I/am_uid_stopped( 1087): 99003
12-21 19:18:35.949 I/am_proc_bound( 1087): [0,15698,com.sec.android.app.sbrowser]
12-21 19:18:35.953 I/am_proc_died( 1087): [0,12325,com.disney.disneyplus,0,999,19,313,3916]
12-21 19:18:35.954 I/am_uid_stopped( 1087): 10343
12-21 19:18:36.055 I/force_gc(15512): mem
12-21 19:18:36.114 I/am_kill ( 1087): [0,12583,com.google.android.webview:webview_service,999,empty #33]
12-21 19:18:36.116 I/force_gc( 4337): mem
12-21 19:18:36.116 I/force_gc(15698): mem
12-21 19:18:36.149 I/am_uid_running( 1087): 5004
12-21 19:18:36.159 I/am_proc_died( 1087): [0,12583,com.google.android.webview:webview_service,0,999,19,255,3917]
12-21 19:18:36.159 I/am_uid_stopped( 1087): 10189
12-21 19:18:36.174 I/am_proc_start( 1087): [0,15749,5004,com.samsung.cmh:CMH,broadcast,{com.samsung.cmh/com.samsung.cmh.core.receiver.SystemBroadcastReceiver$CMHBroadcastReceiver}]
12-21 19:18:36.216 I/am_proc_bound( 1087): [0,15749,com.samsung.cmh:CMH]
12-21 19:18:36.330 I/commit_sys_config_file( 1087): [jobs,5]
12-21 19:18:36.409 I/am_uid_running( 1087): 10175
12-21 19:18:36.420 I/am_proc_start( 1087): [0,15805,10175,com.sec.android.app.DataCreate,broadcast,{com.sec.android.app.DataCreate/com.sec.android.app.DataCreate.Receiver}]
12-21 19:18:36.426 I/force_gc(15749): mem
12-21 19:18:36.434 I/am_pss  ( 1087): [10550,99002,com.google.android.webview:sandboxed_process0:org.chromium.content.app.SandboxedProcessService0:0,5740544,3375104,177152,106151936,0,10,6]
12-21 19:18:36.450 I/am_proc_bound( 1087): [0,15805,com.sec.android.app.DataCreate]
12-21 19:18:36.503 I/force_gc(15805): mem
12-21 19:18:36.507 I/power_partial_wake_state( 1087): [312,*job*/com.android.providers.media.module/com.android.providers.media.MediaService:android]
12-21 19:18:36.514 I/force_gc(15615): mem
12-21 19:18:36.524 I/am_mem_factor( 1087): [0,1]
12-21 19:18:36.553 I/am_kill ( 1087): [0,12849,com.gameloft.android.ANMP.GloftA9HM,999,empty #33]
12-21 19:18:36.618 I/am_proc_died( 1087): [0,12849,com.gameloft.android.ANMP.GloftA9HM,0,999,19,212,3923]
12-21 19:18:36.619 I/am_uid_stopped( 1087): 10349
12-21 19:18:36.708 I/am_uid_running( 1087): 10086
12-21 19:18:36.718 I/am_proc_start( 1087): [0,15838,10086,com.samsung.android.fast,broadcast,{com.samsung.android.fast/com.samsung.android.fast.common.SecureWifiReceiver}]
12-21 19:18:36.757 I/am_proc_bound( 1087): [0,15838,com.samsung.android.fast]
12-21 19:18:36.887 I/power_partial_wake_state( 1087): [229,*job*/com.android.providers.media.module/com.android.providers.media.MediaService:android]
12-21 19:18:37.061 I/am_kill ( 1087): [0,13080,com.google.android.apps.docs,999,empty #33]
12-21 19:18:37.170 I/am_proc_died( 1087): [0,13080,com.google.android.apps.docs,0,999,19,300,3895]
12-21 19:18:37.171 I/am_uid_stopped( 1087): 10265
12-21 19:18:37.181 I/am_uid_running( 1087): 10099
12-21 19:18:37.202 I/am_proc_start( 1087): [0,15882,10099,com.android.hotwordenrollment.xgoogle,broadcast,{com.android.hotwordenrollment.xgoogle/com.android.hotwordenrollment.xgoogle.EnrollmentDelegateReceiver}]
12-21 19:18:37.212 I/am_uid_idle( 1087): 10281
12-21 19:18:37.216 I/am_proc_bound( 1087): [0,15882,com.android.hotwordenrollment.xgoogle]
12-21 19:18:37.300 I/sysui_multi_action( 1087): [757,803,799,sth_stop_recognition,802,1]
12-21 19:18:37.305 I/am_kill ( 1087): [0,13265,com.google.android.apps.youtube.music,999,empty #33]
12-21 19:18:37.369 I/am_uid_running( 1087): 10237
12-21 19:18:37.384 I/am_proc_start( 1087): [0,15909,10237,com.samsung.android.app.notes,broadcast,{com.samsung.android.app.notes/com.samsung.android.app.notes.receiver.SPenEventBroadcastReceiver}]
12-21 19:18:37.409 I/am_proc_died( 1087): [0,13265,com.google.android.apps.youtube.music,0,999,19,271,3896]
12-21 19:18:37.414 I/am_uid_stopped( 1087): 10324
12-21 19:18:37.422 I/am_proc_bound( 1087): [0,15909,com.samsung.android.app.notes]
12-21 19:18:37.577 I/am_kill ( 1087): [0,13381,com.google.android.videos,999,empty #33]
12-21 19:18:37.587 I/am_uid_running( 1087): 10222
12-21 19:18:37.602 I/am_proc_start( 1087): [0,15944,10222,com.sec.android.daemonapp,broadcast,{com.sec.android.daemonapp/com.sec.android.daemonapp.content.receiver.AutoRefreshReceiver}]
12-21 19:18:37.623 I/am_proc_died( 1087): [0,13381,com.google.android.videos,0,999,19,321,3897]
12-21 19:18:37.624 I/am_uid_stopped( 1087): 10276
12-21 19:18:37.632 I/am_proc_bound( 1087): [0,15944,com.sec.android.daemonapp]
12-21 19:18:37.751 I/am_uid_active( 1087): 10222
12-21 19:18:37.799 I/notification_enqueue( 1087): [10222,15944,com.sec.android.daemonapp,4,NULL,0,Notification(channel=weather.notification.refresh shortcut=null contentView=null vibrate=null sound=null defaults=0x0 flags=0x40 color=0x00000000 category=service vis=PRIVATE semFlags=0x0 semPriority=0 semMissedCount=0),0,NULL]
12-21 19:18:37.800 I/am_uid_running( 1087): 10085
12-21 19:18:37.816 I/notification_cancel( 1087): [10222,15944,com.sec.android.daemonapp,4,NULL,0,0,0,8,NULL]
12-21 19:18:37.820 I/am_proc_start( 1087): [0,15989,10085,com.samsung.android.app.galaxyfinder:receiver,broadcast,{com.samsung.android.app.galaxyfinder/com.samsung.android.app.galaxyfinder.receiver.GalaxyFinderReceiver}]
12-21 19:18:37.821 I/power_partial_wake_state( 1087): [18,WXAutoRefreshForegroundService:com.sec.android.daemonapp]
12-21 19:18:37.823 I/am_kill ( 1087): [0,13517,com.inditex.zara,999,empty #33]
12-21 19:18:37.836 I/power_partial_wake_state( 1087): [35,WXAutoRefreshForegroundService:com.sec.android.daemonapp]
12-21 19:18:37.849 I/am_proc_bound( 1087): [0,15989,com.samsung.android.app.galaxyfinder:receiver]
12-21 19:18:37.862 I/am_proc_died( 1087): [0,13517,com.inditex.zara,0,999,19,287,3897]
12-21 19:18:37.863 I/am_uid_stopped( 1087): 10351
12-21 19:18:37.922 I/am_kill ( 1087): [0,13618,com.instagram.android,999,empty #33]
12-21 19:18:37.925 I/am_proc_start( 1087): [0,16018,10085,com.samsung.android.app.galaxyfinder:appservice,service,{com.samsung.android.app.galaxyfinder/com.samsung.android.app.galaxyfinder.acceleration.AppCoreService}]
12-21 19:18:37.928 I/am_uid_running( 1087): 10130
12-21 19:18:37.940 I/am_proc_start( 1087): [0,16030,10130,com.samsung.android.messaging,broadcast,{com.samsung.android.messaging/com.samsung.android.messaging.sticker.receivers.StickerCenterSyncReceiver}]
12-21 19:18:37.956 I/am_proc_bound( 1087): [0,16018,com.samsung.android.app.galaxyfinder:appservice]
12-21 19:18:37.975 I/am_proc_died( 1087): [0,13618,com.instagram.android,0,999,19,289,3897]
12-21 19:18:37.983 I/am_proc_bound( 1087): [0,16030,com.samsung.android.messaging]
12-21 19:18:38.000 I/sysui_multi_action( 1087): [757,1501,758,1,793,201,794,0,795,201,796,4,806,com.sec.android.daemonapp,857,weather.notification.refresh,858,2,947,0,1500,0,1641,service,1688,1]
12-21 19:18:38.001 I/sysui_multi_action( 1087): [757,804,799,note_interruptive,801,0,802,1]
12-21 19:18:38.005 I/sysui_multi_action( 1087): [757,128,758,5,759,8,793,206,794,0,795,206,796,4,806,com.sec.android.daemonapp,857,weather.notification.refresh,858,2,947,0,1500,5,1641,service,1688,1]
12-21 19:18:38.006 I/notification_canceled( 1087): [0|com.sec.android.daemonapp|4|null|10222,8,206,206,0,-1,-1,NULL]
12-21 19:18:38.218 I/am_uid_running( 1087): 10118
12-21 19:18:38.225 I/am_proc_start( 1087): [0,16105,1000,com.samsung.android.dqagent,broadcast,{com.samsung.android.dqagent/com.samsung.android.dqagent.receiver.DQADataReceiver}]
12-21 19:18:38.237 I/am_proc_start( 1087): [0,16111,10118,com.samsung.android.app.contacts,content provider,{com.samsung.android.app.contacts/com.samsung.android.contacts.finder.ContactDeviceSearchProvider}]
12-21 19:18:38.264 I/am_proc_start( 1087): [0,16127,1000,com.android.settings,content provider,{com.android.settings/com.samsung.android.settings.search.devicesearch.DeviceSearchIndexProvider}]
12-21 19:18:38.270 I/am_proc_bound( 1087): [0,16105,com.samsung.android.dqagent]
12-21 19:18:38.289 I/am_proc_bound( 1087): [0,16111,com.samsung.android.app.contacts]
12-21 19:18:38.306 I/am_proc_bound( 1087): [0,16127,com.android.settings]
12-21 19:18:38.481 I/am_uid_running( 1087): 10147
12-21 19:18:38.493 I/am_proc_start( 1087): [0,16199,10147,com.samsung.android.app.tips,content provider,{com.samsung.android.app.tips/com.samsung.android.app.tips.TipsFinderProvider}]
12-21 19:18:38.529 I/am_proc_bound( 1087): [0,16199,com.samsung.android.app.tips]
12-21 19:18:38.564 I/power_partial_wake_state( 1087): [115,*job*/com.samsung.android.app.contacts/com.samsung.android.dialtacts.model.component.service.makesimdbservice.MakeSimDBService:android]
12-21 19:18:38.596 I/power_partial_wake_state( 1087): [8,*gms_scheduler*/com.google.android.gms/.chimera.GmsInternalBoundBrokerService:com.google.android.gms]
12-21 19:18:38.611 I/power_partial_wake_state( 1087): [60,*gms_scheduler*:internal:com.google.android.gms]
12-21 19:18:38.615 I/power_partial_wake_state( 1087): [41,*gms_scheduler*/com.google.android.gms/.icing.proxy.IcingInternalCorporaUpdateService:com.google.android.gms]
12-21 19:18:38.622 I/power_partial_wake_state( 1087): [6,*gms_scheduler*:internal:com.google.android.gms]
12-21 19:18:38.650 I/am_proc_start( 1087): [0,16231,10281,com.samsung.android.oneconnect,broadcast,{com.samsung.android.oneconnect/com.samsung.android.oneconnect.ui.widget.scene.provider.SceneWidget1x1Provider}]
12-21 19:18:38.678 I/am_proc_bound( 1087): [0,16231,com.samsung.android.oneconnect]
12-21 19:18:38.694 I/power_partial_wake_state( 1087): [71,*gms_scheduler*:internal:com.google.android.gms]
12-21 19:18:38.744 I/am_proc_start( 1087): [0,16257,10100,com.google.android.gms.unstable,service,{com.google.android.gms/com.google.android.gms.droidguard.DroidGuardService}]
12-21 19:18:38.768 I/am_proc_bound( 1087): [0,16257,com.google.android.gms.unstable]
12-21 19:18:38.777 I/am_proc_died( 1087): [0,16018,com.samsung.android.app.galaxyfinder:appservice,0,0,10,356,3902]
12-21 19:18:38.786 I/am_kill ( 1087): [0,14033,com.samsung.android.dynamiclock,999,empty #33]
12-21 19:18:38.787 I/am_kill ( 1087): [0,13895,com.samsung.android.voc,999,empty #34]
12-21 19:18:38.787 I/am_kill ( 1087): [0,13763,com.instagram.android:fwkstartlog,999,empty #35]
12-21 19:18:38.788 I/am_kill ( 1087): [0,13786,com.microsoft.office.word,999,empty #36]
12-21 19:18:38.798 I/commit_sys_config_file( 1087): [settings-0-0,15]
12-21 19:18:38.849 I/am_proc_died( 1087): [0,13786,com.microsoft.office.word,0,999,19,343,3906]
12-21 19:18:38.850 I/am_uid_stopped( 1087): 10269
12-21 19:18:38.867 I/notification_cancel( 1087): [10100,16257,com.google.android.gms,10436,NOT_MNC,0,0,1088,8,NULL]
12-21 19:18:38.868 I/notification_cancel( 1087): [10100,16257,com.google.android.gms,39789,NOT_MNC,0,0,1088,8,NULL]
12-21 19:18:38.882 I/am_proc_died( 1087): [0,13895,com.samsung.android.voc,0,999,19,340,3907]
12-21 19:18:38.883 I/am_uid_stopped( 1087): 10280
12-21 19:18:38.896 I/am_proc_died( 1087): [0,14033,com.samsung.android.dynamiclock,0,999,19,337,3908]
12-21 19:18:38.897 I/am_uid_stopped( 1087): 10083
12-21 19:18:38.911 I/am_proc_died( 1087): [0,13763,com.instagram.android:fwkstartlog,0,999,19,333,3908]
12-21 19:18:38.912 I/am_uid_stopped( 1087): 10308
12-21 19:18:39.051 I/am_uid_running( 1087): 10120
12-21 19:18:39.064 I/am_proc_start( 1087): [0,16353,10120,com.samsung.android.scs,service,{com.samsung.android.scs/androidx.work.impl.background.systemjob.SystemJobService}]
12-21 19:18:39.093 I/am_proc_bound( 1087): [0,16353,com.samsung.android.scs]
12-21 19:18:39.214 I/power_partial_wake_state( 1087): [553,*gms_scheduler*/com.google.android.gms/.auth.account.be.legacy.AuthCronService:com.google.android.gms]
12-21 19:18:39.217 I/power_partial_wake_state( 1087): [3,*gms_scheduler*:internal:com.google.android.gms]
12-21 19:18:39.345 I/am_kill ( 1087): [0,13962,com.samsung.sree,999,empty #33]
12-21 19:18:39.345 I/netstats_mobile_sample( 1087): [0,0,0,0,0,0,0,0,0,0,0,0,1671617919480]
12-21 19:18:39.345 I/netstats_wifi_sample( 1087): [2245478,2869,676676,2522,2245478,2869,676676,2522,2243687,2839,676676,2522,1671617919480]
12-21 19:18:39.345 I/power_partial_wake_state( 1087): [8,NetworkStats:android]
12-21 19:18:39.351 I/am_uid_running( 1087): 10093
12-21 19:18:39.355 I/power_partial_wake_state( 1087): [51903,*alarm*:android]
12-21 19:18:39.364 I/am_proc_start( 1087): [0,16416,1001,com.samsung.android.callbgprovider,content provider,{com.samsung.android.callbgprovider/com.samsung.android.callbgprovider.CallBGProvider}]
12-21 19:18:39.394 I/am_proc_start( 1087): [0,16429,10093,com.samsung.android.game.gamehome,broadcast,{com.samsung.android.game.gamehome/com.samsung.android.game.gamehome.receiver.GameLauncherAlarmReceiver}]
12-21 19:18:39.419 I/service_manager_slow(16416): [22,activity]
12-21 19:18:39.426 I/am_proc_bound( 1087): [0,16416,com.samsung.android.callbgprovider]
12-21 19:18:39.435 I/power_partial_wake_state( 1087): [272,*job*/com.samsung.android.scs/androidx.work.impl.background.systemjob.SystemJobService:android]
12-21 19:18:39.442 I/am_kill ( 1087): [0,14078,com.samsungpop.android.mpop,999,empty #33]
12-21 19:18:39.443 I/am_proc_bound( 1087): [0,16429,com.samsung.android.game.gamehome]
12-21 19:18:39.457 I/am_kill ( 1087): [0,14228,com.samsungpop.android.mpop:agent,999,empty #33]
12-21 19:18:39.509 I/am_proc_died( 1087): [0,14078,com.samsungpop.android.mpop,0,999,19,406,3919]
12-21 19:18:39.514 I/power_partial_wake_state( 1087): [4604,*dexopt*:android]
12-21 19:18:39.517 I/am_proc_died( 1087): [0,14228,com.samsungpop.android.mpop:agent,0,999,19,413,3919]
12-21 19:18:39.517 I/am_uid_stopped( 1087): 10286
12-21 19:18:39.522 I/am_proc_start( 1087): [0,16461,1001,com.samsung.android.app.telephonyui:callsettingsprovider,content provider,{com.samsung.android.app.telephonyui/com.samsung.android.app.telephonyui.callsettings.provider.CallSettingsProvider}]
12-21 19:18:39.527 I/power_partial_wake_state( 1087): [5,*dexopt*:android]
12-21 19:18:39.532 I/power_partial_wake_state( 1087): [4,*dexopt*:android]
12-21 19:18:39.537 I/power_partial_wake_state( 1087): [2,*dexopt*:android]
12-21 19:18:39.544 I/power_partial_wake_state( 1087): [6,*dexopt*:android]
12-21 19:18:39.546 I/power_partial_wake_state( 1087): [2,*dexopt*:android]
12-21 19:18:39.548 I/power_partial_wake_state( 1087): [2,*dexopt*:android]
12-21 19:18:39.549 I/power_partial_wake_state( 1087): [1,*dexopt*:android]
12-21 19:18:39.550 I/am_proc_bound( 1087): [0,16461,com.samsung.android.app.telephonyui:callsettingsprovider]
12-21 19:18:39.550 I/power_partial_wake_state( 1087): [0,*dexopt*:android]
12-21 19:18:39.559 I/power_partial_wake_state( 1087): [7,*dexopt*:android]
12-21 19:18:39.560 I/power_partial_wake_state( 1087): [0,*dexopt*:android]
12-21 19:18:39.563 I/power_partial_wake_state( 1087): [3,*dexopt*:android]
12-21 19:18:39.564 I/power_partial_wake_state( 1087): [1,*dexopt*:android]
12-21 19:18:39.579 I/power_partial_wake_state( 1087): [15,*dexopt*:android]
12-21 19:18:39.587 I/am_kill ( 1087): [0,14715,com.google.android.projection.gearhead:provider,999,empty #33]
12-21 19:18:39.590 I/power_partial_wake_state( 1087): [1,*dexopt*:android]
12-21 19:18:39.592 I/power_partial_wake_state( 1087): [1,*dexopt*:android]
12-21 19:18:39.595 I/power_partial_wake_state( 1087): [2,*dexopt*:android]
12-21 19:18:39.596 I/power_partial_wake_state( 1087): [1,*dexopt*:android]
12-21 19:18:39.648 I/am_proc_died( 1087): [0,13962,com.samsung.sree,0,999,19,420,3925]
12-21 19:18:39.651 I/am_uid_stopped( 1087): 10263
12-21 19:18:39.655 I/am_proc_died( 1087): [0,14715,com.google.android.projection.gearhead:provider,0,999,19,418,3926]
12-21 19:18:39.655 I/am_uid_stopped( 1087): 10062
12-21 19:18:39.686 I/am_kill ( 1087): [0,14736,com.ss.android.ugc.trill,945,empty #33]
12-21 19:18:39.694 I/power_partial_wake_state( 1087): [338,*alarm*:android]
12-21 19:18:39.704 I/power_partial_wake_state( 1087): [16,*job*/com.samsung.android.game.gamehome/.service.PlayLogUpdateJobIntentService:android]
12-21 19:18:39.716 I/am_kill ( 1087): [0,14332,com.sds.mysinglesquare,945,empty #33]
12-21 19:18:39.718 I/am_uid_running( 1087): 10148
12-21 19:18:39.734 I/am_proc_start( 1087): [0,16519,10148,com.google.android.apps.turbo,broadcast,{com.google.android.apps.turbo/com.google.android.apps.turbo.deadline.library.PhenotypeCommittedReceiver}]
12-21 19:18:39.758 I/sysui_multi_action( 1087): [757,1717,758,1,759,0]
12-21 19:18:39.759 I/sysui_multi_action( 1087): [757,1717,758,2,759,4]
12-21 19:18:39.759 I/sysui_multi_action( 1087): [757,1717,758,3,759,0]
12-21 19:18:39.780 I/am_proc_bound( 1087): [0,16519,com.google.android.apps.turbo]
12-21 19:18:39.784 I/am_proc_died( 1087): [0,14736,com.ss.android.ugc.trill,0,945,19,496,3937]
12-21 19:18:39.785 I/am_uid_stopped( 1087): 10341
12-21 19:18:39.811 I/am_proc_died( 1087): [0,14332,com.sds.mysinglesquare,0,945,19,501,3936]
12-21 19:18:39.878 I/am_uid_running( 1087): 10115
12-21 19:18:39.885 I/am_kill ( 1087): [0,12232,com.alibaba.aliexpresshd:channel,999,empty #33]
12-21 19:18:39.886 I/am_uid_active( 1087): 10115
12-21 19:18:39.889 I/am_proc_start( 1087): [0,1927,10115,com.android.providers.calendar,broadcast,{com.android.providers.calendar/com.android.providers.calendar.CalendarProviderBroadcastReceiver}]
12-21 19:18:39.939 I/am_proc_bound( 1087): [0,1927,com.android.providers.calendar]
12-21 19:18:39.945 I/am_proc_died( 1087): [0,12232,com.alibaba.aliexpresshd:channel,0,999,19,486,3936]
12-21 19:18:39.946 I/am_uid_stopped( 1087): 10337
12-21 19:18:40.079 I/power_partial_wake_state( 1087): [483,*dexopt*:android]
12-21 19:18:40.080 I/am_kill ( 1087): [0,15175,com.samsung.android.app.routines:RoutineUIProcess,999,empty #33]
12-21 19:18:40.081 I/power_partial_wake_state( 1087): [387,*alarm*:android]
12-21 19:18:40.085 I/power_partial_wake_state( 1087): [4,*dexopt*:android]
12-21 19:18:40.094 I/am_proc_start( 1087): [0,16569,10148,com.google.android.apps.turbo:aab,broadcast,{com.google.android.apps.turbo/com.google.android.libraries.smartbattery.appusage.library.PhenotypeUpdatedReceiver}]
12-21 19:18:40.094 I/power_partial_wake_state( 1087): [9,*dexopt*:android]
12-21 19:18:40.096 I/power_partial_wake_state( 1087): [1,*dexopt*:android]
12-21 19:18:40.103 I/power_partial_wake_state( 1087): [6,*dexopt*:android]
12-21 19:18:40.106 I/am_proc_died( 1087): [0,15175,com.samsung.android.app.routines:RoutineUIProcess,0,999,19,541,3938]
12-21 19:18:40.109 I/power_partial_wake_state( 1087): [6,*dexopt*:android]
12-21 19:18:40.119 I/power_partial_wake_state( 1087): [2,*dexopt*:android]
12-21 19:18:40.122 I/power_partial_wake_state( 1087): [2,*dexopt*:android]
12-21 19:18:40.124 I/power_partial_wake_state( 1087): [2,*dexopt*:android]
12-21 19:18:40.128 I/power_partial_wake_state( 1087): [4,*dexopt*:android]
12-21 19:18:40.134 I/power_partial_wake_state( 1087): [6,*dexopt*:android]
12-21 19:18:40.140 I/power_partial_wake_state( 1087): [5,*dexopt*:android]
12-21 19:18:40.141 I/am_proc_bound( 1087): [0,16569,com.google.android.apps.turbo:aab]
12-21 19:18:40.142 I/power_partial_wake_state( 1087): [1,*dexopt*:android]
12-21 19:18:40.146 I/power_partial_wake_state( 1087): [3,*dexopt*:android]
12-21 19:18:40.153 I/power_partial_wake_state( 1087): [6,*dexopt*:android]
12-21 19:18:40.163 I/power_partial_wake_state( 1087): [9,*dexopt*:android]
12-21 19:18:40.167 I/power_partial_wake_state( 1087): [3,*dexopt*:android]
12-21 19:18:40.181 I/power_partial_wake_state( 1087): [13,*dexopt*:android]
12-21 19:18:40.186 I/power_partial_wake_state( 1087): [4,*dexopt*:android]
12-21 19:18:40.187 I/power_partial_wake_state( 1087): [2,*dexopt*:android]
12-21 19:18:40.190 I/power_partial_wake_state( 1087): [2,*dexopt*:android]
12-21 19:18:40.193 I/power_partial_wake_state( 1087): [2,*dexopt*:android]
12-21 19:18:40.195 I/power_partial_wake_state( 1087): [2,*dexopt*:android]
12-21 19:18:40.196 I/power_partial_wake_state( 1087): [1,*dexopt*:android]
12-21 19:18:40.203 I/power_partial_wake_state( 1087): [7,*dexopt*:android]
12-21 19:18:40.219 I/power_partial_wake_state( 1087): [16,*dexopt*:android]
12-21 19:18:40.221 I/power_partial_wake_state( 1087): [2,*dexopt*:android]
12-21 19:18:40.224 I/power_partial_wake_state( 1087): [1,*dexopt*:android]
12-21 19:18:40.225 I/power_partial_wake_state( 1087): [1,*dexopt*:android]
12-21 19:18:40.233 I/power_partial_wake_state( 1087): [6,*dexopt*:android]
12-21 19:18:40.249 I/power_partial_wake_state( 1087): [15,*dexopt*:android]
12-21 19:18:40.254 I/power_partial_wake_state( 1087): [4,*dexopt*:android]
12-21 19:18:40.256 I/power_partial_wake_state( 1087): [2,*dexopt*:android]
12-21 19:18:40.262 I/power_partial_wake_state( 1087): [6,*dexopt*:android]
12-21 19:18:40.267 I/am_kill ( 1087): [0,15041,com.samsung.android.app.routines,999,empty #33]
12-21 19:18:40.277 I/power_partial_wake_state( 1087): [5,*dexopt*:android]
12-21 19:18:40.280 I/am_proc_start( 1087): [0,16598,10148,com.google.android.apps.turbo:ssb,broadcast,{com.google.android.apps.turbo/com.google.android.libraries.smartbattery.brightness.library.PhenotypeUpdatedReceiver}]
12-21 19:18:40.285 I/power_partial_wake_state( 1087): [5,*dexopt*:android]
12-21 19:18:40.287 I/power_partial_wake_state( 1087): [1,*dexopt*:android]
12-21 19:18:40.297 I/power_partial_wake_state( 1087): [10,*dexopt*:android]
12-21 19:18:40.300 I/power_partial_wake_state( 1087): [2,*dexopt*:android]
12-21 19:18:40.303 I/am_proc_bound( 1087): [0,16598,com.google.android.apps.turbo:ssb]
12-21 19:18:40.304 I/power_partial_wake_state( 1087): [3,*dexopt*:android]
12-21 19:18:40.308 I/power_partial_wake_state( 1087): [1,*dexopt*:android]
12-21 19:18:40.310 I/power_partial_wake_state( 1087): [2,*dexopt*:android]
12-21 19:18:40.312 I/power_partial_wake_state( 1087): [2,*dexopt*:android]
12-21 19:18:40.315 I/power_partial_wake_state( 1087): [3,*dexopt*:android]
12-21 19:18:40.316 I/power_partial_wake_state( 1087): [1,*dexopt*:android]
12-21 19:18:40.327 I/power_partial_wake_state( 1087): [11,*dexopt*:android]
12-21 19:18:40.330 I/power_partial_wake_state( 1087): [2,*dexopt*:android]
12-21 19:18:40.331 I/am_proc_died( 1087): [0,15041,com.samsung.android.app.routines,0,999,19,529,3950]
12-21 19:18:40.332 I/power_partial_wake_state( 1087): [1,*dexopt*:android]
12-21 19:18:40.338 I/power_partial_wake_state( 1087): [1,*dexopt*:android]
12-21 19:18:40.342 I/power_partial_wake_state( 1087): [2,*dexopt*:android]
12-21 19:18:40.343 I/power_partial_wake_state( 1087): [1,*dexopt*:android]
12-21 19:18:40.354 I/power_partial_wake_state( 1087): [9,*dexopt*:android]
12-21 19:18:40.357 I/am_pss  ( 1087): [3429,10261,com.android.providers.media.module,39165952,37253120,173056,151543808,0,0,10]
12-21 19:18:40.362 I/power_partial_wake_state( 1087): [4,*dexopt*:android]
12-21 19:18:40.370 I/am_pss  ( 1087): [2967,1002,com.android.bluetooth,22330368,20004864,172032,139694080,0,0,9]
12-21 19:18:40.370 I/power_partial_wake_state( 1087): [7,*dexopt*:android]
12-21 19:18:40.375 I/power_partial_wake_state( 1087): [4,*dexopt*:android]
12-21 19:18:40.377 I/power_partial_wake_state( 1087): [1,*dexopt*:android]
12-21 19:18:40.381 I/power_partial_wake_state( 1087): [3,*dexopt*:android]
12-21 19:18:40.382 I/am_pss  ( 1087): [3534,1000,com.sec.android.sdhms,37977088,35373056,169984,153423872,0,0,10]
12-21 19:18:40.386 I/power_partial_wake_state( 1087): [5,*dexopt*:android]
12-21 19:18:40.387 I/power_partial_wake_state( 1087): [1,*dexopt*:android]
12-21 19:18:40.389 I/am_uid_running( 1087): 10241
12-21 19:18:40.392 I/power_partial_wake_state( 1087): [4,*dexopt*:android]
12-21 19:18:40.396 I/am_kill ( 1087): [0,15345,com.android.externalstorage,999,empty #33]
12-21 19:18:40.397 I/am_pss  ( 1087): [3485,1000,com.sec.android.diagmonagent,11388928,9580544,172032,123699200,0,0,8]
